?   	github.com/ncw/rclone	[no test files]
=== RUN   TestNewFS
--- PASS: TestNewFS (0.00s)
=== RUN   TestNewFSNoRemote
--- PASS: TestNewFSNoRemote (0.00s)
=== RUN   TestNewFSInvalidRemote
--- PASS: TestNewFSInvalidRemote (0.00s)
PASS
ok  	github.com/ncw/rclone/backend/alias	0.025s
?   	github.com/ncw/rclone/backend/all	[no test files]
?   	github.com/ncw/rclone/backend/amazonclouddrive	[no test files]
=== RUN   TestIntegration
=== RUN   TestIntegration/TestInit
=== RUN   TestIntegration/TestFsString
=== RUN   TestIntegration/TestFsName
=== RUN   TestIntegration/TestFsRoot
=== RUN   TestIntegration/TestFsRmdirEmpty
=== RUN   TestIntegration/TestFsRmdirNotFound
=== RUN   TestIntegration/TestFsMkdir
=== RUN   TestIntegration/TestFsMkdirRmdirSubdir
=== RUN   TestIntegration/TestFsListEmpty
=== RUN   TestIntegration/TestFsListDirEmpty
=== RUN   TestIntegration/TestFsListRDirEmpty
=== RUN   TestIntegration/TestFsListDirNotFound
=== RUN   TestIntegration/TestFsListRDirNotFound
=== RUN   TestIntegration/TestFsNewObjectNotFound
=== RUN   TestIntegration/TestFsPutFile1
=== RUN   TestIntegration/TestFsPutError
=== RUN   TestIntegration/TestFsPutFile2
=== RUN   TestIntegration/TestFsUpdateFile1
=== RUN   TestIntegration/TestFsListDirFile2
=== RUN   TestIntegration/TestFsListRDirFile2
=== RUN   TestIntegration/TestFsListDirRoot
=== RUN   TestIntegration/TestFsListRDirRoot
=== RUN   TestIntegration/TestFsListSubdir
=== RUN   TestIntegration/TestFsListRSubdir
=== RUN   TestIntegration/TestFsListLevel2
=== RUN   TestIntegration/TestFsListRLevel2
=== RUN   TestIntegration/TestFsListFile1
=== RUN   TestIntegration/TestFsNewObject
=== RUN   TestIntegration/TestFsListFile1and2
=== RUN   TestIntegration/TestFsNewObjectDir
=== RUN   TestIntegration/TestFsCopy
=== RUN   TestIntegration/TestFsMove
=== RUN   TestIntegration/TestFsDirMove
=== RUN   TestIntegration/TestFsRmdirFull
=== RUN   TestIntegration/TestFsPrecision
=== RUN   TestIntegration/TestFsChangeNotify
=== RUN   TestIntegration/TestObjectString
=== RUN   TestIntegration/TestObjectFs
=== RUN   TestIntegration/TestObjectRemote
=== RUN   TestIntegration/TestObjectHashes
=== RUN   TestIntegration/TestObjectModTime
=== RUN   TestIntegration/TestObjectMimeType
=== RUN   TestIntegration/TestObjectSetModTime
=== RUN   TestIntegration/TestObjectSize
=== RUN   TestIntegration/TestObjectOpen
=== RUN   TestIntegration/TestObjectOpenSeek
=== RUN   TestIntegration/TestObjectOpenRange
=== RUN   TestIntegration/TestObjectPartialRead
=== RUN   TestIntegration/TestObjectUpdate
=== RUN   TestIntegration/TestObjectStorable
=== RUN   TestIntegration/TestFsIsFile
=== RUN   TestIntegration/TestFsIsFileNotFound
=== RUN   TestIntegration/TestPublicLink
=== RUN   TestIntegration/TestObjectRemove
=== RUN   TestIntegration/TestFsPutStream
=== RUN   TestIntegration/TestObjectAbout
=== RUN   TestIntegration/TestObjectPurge
=== RUN   TestIntegration/TestInternal
=== RUN   TestIntegration/TestFinalise
--- PASS: TestIntegration (0.00s)
    --- SKIP: TestIntegration/TestInit (0.00s)
    	fstests.go:221: Using remote "TestAzureBlob:"
    	fstests.go:175: Didn't find "TestAzureBlob:" in config file - skipping tests
    	fstests.go:184: WARN: "TestAzureBlob:" not configured
    --- SKIP: TestIntegration/TestFsString (0.00s)
    	fstests.go:184: WARN: "TestAzureBlob:" not configured
    --- SKIP: TestIntegration/TestFsName (0.00s)
    	fstests.go:184: WARN: "TestAzureBlob:" not configured
    --- SKIP: TestIntegration/TestFsRoot (0.00s)
    	fstests.go:184: WARN: "TestAzureBlob:" not configured
    --- SKIP: TestIntegration/TestFsRmdirEmpty (0.00s)
    	fstests.go:184: WARN: "TestAzureBlob:" not configured
    --- SKIP: TestIntegration/TestFsRmdirNotFound (0.00s)
    	fstests.go:184: WARN: "TestAzureBlob:" not configured
    --- SKIP: TestIntegration/TestFsMkdir (0.00s)
    	fstests.go:184: WARN: "TestAzureBlob:" not configured
    --- SKIP: TestIntegration/TestFsMkdirRmdirSubdir (0.00s)
    	fstests.go:184: WARN: "TestAzureBlob:" not configured
    --- SKIP: TestIntegration/TestFsListEmpty (0.00s)
    	fstests.go:184: WARN: "TestAzureBlob:" not configured
    --- SKIP: TestIntegration/TestFsListDirEmpty (0.00s)
    	fstests.go:184: WARN: "TestAzureBlob:" not configured
    --- SKIP: TestIntegration/TestFsListRDirEmpty (0.00s)
    	fstests.go:184: WARN: "TestAzureBlob:" not configured
    --- SKIP: TestIntegration/TestFsListDirNotFound (0.00s)
    	fstests.go:184: WARN: "TestAzureBlob:" not configured
    --- SKIP: TestIntegration/TestFsListRDirNotFound (0.00s)
    	fstests.go:184: WARN: "TestAzureBlob:" not configured
    --- SKIP: TestIntegration/TestFsNewObjectNotFound (0.00s)
    	fstests.go:184: WARN: "TestAzureBlob:" not configured
    --- SKIP: TestIntegration/TestFsPutFile1 (0.00s)
    	fstests.go:184: WARN: "TestAzureBlob:" not configured
    --- SKIP: TestIntegration/TestFsPutError (0.00s)
    	fstests.go:184: WARN: "TestAzureBlob:" not configured
    --- SKIP: TestIntegration/TestFsPutFile2 (0.00s)
    	fstests.go:184: WARN: "TestAzureBlob:" not configured
    --- SKIP: TestIntegration/TestFsUpdateFile1 (0.00s)
    	fstests.go:184: WARN: "TestAzureBlob:" not configured
    --- SKIP: TestIntegration/TestFsListDirFile2 (0.00s)
    	fstests.go:184: WARN: "TestAzureBlob:" not configured
    --- SKIP: TestIntegration/TestFsListRDirFile2 (0.00s)
    	fstests.go:184: WARN: "TestAzureBlob:" not configured
    --- SKIP: TestIntegration/TestFsListDirRoot (0.00s)
    	fstests.go:184: WARN: "TestAzureBlob:" not configured
    --- SKIP: TestIntegration/TestFsListRDirRoot (0.00s)
    	fstests.go:184: WARN: "TestAzureBlob:" not configured
    --- SKIP: TestIntegration/TestFsListSubdir (0.00s)
    	fstests.go:184: WARN: "TestAzureBlob:" not configured
    --- SKIP: TestIntegration/TestFsListRSubdir (0.00s)
    	fstests.go:184: WARN: "TestAzureBlob:" not configured
    --- SKIP: TestIntegration/TestFsListLevel2 (0.00s)
    	fstests.go:184: WARN: "TestAzureBlob:" not configured
    --- SKIP: TestIntegration/TestFsListRLevel2 (0.00s)
    	fstests.go:184: WARN: "TestAzureBlob:" not configured
    --- SKIP: TestIntegration/TestFsListFile1 (0.00s)
    	fstests.go:184: WARN: "TestAzureBlob:" not configured
    --- SKIP: TestIntegration/TestFsNewObject (0.00s)
    	fstests.go:184: WARN: "TestAzureBlob:" not configured
    --- SKIP: TestIntegration/TestFsListFile1and2 (0.00s)
    	fstests.go:184: WARN: "TestAzureBlob:" not configured
    --- SKIP: TestIntegration/TestFsNewObjectDir (0.00s)
    	fstests.go:184: WARN: "TestAzureBlob:" not configured
    --- SKIP: TestIntegration/TestFsCopy (0.00s)
    	fstests.go:184: WARN: "TestAzureBlob:" not configured
    --- SKIP: TestIntegration/TestFsMove (0.00s)
    	fstests.go:184: WARN: "TestAzureBlob:" not configured
    --- SKIP: TestIntegration/TestFsDirMove (0.00s)
    	fstests.go:184: WARN: "TestAzureBlob:" not configured
    --- SKIP: TestIntegration/TestFsRmdirFull (0.00s)
    	fstests.go:184: WARN: "TestAzureBlob:" not configured
    --- SKIP: TestIntegration/TestFsPrecision (0.00s)
    	fstests.go:184: WARN: "TestAzureBlob:" not configured
    --- SKIP: TestIntegration/TestFsChangeNotify (0.00s)
    	fstests.go:184: WARN: "TestAzureBlob:" not configured
    --- SKIP: TestIntegration/TestObjectString (0.00s)
    	fstests.go:184: WARN: "TestAzureBlob:" not configured
    --- SKIP: TestIntegration/TestObjectFs (0.00s)
    	fstests.go:184: WARN: "TestAzureBlob:" not configured
    --- SKIP: TestIntegration/TestObjectRemote (0.00s)
    	fstests.go:184: WARN: "TestAzureBlob:" not configured
    --- SKIP: TestIntegration/TestObjectHashes (0.00s)
    	fstests.go:184: WARN: "TestAzureBlob:" not configured
    --- SKIP: TestIntegration/TestObjectModTime (0.00s)
    	fstests.go:184: WARN: "TestAzureBlob:" not configured
    --- SKIP: TestIntegration/TestObjectMimeType (0.00s)
    	fstests.go:184: WARN: "TestAzureBlob:" not configured
    --- SKIP: TestIntegration/TestObjectSetModTime (0.00s)
    	fstests.go:184: WARN: "TestAzureBlob:" not configured
    --- SKIP: TestIntegration/TestObjectSize (0.00s)
    	fstests.go:184: WARN: "TestAzureBlob:" not configured
    --- SKIP: TestIntegration/TestObjectOpen (0.00s)
    	fstests.go:184: WARN: "TestAzureBlob:" not configured
    --- SKIP: TestIntegration/TestObjectOpenSeek (0.00s)
    	fstests.go:184: WARN: "TestAzureBlob:" not configured
    --- SKIP: TestIntegration/TestObjectOpenRange (0.00s)
    	fstests.go:184: WARN: "TestAzureBlob:" not configured
    --- SKIP: TestIntegration/TestObjectPartialRead (0.00s)
    	fstests.go:184: WARN: "TestAzureBlob:" not configured
    --- SKIP: TestIntegration/TestObjectUpdate (0.00s)
    	fstests.go:184: WARN: "TestAzureBlob:" not configured
    --- SKIP: TestIntegration/TestObjectStorable (0.00s)
    	fstests.go:184: WARN: "TestAzureBlob:" not configured
    --- SKIP: TestIntegration/TestFsIsFile (0.00s)
    	fstests.go:184: WARN: "TestAzureBlob:" not configured
    --- SKIP: TestIntegration/TestFsIsFileNotFound (0.00s)
    	fstests.go:184: WARN: "TestAzureBlob:" not configured
    --- SKIP: TestIntegration/TestPublicLink (0.00s)
    	fstests.go:184: WARN: "TestAzureBlob:" not configured
    --- SKIP: TestIntegration/TestObjectRemove (0.00s)
    	fstests.go:184: WARN: "TestAzureBlob:" not configured
    --- SKIP: TestIntegration/TestFsPutStream (0.00s)
    	fstests.go:184: WARN: "TestAzureBlob:" not configured
    --- SKIP: TestIntegration/TestObjectAbout (0.00s)
    	fstests.go:184: WARN: "TestAzureBlob:" not configured
    --- SKIP: TestIntegration/TestObjectPurge (0.00s)
    	fstests.go:184: WARN: "TestAzureBlob:" not configured
    --- SKIP: TestIntegration/TestInternal (0.00s)
    	fstests.go:184: WARN: "TestAzureBlob:" not configured
    --- SKIP: TestIntegration/TestFinalise (0.00s)
    	fstests.go:184: WARN: "TestAzureBlob:" not configured
PASS
ok  	github.com/ncw/rclone/backend/azureblob	0.010s
=== RUN   TestUrlEncode
--- PASS: TestUrlEncode (0.00s)
=== RUN   TestTimeString
--- PASS: TestTimeString (0.00s)
=== RUN   TestParseTimeString
--- PASS: TestParseTimeString (0.00s)
=== RUN   TestIntegration
=== RUN   TestIntegration/TestInit
=== RUN   TestIntegration/TestFsString
=== RUN   TestIntegration/TestFsName
=== RUN   TestIntegration/TestFsRoot
=== RUN   TestIntegration/TestFsRmdirEmpty
=== RUN   TestIntegration/TestFsRmdirNotFound
=== RUN   TestIntegration/TestFsMkdir
=== RUN   TestIntegration/TestFsMkdirRmdirSubdir
=== RUN   TestIntegration/TestFsListEmpty
=== RUN   TestIntegration/TestFsListDirEmpty
=== RUN   TestIntegration/TestFsListRDirEmpty
=== RUN   TestIntegration/TestFsListDirNotFound
=== RUN   TestIntegration/TestFsListRDirNotFound
=== RUN   TestIntegration/TestFsNewObjectNotFound
=== RUN   TestIntegration/TestFsPutFile1
=== RUN   TestIntegration/TestFsPutError
=== RUN   TestIntegration/TestFsPutFile2
=== RUN   TestIntegration/TestFsUpdateFile1
=== RUN   TestIntegration/TestFsListDirFile2
=== RUN   TestIntegration/TestFsListRDirFile2
=== RUN   TestIntegration/TestFsListDirRoot
=== RUN   TestIntegration/TestFsListRDirRoot
=== RUN   TestIntegration/TestFsListSubdir
=== RUN   TestIntegration/TestFsListRSubdir
=== RUN   TestIntegration/TestFsListLevel2
=== RUN   TestIntegration/TestFsListRLevel2
=== RUN   TestIntegration/TestFsListFile1
=== RUN   TestIntegration/TestFsNewObject
=== RUN   TestIntegration/TestFsListFile1and2
=== RUN   TestIntegration/TestFsNewObjectDir
=== RUN   TestIntegration/TestFsCopy
=== RUN   TestIntegration/TestFsMove
=== RUN   TestIntegration/TestFsDirMove
=== RUN   TestIntegration/TestFsRmdirFull
=== RUN   TestIntegration/TestFsPrecision
=== RUN   TestIntegration/TestFsChangeNotify
=== RUN   TestIntegration/TestObjectString
=== RUN   TestIntegration/TestObjectFs
=== RUN   TestIntegration/TestObjectRemote
=== RUN   TestIntegration/TestObjectHashes
=== RUN   TestIntegration/TestObjectModTime
=== RUN   TestIntegration/TestObjectMimeType
=== RUN   TestIntegration/TestObjectSetModTime
=== RUN   TestIntegration/TestObjectSize
=== RUN   TestIntegration/TestObjectOpen
=== RUN   TestIntegration/TestObjectOpenSeek
=== RUN   TestIntegration/TestObjectOpenRange
=== RUN   TestIntegration/TestObjectPartialRead
=== RUN   TestIntegration/TestObjectUpdate
=== RUN   TestIntegration/TestObjectStorable
=== RUN   TestIntegration/TestFsIsFile
=== RUN   TestIntegration/TestFsIsFileNotFound
=== RUN   TestIntegration/TestPublicLink
=== RUN   TestIntegration/TestObjectRemove
=== RUN   TestIntegration/TestFsPutStream
=== RUN   TestIntegration/TestObjectAbout
=== RUN   TestIntegration/TestObjectPurge
=== RUN   TestIntegration/TestInternal
=== RUN   TestIntegration/TestFinalise
--- PASS: TestIntegration (0.01s)
    --- SKIP: TestIntegration/TestInit (0.00s)
    	fstests.go:221: Using remote "TestB2:"
    	fstests.go:175: Didn't find "TestB2:" in config file - skipping tests
    	fstests.go:184: WARN: "TestB2:" not configured
    --- SKIP: TestIntegration/TestFsString (0.00s)
    	fstests.go:184: WARN: "TestB2:" not configured
    --- SKIP: TestIntegration/TestFsName (0.00s)
    	fstests.go:184: WARN: "TestB2:" not configured
    --- SKIP: TestIntegration/TestFsRoot (0.00s)
    	fstests.go:184: WARN: "TestB2:" not configured
    --- SKIP: TestIntegration/TestFsRmdirEmpty (0.00s)
    	fstests.go:184: WARN: "TestB2:" not configured
    --- SKIP: TestIntegration/TestFsRmdirNotFound (0.00s)
    	fstests.go:184: WARN: "TestB2:" not configured
    --- SKIP: TestIntegration/TestFsMkdir (0.00s)
    	fstests.go:184: WARN: "TestB2:" not configured
    --- SKIP: TestIntegration/TestFsMkdirRmdirSubdir (0.00s)
    	fstests.go:184: WARN: "TestB2:" not configured
    --- SKIP: TestIntegration/TestFsListEmpty (0.00s)
    	fstests.go:184: WARN: "TestB2:" not configured
    --- SKIP: TestIntegration/TestFsListDirEmpty (0.00s)
    	fstests.go:184: WARN: "TestB2:" not configured
    --- SKIP: TestIntegration/TestFsListRDirEmpty (0.00s)
    	fstests.go:184: WARN: "TestB2:" not configured
    --- SKIP: TestIntegration/TestFsListDirNotFound (0.00s)
    	fstests.go:184: WARN: "TestB2:" not configured
    --- SKIP: TestIntegration/TestFsListRDirNotFound (0.00s)
    	fstests.go:184: WARN: "TestB2:" not configured
    --- SKIP: TestIntegration/TestFsNewObjectNotFound (0.00s)
    	fstests.go:184: WARN: "TestB2:" not configured
    --- SKIP: TestIntegration/TestFsPutFile1 (0.00s)
    	fstests.go:184: WARN: "TestB2:" not configured
    --- SKIP: TestIntegration/TestFsPutError (0.00s)
    	fstests.go:184: WARN: "TestB2:" not configured
    --- SKIP: TestIntegration/TestFsPutFile2 (0.00s)
    	fstests.go:184: WARN: "TestB2:" not configured
    --- SKIP: TestIntegration/TestFsUpdateFile1 (0.00s)
    	fstests.go:184: WARN: "TestB2:" not configured
    --- SKIP: TestIntegration/TestFsListDirFile2 (0.00s)
    	fstests.go:184: WARN: "TestB2:" not configured
    --- SKIP: TestIntegration/TestFsListRDirFile2 (0.00s)
    	fstests.go:184: WARN: "TestB2:" not configured
    --- SKIP: TestIntegration/TestFsListDirRoot (0.00s)
    	fstests.go:184: WARN: "TestB2:" not configured
    --- SKIP: TestIntegration/TestFsListRDirRoot (0.00s)
    	fstests.go:184: WARN: "TestB2:" not configured
    --- SKIP: TestIntegration/TestFsListSubdir (0.00s)
    	fstests.go:184: WARN: "TestB2:" not configured
    --- SKIP: TestIntegration/TestFsListRSubdir (0.00s)
    	fstests.go:184: WARN: "TestB2:" not configured
    --- SKIP: TestIntegration/TestFsListLevel2 (0.00s)
    	fstests.go:184: WARN: "TestB2:" not configured
    --- SKIP: TestIntegration/TestFsListRLevel2 (0.00s)
    	fstests.go:184: WARN: "TestB2:" not configured
    --- SKIP: TestIntegration/TestFsListFile1 (0.00s)
    	fstests.go:184: WARN: "TestB2:" not configured
    --- SKIP: TestIntegration/TestFsNewObject (0.00s)
    	fstests.go:184: WARN: "TestB2:" not configured
    --- SKIP: TestIntegration/TestFsListFile1and2 (0.00s)
    	fstests.go:184: WARN: "TestB2:" not configured
    --- SKIP: TestIntegration/TestFsNewObjectDir (0.00s)
    	fstests.go:184: WARN: "TestB2:" not configured
    --- SKIP: TestIntegration/TestFsCopy (0.00s)
    	fstests.go:184: WARN: "TestB2:" not configured
    --- SKIP: TestIntegration/TestFsMove (0.00s)
    	fstests.go:184: WARN: "TestB2:" not configured
    --- SKIP: TestIntegration/TestFsDirMove (0.00s)
    	fstests.go:184: WARN: "TestB2:" not configured
    --- SKIP: TestIntegration/TestFsRmdirFull (0.00s)
    	fstests.go:184: WARN: "TestB2:" not configured
    --- SKIP: TestIntegration/TestFsPrecision (0.00s)
    	fstests.go:184: WARN: "TestB2:" not configured
    --- SKIP: TestIntegration/TestFsChangeNotify (0.00s)
    	fstests.go:184: WARN: "TestB2:" not configured
    --- SKIP: TestIntegration/TestObjectString (0.00s)
    	fstests.go:184: WARN: "TestB2:" not configured
    --- SKIP: TestIntegration/TestObjectFs (0.00s)
    	fstests.go:184: WARN: "TestB2:" not configured
    --- SKIP: TestIntegration/TestObjectRemote (0.00s)
    	fstests.go:184: WARN: "TestB2:" not configured
    --- SKIP: TestIntegration/TestObjectHashes (0.00s)
    	fstests.go:184: WARN: "TestB2:" not configured
    --- SKIP: TestIntegration/TestObjectModTime (0.00s)
    	fstests.go:184: WARN: "TestB2:" not configured
    --- SKIP: TestIntegration/TestObjectMimeType (0.00s)
    	fstests.go:184: WARN: "TestB2:" not configured
    --- SKIP: TestIntegration/TestObjectSetModTime (0.00s)
    	fstests.go:184: WARN: "TestB2:" not configured
    --- SKIP: TestIntegration/TestObjectSize (0.00s)
    	fstests.go:184: WARN: "TestB2:" not configured
    --- SKIP: TestIntegration/TestObjectOpen (0.00s)
    	fstests.go:184: WARN: "TestB2:" not configured
    --- SKIP: TestIntegration/TestObjectOpenSeek (0.00s)
    	fstests.go:184: WARN: "TestB2:" not configured
    --- SKIP: TestIntegration/TestObjectOpenRange (0.00s)
    	fstests.go:184: WARN: "TestB2:" not configured
    --- SKIP: TestIntegration/TestObjectPartialRead (0.00s)
    	fstests.go:184: WARN: "TestB2:" not configured
    --- SKIP: TestIntegration/TestObjectUpdate (0.00s)
    	fstests.go:184: WARN: "TestB2:" not configured
    --- SKIP: TestIntegration/TestObjectStorable (0.00s)
    	fstests.go:184: WARN: "TestB2:" not configured
    --- SKIP: TestIntegration/TestFsIsFile (0.00s)
    	fstests.go:184: WARN: "TestB2:" not configured
    --- SKIP: TestIntegration/TestFsIsFileNotFound (0.00s)
    	fstests.go:184: WARN: "TestB2:" not configured
    --- SKIP: TestIntegration/TestPublicLink (0.00s)
    	fstests.go:184: WARN: "TestB2:" not configured
    --- SKIP: TestIntegration/TestObjectRemove (0.00s)
    	fstests.go:184: WARN: "TestB2:" not configured
    --- SKIP: TestIntegration/TestFsPutStream (0.00s)
    	fstests.go:184: WARN: "TestB2:" not configured
    --- SKIP: TestIntegration/TestObjectAbout (0.00s)
    	fstests.go:184: WARN: "TestB2:" not configured
    --- SKIP: TestIntegration/TestObjectPurge (0.00s)
    	fstests.go:184: WARN: "TestB2:" not configured
    --- SKIP: TestIntegration/TestInternal (0.00s)
    	fstests.go:184: WARN: "TestB2:" not configured
    --- SKIP: TestIntegration/TestFinalise (0.00s)
    	fstests.go:184: WARN: "TestB2:" not configured
PASS
ok  	github.com/ncw/rclone/backend/b2	0.012s
=== RUN   TestTimestampMarshalJSON
--- PASS: TestTimestampMarshalJSON (0.00s)
=== RUN   TestTimestampUnmarshalJSON
--- PASS: TestTimestampUnmarshalJSON (0.00s)
=== RUN   TestTimestampAddVersion
--- PASS: TestTimestampAddVersion (0.00s)
=== RUN   TestTimestampRemoveVersion
--- PASS: TestTimestampRemoveVersion (0.00s)
=== RUN   TestTimestampIsZero
--- PASS: TestTimestampIsZero (0.00s)
=== RUN   TestTimestampEqual
--- PASS: TestTimestampEqual (0.00s)
PASS
ok  	github.com/ncw/rclone/backend/b2/api	0.008s
=== RUN   TestIntegration
=== RUN   TestIntegration/TestInit
=== RUN   TestIntegration/TestFsString
=== RUN   TestIntegration/TestFsName
=== RUN   TestIntegration/TestFsRoot
=== RUN   TestIntegration/TestFsRmdirEmpty
=== RUN   TestIntegration/TestFsRmdirNotFound
=== RUN   TestIntegration/TestFsMkdir
=== RUN   TestIntegration/TestFsMkdirRmdirSubdir
=== RUN   TestIntegration/TestFsListEmpty
=== RUN   TestIntegration/TestFsListDirEmpty
=== RUN   TestIntegration/TestFsListRDirEmpty
=== RUN   TestIntegration/TestFsListDirNotFound
=== RUN   TestIntegration/TestFsListRDirNotFound
=== RUN   TestIntegration/TestFsNewObjectNotFound
=== RUN   TestIntegration/TestFsPutFile1
=== RUN   TestIntegration/TestFsPutError
=== RUN   TestIntegration/TestFsPutFile2
=== RUN   TestIntegration/TestFsUpdateFile1
=== RUN   TestIntegration/TestFsListDirFile2
=== RUN   TestIntegration/TestFsListRDirFile2
=== RUN   TestIntegration/TestFsListDirRoot
=== RUN   TestIntegration/TestFsListRDirRoot
=== RUN   TestIntegration/TestFsListSubdir
=== RUN   TestIntegration/TestFsListRSubdir
=== RUN   TestIntegration/TestFsListLevel2
=== RUN   TestIntegration/TestFsListRLevel2
=== RUN   TestIntegration/TestFsListFile1
=== RUN   TestIntegration/TestFsNewObject
=== RUN   TestIntegration/TestFsListFile1and2
=== RUN   TestIntegration/TestFsNewObjectDir
=== RUN   TestIntegration/TestFsCopy
=== RUN   TestIntegration/TestFsMove
=== RUN   TestIntegration/TestFsDirMove
=== RUN   TestIntegration/TestFsRmdirFull
=== RUN   TestIntegration/TestFsPrecision
=== RUN   TestIntegration/TestFsChangeNotify
=== RUN   TestIntegration/TestObjectString
=== RUN   TestIntegration/TestObjectFs
=== RUN   TestIntegration/TestObjectRemote
=== RUN   TestIntegration/TestObjectHashes
=== RUN   TestIntegration/TestObjectModTime
=== RUN   TestIntegration/TestObjectMimeType
=== RUN   TestIntegration/TestObjectSetModTime
=== RUN   TestIntegration/TestObjectSize
=== RUN   TestIntegration/TestObjectOpen
=== RUN   TestIntegration/TestObjectOpenSeek
=== RUN   TestIntegration/TestObjectOpenRange
=== RUN   TestIntegration/TestObjectPartialRead
=== RUN   TestIntegration/TestObjectUpdate
=== RUN   TestIntegration/TestObjectStorable
=== RUN   TestIntegration/TestFsIsFile
=== RUN   TestIntegration/TestFsIsFileNotFound
=== RUN   TestIntegration/TestPublicLink
=== RUN   TestIntegration/TestObjectRemove
=== RUN   TestIntegration/TestFsPutStream
=== RUN   TestIntegration/TestObjectAbout
=== RUN   TestIntegration/TestObjectPurge
=== RUN   TestIntegration/TestInternal
=== RUN   TestIntegration/TestFinalise
--- PASS: TestIntegration (0.00s)
    --- SKIP: TestIntegration/TestInit (0.00s)
    	fstests.go:221: Using remote "TestBox:"
    	fstests.go:175: Didn't find "TestBox:" in config file - skipping tests
    	fstests.go:184: WARN: "TestBox:" not configured
    --- SKIP: TestIntegration/TestFsString (0.00s)
    	fstests.go:184: WARN: "TestBox:" not configured
    --- SKIP: TestIntegration/TestFsName (0.00s)
    	fstests.go:184: WARN: "TestBox:" not configured
    --- SKIP: TestIntegration/TestFsRoot (0.00s)
    	fstests.go:184: WARN: "TestBox:" not configured
    --- SKIP: TestIntegration/TestFsRmdirEmpty (0.00s)
    	fstests.go:184: WARN: "TestBox:" not configured
    --- SKIP: TestIntegration/TestFsRmdirNotFound (0.00s)
    	fstests.go:184: WARN: "TestBox:" not configured
    --- SKIP: TestIntegration/TestFsMkdir (0.00s)
    	fstests.go:184: WARN: "TestBox:" not configured
    --- SKIP: TestIntegration/TestFsMkdirRmdirSubdir (0.00s)
    	fstests.go:184: WARN: "TestBox:" not configured
    --- SKIP: TestIntegration/TestFsListEmpty (0.00s)
    	fstests.go:184: WARN: "TestBox:" not configured
    --- SKIP: TestIntegration/TestFsListDirEmpty (0.00s)
    	fstests.go:184: WARN: "TestBox:" not configured
    --- SKIP: TestIntegration/TestFsListRDirEmpty (0.00s)
    	fstests.go:184: WARN: "TestBox:" not configured
    --- SKIP: TestIntegration/TestFsListDirNotFound (0.00s)
    	fstests.go:184: WARN: "TestBox:" not configured
    --- SKIP: TestIntegration/TestFsListRDirNotFound (0.00s)
    	fstests.go:184: WARN: "TestBox:" not configured
    --- SKIP: TestIntegration/TestFsNewObjectNotFound (0.00s)
    	fstests.go:184: WARN: "TestBox:" not configured
    --- SKIP: TestIntegration/TestFsPutFile1 (0.00s)
    	fstests.go:184: WARN: "TestBox:" not configured
    --- SKIP: TestIntegration/TestFsPutError (0.00s)
    	fstests.go:184: WARN: "TestBox:" not configured
    --- SKIP: TestIntegration/TestFsPutFile2 (0.00s)
    	fstests.go:184: WARN: "TestBox:" not configured
    --- SKIP: TestIntegration/TestFsUpdateFile1 (0.00s)
    	fstests.go:184: WARN: "TestBox:" not configured
    --- SKIP: TestIntegration/TestFsListDirFile2 (0.00s)
    	fstests.go:184: WARN: "TestBox:" not configured
    --- SKIP: TestIntegration/TestFsListRDirFile2 (0.00s)
    	fstests.go:184: WARN: "TestBox:" not configured
    --- SKIP: TestIntegration/TestFsListDirRoot (0.00s)
    	fstests.go:184: WARN: "TestBox:" not configured
    --- SKIP: TestIntegration/TestFsListRDirRoot (0.00s)
    	fstests.go:184: WARN: "TestBox:" not configured
    --- SKIP: TestIntegration/TestFsListSubdir (0.00s)
    	fstests.go:184: WARN: "TestBox:" not configured
    --- SKIP: TestIntegration/TestFsListRSubdir (0.00s)
    	fstests.go:184: WARN: "TestBox:" not configured
    --- SKIP: TestIntegration/TestFsListLevel2 (0.00s)
    	fstests.go:184: WARN: "TestBox:" not configured
    --- SKIP: TestIntegration/TestFsListRLevel2 (0.00s)
    	fstests.go:184: WARN: "TestBox:" not configured
    --- SKIP: TestIntegration/TestFsListFile1 (0.00s)
    	fstests.go:184: WARN: "TestBox:" not configured
    --- SKIP: TestIntegration/TestFsNewObject (0.00s)
    	fstests.go:184: WARN: "TestBox:" not configured
    --- SKIP: TestIntegration/TestFsListFile1and2 (0.00s)
    	fstests.go:184: WARN: "TestBox:" not configured
    --- SKIP: TestIntegration/TestFsNewObjectDir (0.00s)
    	fstests.go:184: WARN: "TestBox:" not configured
    --- SKIP: TestIntegration/TestFsCopy (0.00s)
    	fstests.go:184: WARN: "TestBox:" not configured
    --- SKIP: TestIntegration/TestFsMove (0.00s)
    	fstests.go:184: WARN: "TestBox:" not configured
    --- SKIP: TestIntegration/TestFsDirMove (0.00s)
    	fstests.go:184: WARN: "TestBox:" not configured
    --- SKIP: TestIntegration/TestFsRmdirFull (0.00s)
    	fstests.go:184: WARN: "TestBox:" not configured
    --- SKIP: TestIntegration/TestFsPrecision (0.00s)
    	fstests.go:184: WARN: "TestBox:" not configured
    --- SKIP: TestIntegration/TestFsChangeNotify (0.00s)
    	fstests.go:184: WARN: "TestBox:" not configured
    --- SKIP: TestIntegration/TestObjectString (0.00s)
    	fstests.go:184: WARN: "TestBox:" not configured
    --- SKIP: TestIntegration/TestObjectFs (0.00s)
    	fstests.go:184: WARN: "TestBox:" not configured
    --- SKIP: TestIntegration/TestObjectRemote (0.00s)
    	fstests.go:184: WARN: "TestBox:" not configured
    --- SKIP: TestIntegration/TestObjectHashes (0.00s)
    	fstests.go:184: WARN: "TestBox:" not configured
    --- SKIP: TestIntegration/TestObjectModTime (0.00s)
    	fstests.go:184: WARN: "TestBox:" not configured
    --- SKIP: TestIntegration/TestObjectMimeType (0.00s)
    	fstests.go:184: WARN: "TestBox:" not configured
    --- SKIP: TestIntegration/TestObjectSetModTime (0.00s)
    	fstests.go:184: WARN: "TestBox:" not configured
    --- SKIP: TestIntegration/TestObjectSize (0.00s)
    	fstests.go:184: WARN: "TestBox:" not configured
    --- SKIP: TestIntegration/TestObjectOpen (0.00s)
    	fstests.go:184: WARN: "TestBox:" not configured
    --- SKIP: TestIntegration/TestObjectOpenSeek (0.00s)
    	fstests.go:184: WARN: "TestBox:" not configured
    --- SKIP: TestIntegration/TestObjectOpenRange (0.00s)
    	fstests.go:184: WARN: "TestBox:" not configured
    --- SKIP: TestIntegration/TestObjectPartialRead (0.00s)
    	fstests.go:184: WARN: "TestBox:" not configured
    --- SKIP: TestIntegration/TestObjectUpdate (0.00s)
    	fstests.go:184: WARN: "TestBox:" not configured
    --- SKIP: TestIntegration/TestObjectStorable (0.00s)
    	fstests.go:184: WARN: "TestBox:" not configured
    --- SKIP: TestIntegration/TestFsIsFile (0.00s)
    	fstests.go:184: WARN: "TestBox:" not configured
    --- SKIP: TestIntegration/TestFsIsFileNotFound (0.00s)
    	fstests.go:184: WARN: "TestBox:" not configured
    --- SKIP: TestIntegration/TestPublicLink (0.00s)
    	fstests.go:184: WARN: "TestBox:" not configured
    --- SKIP: TestIntegration/TestObjectRemove (0.00s)
    	fstests.go:184: WARN: "TestBox:" not configured
    --- SKIP: TestIntegration/TestFsPutStream (0.00s)
    	fstests.go:184: WARN: "TestBox:" not configured
    --- SKIP: TestIntegration/TestObjectAbout (0.00s)
    	fstests.go:184: WARN: "TestBox:" not configured
    --- SKIP: TestIntegration/TestObjectPurge (0.00s)
    	fstests.go:184: WARN: "TestBox:" not configured
    --- SKIP: TestIntegration/TestInternal (0.00s)
    	fstests.go:184: WARN: "TestBox:" not configured
    --- SKIP: TestIntegration/TestFinalise (0.00s)
    	fstests.go:184: WARN: "TestBox:" not configured
PASS
ok  	github.com/ncw/rclone/backend/box	0.013s
?   	github.com/ncw/rclone/backend/box/api	[no test files]
2018/06/11 14:26:23 Running with the following params: 
 remote: TestInternalCache, 
 mount: false
2018/06/11 14:26:23 Mount Dir: /tmp/rclonecache-mount494319847
2018/06/11 14:26:23 Temp Upload Dir: /tmp/rclonecache-tmp397500698
=== RUN   TestInternalListRootAndInnerRemotes
--- SKIP: TestInternalListRootAndInnerRemotes (0.00s)
	cache_internal_test.go:926: Need remote (TestInternalCache) to exist
=== RUN   TestInternalObjWrapFsFound
--- SKIP: TestInternalObjWrapFsFound (0.00s)
	cache_internal_test.go:926: Need remote (TestInternalCache) to exist
=== RUN   TestInternalObjNotFound
--- PASS: TestInternalObjNotFound (0.02s)
=== RUN   TestInternalRemoteWrittenFileFoundInMount
--- SKIP: TestInternalRemoteWrittenFileFoundInMount (0.00s)
	cache_internal_test.go:281: test needs mount mode
=== RUN   TestInternalCachedWrittenContentMatches
--- PASS: TestInternalCachedWrittenContentMatches (3.77s)
=== RUN   TestInternalDoubleWrittenContentMatches
--- PASS: TestInternalDoubleWrittenContentMatches (1.53s)
=== RUN   TestInternalCachedUpdatedContentMatches
--- PASS: TestInternalCachedUpdatedContentMatches (1.52s)
=== RUN   TestInternalWrappedWrittenContentMatches
--- SKIP: TestInternalWrappedWrittenContentMatches (0.00s)
	cache_internal_test.go:926: Need remote (TestInternalCache) to exist
=== RUN   TestInternalLargeWrittenContentMatches
--- SKIP: TestInternalLargeWrittenContentMatches (0.00s)
	cache_internal_test.go:926: Need remote (TestInternalCache) to exist
=== RUN   TestInternalWrappedFsChangeNotSeen
2018/06/11 14:26:32 original size: 23592960
2018/06/11 14:26:32 updated size: 12
--- PASS: TestInternalWrappedFsChangeNotSeen (2.41s)
=== RUN   TestInternalMoveWithNotify
--- SKIP: TestInternalMoveWithNotify (0.01s)
	cache_internal_test.go:495: Not external
=== RUN   TestInternalChangeSeenAfterDirCacheFlush
--- PASS: TestInternalChangeSeenAfterDirCacheFlush (2.18s)
=== RUN   TestInternalChangeSeenAfterRc
2018/06/11 14:26:34 NOTICE: Serving remote control on http://127.0.0.1:5572/
--- SKIP: TestInternalChangeSeenAfterRc (0.01s)
	cache_internal_test.go:619: needs mount
=== RUN   TestInternalCacheWrites
--- PASS: TestInternalCacheWrites (2.50s)
=== RUN   TestInternalMaxChunkSizeRespected
--- PASS: TestInternalMaxChunkSizeRespected (17.71s)
=== RUN   TestInternalExpiredEntriesRemoved
--- SKIP: TestInternalExpiredEntriesRemoved (0.00s)
	cache_internal_test.go:926: Need remote (TestInternalCache) to exist
=== RUN   TestInternalBug2117
2018/06/11 14:26:54 len: 1
2018/06/11 14:27:24 len: 1
2018/06/11 14:27:24 len: 4
2018/06/11 14:27:24 len: 4
--- PASS: TestInternalBug2117 (30.05s)
=== RUN   TestIntegration
=== RUN   TestIntegration/TestInit
=== RUN   TestIntegration/TestFsString
=== RUN   TestIntegration/TestFsName
=== RUN   TestIntegration/TestFsRoot
=== RUN   TestIntegration/TestFsRmdirEmpty
=== RUN   TestIntegration/TestFsRmdirNotFound
=== RUN   TestIntegration/TestFsMkdir
=== RUN   TestIntegration/TestFsMkdirRmdirSubdir
=== RUN   TestIntegration/TestFsListEmpty
=== RUN   TestIntegration/TestFsListDirEmpty
=== RUN   TestIntegration/TestFsListRDirEmpty
=== RUN   TestIntegration/TestFsListDirNotFound
=== RUN   TestIntegration/TestFsListRDirNotFound
=== RUN   TestIntegration/TestFsNewObjectNotFound
=== RUN   TestIntegration/TestFsPutFile1
=== RUN   TestIntegration/TestFsPutError
=== RUN   TestIntegration/TestFsPutFile2
=== RUN   TestIntegration/TestFsUpdateFile1
=== RUN   TestIntegration/TestFsListDirFile2
=== RUN   TestIntegration/TestFsListRDirFile2
=== RUN   TestIntegration/TestFsListDirRoot
=== RUN   TestIntegration/TestFsListRDirRoot
=== RUN   TestIntegration/TestFsListSubdir
=== RUN   TestIntegration/TestFsListRSubdir
=== RUN   TestIntegration/TestFsListLevel2
=== RUN   TestIntegration/TestFsListRLevel2
=== RUN   TestIntegration/TestFsListFile1
=== RUN   TestIntegration/TestFsNewObject
=== RUN   TestIntegration/TestFsListFile1and2
=== RUN   TestIntegration/TestFsNewObjectDir
=== RUN   TestIntegration/TestFsCopy
=== RUN   TestIntegration/TestFsMove
=== RUN   TestIntegration/TestFsDirMove
=== RUN   TestIntegration/TestFsRmdirFull
=== RUN   TestIntegration/TestFsPrecision
=== RUN   TestIntegration/TestFsChangeNotify
=== RUN   TestIntegration/TestObjectString
=== RUN   TestIntegration/TestObjectFs
=== RUN   TestIntegration/TestObjectRemote
=== RUN   TestIntegration/TestObjectHashes
=== RUN   TestIntegration/TestObjectModTime
=== RUN   TestIntegration/TestObjectMimeType
=== RUN   TestIntegration/TestObjectSetModTime
=== RUN   TestIntegration/TestObjectSize
=== RUN   TestIntegration/TestObjectOpen
=== RUN   TestIntegration/TestObjectOpenSeek
=== RUN   TestIntegration/TestObjectOpenRange
=== RUN   TestIntegration/TestObjectPartialRead
=== RUN   TestIntegration/TestObjectUpdate
=== RUN   TestIntegration/TestObjectStorable
=== RUN   TestIntegration/TestFsIsFile
=== RUN   TestIntegration/TestFsIsFileNotFound
=== RUN   TestIntegration/TestPublicLink
=== RUN   TestIntegration/TestObjectRemove
=== RUN   TestIntegration/TestFsPutStream
=== RUN   TestIntegration/TestObjectAbout
=== RUN   TestIntegration/TestObjectPurge
=== RUN   TestIntegration/TestInternal
=== RUN   TestIntegration/TestFinalise
--- PASS: TestIntegration (0.00s)
    --- SKIP: TestIntegration/TestInit (0.00s)
    	fstests.go:221: Using remote "TestCache:"
    	fstests.go:175: Didn't find "TestCache:" in config file - skipping tests
    	fstests.go:184: WARN: "TestCache:" not configured
    --- SKIP: TestIntegration/TestFsString (0.00s)
    	fstests.go:184: WARN: "TestCache:" not configured
    --- SKIP: TestIntegration/TestFsName (0.00s)
    	fstests.go:184: WARN: "TestCache:" not configured
    --- SKIP: TestIntegration/TestFsRoot (0.00s)
    	fstests.go:184: WARN: "TestCache:" not configured
    --- SKIP: TestIntegration/TestFsRmdirEmpty (0.00s)
    	fstests.go:184: WARN: "TestCache:" not configured
    --- SKIP: TestIntegration/TestFsRmdirNotFound (0.00s)
    	fstests.go:184: WARN: "TestCache:" not configured
    --- SKIP: TestIntegration/TestFsMkdir (0.00s)
    	fstests.go:184: WARN: "TestCache:" not configured
    --- SKIP: TestIntegration/TestFsMkdirRmdirSubdir (0.00s)
    	fstests.go:184: WARN: "TestCache:" not configured
    --- SKIP: TestIntegration/TestFsListEmpty (0.00s)
    	fstests.go:184: WARN: "TestCache:" not configured
    --- SKIP: TestIntegration/TestFsListDirEmpty (0.00s)
    	fstests.go:184: WARN: "TestCache:" not configured
    --- SKIP: TestIntegration/TestFsListRDirEmpty (0.00s)
    	fstests.go:184: WARN: "TestCache:" not configured
    --- SKIP: TestIntegration/TestFsListDirNotFound (0.00s)
    	fstests.go:184: WARN: "TestCache:" not configured
    --- SKIP: TestIntegration/TestFsListRDirNotFound (0.00s)
    	fstests.go:184: WARN: "TestCache:" not configured
    --- SKIP: TestIntegration/TestFsNewObjectNotFound (0.00s)
    	fstests.go:184: WARN: "TestCache:" not configured
    --- SKIP: TestIntegration/TestFsPutFile1 (0.00s)
    	fstests.go:184: WARN: "TestCache:" not configured
    --- SKIP: TestIntegration/TestFsPutError (0.00s)
    	fstests.go:184: WARN: "TestCache:" not configured
    --- SKIP: TestIntegration/TestFsPutFile2 (0.00s)
    	fstests.go:184: WARN: "TestCache:" not configured
    --- SKIP: TestIntegration/TestFsUpdateFile1 (0.00s)
    	fstests.go:184: WARN: "TestCache:" not configured
    --- SKIP: TestIntegration/TestFsListDirFile2 (0.00s)
    	fstests.go:184: WARN: "TestCache:" not configured
    --- SKIP: TestIntegration/TestFsListRDirFile2 (0.00s)
    	fstests.go:184: WARN: "TestCache:" not configured
    --- SKIP: TestIntegration/TestFsListDirRoot (0.00s)
    	fstests.go:184: WARN: "TestCache:" not configured
    --- SKIP: TestIntegration/TestFsListRDirRoot (0.00s)
    	fstests.go:184: WARN: "TestCache:" not configured
    --- SKIP: TestIntegration/TestFsListSubdir (0.00s)
    	fstests.go:184: WARN: "TestCache:" not configured
    --- SKIP: TestIntegration/TestFsListRSubdir (0.00s)
    	fstests.go:184: WARN: "TestCache:" not configured
    --- SKIP: TestIntegration/TestFsListLevel2 (0.00s)
    	fstests.go:184: WARN: "TestCache:" not configured
    --- SKIP: TestIntegration/TestFsListRLevel2 (0.00s)
    	fstests.go:184: WARN: "TestCache:" not configured
    --- SKIP: TestIntegration/TestFsListFile1 (0.00s)
    	fstests.go:184: WARN: "TestCache:" not configured
    --- SKIP: TestIntegration/TestFsNewObject (0.00s)
    	fstests.go:184: WARN: "TestCache:" not configured
    --- SKIP: TestIntegration/TestFsListFile1and2 (0.00s)
    	fstests.go:184: WARN: "TestCache:" not configured
    --- SKIP: TestIntegration/TestFsNewObjectDir (0.00s)
    	fstests.go:184: WARN: "TestCache:" not configured
    --- SKIP: TestIntegration/TestFsCopy (0.00s)
    	fstests.go:184: WARN: "TestCache:" not configured
    --- SKIP: TestIntegration/TestFsMove (0.00s)
    	fstests.go:184: WARN: "TestCache:" not configured
    --- SKIP: TestIntegration/TestFsDirMove (0.00s)
    	fstests.go:184: WARN: "TestCache:" not configured
    --- SKIP: TestIntegration/TestFsRmdirFull (0.00s)
    	fstests.go:184: WARN: "TestCache:" not configured
    --- SKIP: TestIntegration/TestFsPrecision (0.00s)
    	fstests.go:184: WARN: "TestCache:" not configured
    --- SKIP: TestIntegration/TestFsChangeNotify (0.00s)
    	fstests.go:184: WARN: "TestCache:" not configured
    --- SKIP: TestIntegration/TestObjectString (0.00s)
    	fstests.go:184: WARN: "TestCache:" not configured
    --- SKIP: TestIntegration/TestObjectFs (0.00s)
    	fstests.go:184: WARN: "TestCache:" not configured
    --- SKIP: TestIntegration/TestObjectRemote (0.00s)
    	fstests.go:184: WARN: "TestCache:" not configured
    --- SKIP: TestIntegration/TestObjectHashes (0.00s)
    	fstests.go:184: WARN: "TestCache:" not configured
    --- SKIP: TestIntegration/TestObjectModTime (0.00s)
    	fstests.go:184: WARN: "TestCache:" not configured
    --- SKIP: TestIntegration/TestObjectMimeType (0.00s)
    	fstests.go:184: WARN: "TestCache:" not configured
    --- SKIP: TestIntegration/TestObjectSetModTime (0.00s)
    	fstests.go:184: WARN: "TestCache:" not configured
    --- SKIP: TestIntegration/TestObjectSize (0.00s)
    	fstests.go:184: WARN: "TestCache:" not configured
    --- SKIP: TestIntegration/TestObjectOpen (0.00s)
    	fstests.go:184: WARN: "TestCache:" not configured
    --- SKIP: TestIntegration/TestObjectOpenSeek (0.00s)
    	fstests.go:184: WARN: "TestCache:" not configured
    --- SKIP: TestIntegration/TestObjectOpenRange (0.00s)
    	fstests.go:184: WARN: "TestCache:" not configured
    --- SKIP: TestIntegration/TestObjectPartialRead (0.00s)
    	fstests.go:184: WARN: "TestCache:" not configured
    --- SKIP: TestIntegration/TestObjectUpdate (0.00s)
    	fstests.go:184: WARN: "TestCache:" not configured
    --- SKIP: TestIntegration/TestObjectStorable (0.00s)
    	fstests.go:184: WARN: "TestCache:" not configured
    --- SKIP: TestIntegration/TestFsIsFile (0.00s)
    	fstests.go:184: WARN: "TestCache:" not configured
    --- SKIP: TestIntegration/TestFsIsFileNotFound (0.00s)
    	fstests.go:184: WARN: "TestCache:" not configured
    --- SKIP: TestIntegration/TestPublicLink (0.00s)
    	fstests.go:184: WARN: "TestCache:" not configured
    --- SKIP: TestIntegration/TestObjectRemove (0.00s)
    	fstests.go:184: WARN: "TestCache:" not configured
    --- SKIP: TestIntegration/TestFsPutStream (0.00s)
    	fstests.go:184: WARN: "TestCache:" not configured
    --- SKIP: TestIntegration/TestObjectAbout (0.00s)
    	fstests.go:184: WARN: "TestCache:" not configured
    --- SKIP: TestIntegration/TestObjectPurge (0.00s)
    	fstests.go:184: WARN: "TestCache:" not configured
    --- SKIP: TestIntegration/TestInternal (0.00s)
    	fstests.go:184: WARN: "TestCache:" not configured
    --- SKIP: TestIntegration/TestFinalise (0.00s)
    	fstests.go:184: WARN: "TestCache:" not configured
=== RUN   TestInternalUploadTempDirCreated
--- PASS: TestInternalUploadTempDirCreated (1.01s)
=== RUN   TestInternalUploadQueueOneFileNoRest
--- SKIP: TestInternalUploadQueueOneFileNoRest (0.00s)
	cache_internal_test.go:926: Need remote (TestInternalCache) to exist
=== RUN   TestInternalUploadQueueOneFileWithRest
--- SKIP: TestInternalUploadQueueOneFileWithRest (0.00s)
	cache_internal_test.go:926: Need remote (TestInternalCache) to exist
=== RUN   TestInternalUploadMoveExistingFile
--- SKIP: TestInternalUploadMoveExistingFile (0.00s)
	cache_internal_test.go:926: Need remote (TestInternalCache) to exist
=== RUN   TestInternalUploadTempPathCleaned
--- SKIP: TestInternalUploadTempPathCleaned (0.00s)
	cache_internal_test.go:926: Need remote (TestInternalCache) to exist
=== RUN   TestInternalUploadQueueMoreFiles
--- SKIP: TestInternalUploadQueueMoreFiles (0.00s)
	cache_internal_test.go:926: Need remote (TestInternalCache) to exist
=== RUN   TestInternalUploadTempFileOperations
--- SKIP: TestInternalUploadTempFileOperations (0.00s)
	cache_internal_test.go:926: Need remote (TestInternalCache) to exist
=== RUN   TestInternalUploadUploadingFileOperations
--- SKIP: TestInternalUploadUploadingFileOperations (0.00s)
	cache_internal_test.go:926: Need remote (TestInternalCache) to exist
PASS
ok  	github.com/ncw/rclone/backend/cache	62.747s
=== RUN   TestNewNameEncryptionMode
--- PASS: TestNewNameEncryptionMode (0.00s)
=== RUN   TestNewNameEncryptionModeString
--- PASS: TestNewNameEncryptionModeString (0.00s)
=== RUN   TestValidString
--- PASS: TestValidString (0.00s)
=== RUN   TestEncodeFileName
--- PASS: TestEncodeFileName (0.00s)
=== RUN   TestDecodeFileName
--- PASS: TestDecodeFileName (0.00s)
=== RUN   TestEncryptSegment
--- PASS: TestEncryptSegment (0.00s)
=== RUN   TestDecryptSegment
--- PASS: TestDecryptSegment (0.00s)
=== RUN   TestEncryptFileName
--- PASS: TestEncryptFileName (0.00s)
=== RUN   TestDecryptFileName
--- PASS: TestDecryptFileName (0.00s)
=== RUN   TestEncDecMatches
--- PASS: TestEncDecMatches (0.00s)
=== RUN   TestEncryptDirName
--- PASS: TestEncryptDirName (0.00s)
=== RUN   TestDecryptDirName
--- PASS: TestDecryptDirName (0.00s)
=== RUN   TestEncryptedSize
--- PASS: TestEncryptedSize (0.00s)
=== RUN   TestDecryptedSize
--- PASS: TestDecryptedSize (0.00s)
=== RUN   TestNoncePointer
--- PASS: TestNoncePointer (0.00s)
=== RUN   TestNonceFromReader
--- PASS: TestNonceFromReader (0.00s)
=== RUN   TestNonceFromBuf
--- PASS: TestNonceFromBuf (0.00s)
=== RUN   TestNonceIncrement
--- PASS: TestNonceIncrement (0.00s)
=== RUN   TestNonceAdd
--- PASS: TestNonceAdd (0.00s)
=== RUN   TestRandomSource
--- PASS: TestRandomSource (0.87s)
=== RUN   TestEncryptDecrypt1
--- PASS: TestEncryptDecrypt1 (1.76s)
=== RUN   TestEncryptDecrypt32
--- PASS: TestEncryptDecrypt32 (1.55s)
=== RUN   TestEncryptDecrypt4096
--- PASS: TestEncryptDecrypt4096 (1.40s)
=== RUN   TestEncryptDecrypt65536
--- PASS: TestEncryptDecrypt65536 (1.11s)
=== RUN   TestEncryptDecrypt65537
--- PASS: TestEncryptDecrypt65537 (1.39s)
=== RUN   TestEncryptData
--- PASS: TestEncryptData (0.00s)
=== RUN   TestNewEncrypter
--- PASS: TestNewEncrypter (0.00s)
=== RUN   TestNewEncrypterErrUnexpectedEOF
--- PASS: TestNewEncrypterErrUnexpectedEOF (0.00s)
=== RUN   TestNewDecrypter
--- PASS: TestNewDecrypter (0.00s)
=== RUN   TestNewDecrypterErrUnexpectedEOF
--- PASS: TestNewDecrypterErrUnexpectedEOF (0.00s)
=== RUN   TestNewDecrypterSeekLimit
--- PASS: TestNewDecrypterSeekLimit (0.45s)
=== RUN   TestDecrypterCalculateUnderlying
--- PASS: TestDecrypterCalculateUnderlying (0.00s)
=== RUN   TestDecrypterRead
--- PASS: TestDecrypterRead (0.00s)
=== RUN   TestDecrypterClose
--- PASS: TestDecrypterClose (0.00s)
=== RUN   TestPutGetBlock
--- PASS: TestPutGetBlock (0.00s)
=== RUN   TestKey
--- PASS: TestKey (0.55s)
=== RUN   TestStandard
=== RUN   TestStandard/TestInit
=== RUN   TestStandard/TestFsString
=== RUN   TestStandard/TestFsName
=== RUN   TestStandard/TestFsRoot
=== RUN   TestStandard/TestFsRmdirEmpty
=== RUN   TestStandard/TestFsRmdirNotFound
=== RUN   TestStandard/TestFsMkdir
=== RUN   TestStandard/TestFsMkdirRmdirSubdir
=== RUN   TestStandard/TestFsListEmpty
=== RUN   TestStandard/TestFsListDirEmpty
=== RUN   TestStandard/TestFsListRDirEmpty
=== RUN   TestStandard/TestFsListDirNotFound
2018/06/11 14:26:32 ERROR : does not exist: error listing: directory not found
=== RUN   TestStandard/TestFsListRDirNotFound
=== RUN   TestStandard/TestFsNewObjectNotFound
=== RUN   TestStandard/TestFsPutFile1
=== RUN   TestStandard/TestFsPutError
2018/06/11 14:26:32 NOTICE: 5ogs7ndfp8pupt44oi5f8kn0vo/jj28ore431k5fs198bgtj426jc/br8lo5iiiq5s02lei0ok5bb3cg/3ttv7i29lgugd9ojgbo7d3tmnmf2midibh6n2n5al1b1neo5jqrg/da179h86evnu3b0lg04golahkg: Removing partially written file on error: potato
=== RUN   TestStandard/TestFsPutFile2
=== RUN   TestStandard/TestFsUpdateFile1
=== RUN   TestStandard/TestFsListDirFile2
=== RUN   TestStandard/TestFsListRDirFile2
=== RUN   TestStandard/TestFsListDirRoot
=== RUN   TestStandard/TestFsListRDirRoot
=== RUN   TestStandard/TestFsListSubdir
=== RUN   TestStandard/TestFsListRSubdir
=== RUN   TestStandard/TestFsListLevel2
=== RUN   TestStandard/TestFsListRLevel2
=== RUN   TestStandard/TestFsListFile1
=== RUN   TestStandard/TestFsNewObject
=== RUN   TestStandard/TestFsListFile1and2
=== RUN   TestStandard/TestFsNewObjectDir
=== RUN   TestStandard/TestFsCopy
=== RUN   TestStandard/TestFsMove
=== RUN   TestStandard/TestFsDirMove
=== RUN   TestStandard/TestFsRmdirFull
=== RUN   TestStandard/TestFsPrecision
=== RUN   TestStandard/TestFsChangeNotify
=== RUN   TestStandard/TestObjectString
=== RUN   TestStandard/TestObjectFs
=== RUN   TestStandard/TestObjectRemote
=== RUN   TestStandard/TestObjectHashes
=== RUN   TestStandard/TestObjectModTime
=== RUN   TestStandard/TestObjectMimeType
=== RUN   TestStandard/TestObjectSetModTime
=== RUN   TestStandard/TestObjectSize
=== RUN   TestStandard/TestObjectOpen
=== RUN   TestStandard/TestObjectOpenSeek
=== RUN   TestStandard/TestObjectOpenRange
=== RUN   TestStandard/TestObjectPartialRead
=== RUN   TestStandard/TestObjectUpdate
=== RUN   TestStandard/TestObjectStorable
=== RUN   TestStandard/TestFsIsFile
=== RUN   TestStandard/TestFsIsFileNotFound
2018/06/11 14:26:32 ERROR : : error listing: directory not found
=== RUN   TestStandard/TestPublicLink
=== RUN   TestStandard/TestObjectRemove
=== RUN   TestStandard/TestFsPutStream
=== RUN   TestStandard/TestObjectAbout
=== RUN   TestStandard/TestObjectPurge
2018/06/11 14:26:32 ERROR : : error listing: directory not found
=== RUN   TestStandard/TestInternal
=== RUN   TestStandard/TestFinalise
--- PASS: TestStandard (0.72s)
    --- PASS: TestStandard/TestInit (0.13s)
    	fstests.go:221: Using remote "TestCrypt:"
    --- PASS: TestStandard/TestFsString (0.00s)
    --- PASS: TestStandard/TestFsName (0.00s)
    --- PASS: TestStandard/TestFsRoot (0.00s)
    --- PASS: TestStandard/TestFsRmdirEmpty (0.00s)
    --- PASS: TestStandard/TestFsRmdirNotFound (0.00s)
    --- PASS: TestStandard/TestFsMkdir (0.11s)
    --- PASS: TestStandard/TestFsMkdirRmdirSubdir (0.00s)
    --- PASS: TestStandard/TestFsListEmpty (0.00s)
    --- PASS: TestStandard/TestFsListDirEmpty (0.00s)
    --- SKIP: TestStandard/TestFsListRDirEmpty (0.00s)
    	fstests.go:193: FS has no ListR interface
    --- PASS: TestStandard/TestFsListDirNotFound (0.00s)
    --- SKIP: TestStandard/TestFsListRDirNotFound (0.00s)
    	fstests.go:193: FS has no ListR interface
    --- PASS: TestStandard/TestFsNewObjectNotFound (0.00s)
    --- PASS: TestStandard/TestFsPutFile1 (0.00s)
    --- PASS: TestStandard/TestFsPutError (0.00s)
    --- PASS: TestStandard/TestFsPutFile2 (0.00s)
    --- PASS: TestStandard/TestFsUpdateFile1 (0.00s)
    --- PASS: TestStandard/TestFsListDirFile2 (0.01s)
    --- SKIP: TestStandard/TestFsListRDirFile2 (0.00s)
    	fstests.go:193: FS has no ListR interface
    --- PASS: TestStandard/TestFsListDirRoot (0.13s)
    --- SKIP: TestStandard/TestFsListRDirRoot (0.00s)
    	fstests.go:193: FS has no ListR interface
    --- PASS: TestStandard/TestFsListSubdir (0.00s)
    --- SKIP: TestStandard/TestFsListRSubdir (0.00s)
    	fstests.go:193: FS has no ListR interface
    --- PASS: TestStandard/TestFsListLevel2 (0.00s)
    --- SKIP: TestStandard/TestFsListRLevel2 (0.00s)
    	fstests.go:193: FS has no ListR interface
    --- PASS: TestStandard/TestFsListFile1 (0.00s)
    --- PASS: TestStandard/TestFsNewObject (0.00s)
    --- PASS: TestStandard/TestFsListFile1and2 (0.00s)
    --- PASS: TestStandard/TestFsNewObjectDir (0.00s)
    --- SKIP: TestStandard/TestFsCopy (0.00s)
    	fstests.go:566: FS has no Copier interface
    --- PASS: TestStandard/TestFsMove (0.01s)
    --- PASS: TestStandard/TestFsDirMove (0.11s)
    --- PASS: TestStandard/TestFsRmdirFull (0.00s)
    --- PASS: TestStandard/TestFsPrecision (0.00s)
    --- SKIP: TestStandard/TestFsChangeNotify (0.00s)
    	fstests.go:754: FS has no ChangeNotify interface
    --- PASS: TestStandard/TestObjectString (0.00s)
    --- PASS: TestStandard/TestObjectFs (0.00s)
    --- PASS: TestStandard/TestObjectRemote (0.00s)
    --- PASS: TestStandard/TestObjectHashes (0.00s)
    --- PASS: TestStandard/TestObjectModTime (0.00s)
    --- SKIP: TestStandard/TestObjectMimeType (0.00s)
    	fstests.go:860: MimeType method not supported
    --- PASS: TestStandard/TestObjectSetModTime (0.00s)
    --- PASS: TestStandard/TestObjectSize (0.00s)
    --- PASS: TestStandard/TestObjectOpen (0.01s)
    --- PASS: TestStandard/TestObjectOpenSeek (0.00s)
    --- PASS: TestStandard/TestObjectOpenRange (0.00s)
    --- PASS: TestStandard/TestObjectPartialRead (0.00s)
    --- PASS: TestStandard/TestObjectUpdate (0.00s)
    --- PASS: TestStandard/TestObjectStorable (0.00s)
    --- PASS: TestStandard/TestFsIsFile (0.11s)
    --- PASS: TestStandard/TestFsIsFileNotFound (0.10s)
    --- SKIP: TestStandard/TestPublicLink (0.00s)
    	fstests.go:1001: FS has no PublicLinker interface
    --- PASS: TestStandard/TestObjectRemove (0.00s)
    --- PASS: TestStandard/TestFsPutStream (0.00s)
    --- PASS: TestStandard/TestObjectAbout (0.00s)
    --- PASS: TestStandard/TestObjectPurge (0.00s)
    --- SKIP: TestStandard/TestInternal (0.00s)
    	fstests.go:1140: *crypt.Fs does not implement InternalTester
    --- PASS: TestStandard/TestFinalise (0.00s)
=== RUN   TestOff
=== RUN   TestOff/TestInit
=== RUN   TestOff/TestFsString
=== RUN   TestOff/TestFsName
=== RUN   TestOff/TestFsRoot
=== RUN   TestOff/TestFsRmdirEmpty
=== RUN   TestOff/TestFsRmdirNotFound
=== RUN   TestOff/TestFsMkdir
=== RUN   TestOff/TestFsMkdirRmdirSubdir
=== RUN   TestOff/TestFsListEmpty
=== RUN   TestOff/TestFsListDirEmpty
=== RUN   TestOff/TestFsListRDirEmpty
=== RUN   TestOff/TestFsListDirNotFound
2018/06/11 14:26:33 ERROR : does not exist: error listing: directory not found
=== RUN   TestOff/TestFsListRDirNotFound
=== RUN   TestOff/TestFsNewObjectNotFound
=== RUN   TestOff/TestFsPutFile1
=== RUN   TestOff/TestFsPutError
2018/06/11 14:26:33 NOTICE: hello? sausage/êé/Hello, 世界/ " ' @ < > & ? + ≠/z.txt.bin: Removing partially written file on error: potato
=== RUN   TestOff/TestFsPutFile2
=== RUN   TestOff/TestFsUpdateFile1
=== RUN   TestOff/TestFsListDirFile2
=== RUN   TestOff/TestFsListRDirFile2
=== RUN   TestOff/TestFsListDirRoot
=== RUN   TestOff/TestFsListRDirRoot
=== RUN   TestOff/TestFsListSubdir
=== RUN   TestOff/TestFsListRSubdir
=== RUN   TestOff/TestFsListLevel2
=== RUN   TestOff/TestFsListRLevel2
=== RUN   TestOff/TestFsListFile1
=== RUN   TestOff/TestFsNewObject
=== RUN   TestOff/TestFsListFile1and2
=== RUN   TestOff/TestFsNewObjectDir
=== RUN   TestOff/TestFsCopy
=== RUN   TestOff/TestFsMove
=== RUN   TestOff/TestFsDirMove
=== RUN   TestOff/TestFsRmdirFull
=== RUN   TestOff/TestFsPrecision
=== RUN   TestOff/TestFsChangeNotify
=== RUN   TestOff/TestObjectString
=== RUN   TestOff/TestObjectFs
=== RUN   TestOff/TestObjectRemote
=== RUN   TestOff/TestObjectHashes
=== RUN   TestOff/TestObjectModTime
=== RUN   TestOff/TestObjectMimeType
=== RUN   TestOff/TestObjectSetModTime
=== RUN   TestOff/TestObjectSize
=== RUN   TestOff/TestObjectOpen
=== RUN   TestOff/TestObjectOpenSeek
=== RUN   TestOff/TestObjectOpenRange
=== RUN   TestOff/TestObjectPartialRead
=== RUN   TestOff/TestObjectUpdate
=== RUN   TestOff/TestObjectStorable
=== RUN   TestOff/TestFsIsFile
=== RUN   TestOff/TestFsIsFileNotFound
2018/06/11 14:26:33 ERROR : : error listing: directory not found
=== RUN   TestOff/TestPublicLink
=== RUN   TestOff/TestObjectRemove
=== RUN   TestOff/TestFsPutStream
=== RUN   TestOff/TestObjectAbout
=== RUN   TestOff/TestObjectPurge
2018/06/11 14:26:33 ERROR : : error listing: directory not found
=== RUN   TestOff/TestInternal
=== RUN   TestOff/TestFinalise
--- PASS: TestOff (0.72s)
    --- PASS: TestOff/TestInit (0.12s)
    	fstests.go:221: Using remote "TestCrypt2:"
    --- PASS: TestOff/TestFsString (0.00s)
    --- PASS: TestOff/TestFsName (0.00s)
    --- PASS: TestOff/TestFsRoot (0.00s)
    --- PASS: TestOff/TestFsRmdirEmpty (0.00s)
    --- PASS: TestOff/TestFsRmdirNotFound (0.00s)
    --- PASS: TestOff/TestFsMkdir (0.12s)
    --- PASS: TestOff/TestFsMkdirRmdirSubdir (0.00s)
    --- PASS: TestOff/TestFsListEmpty (0.00s)
    --- PASS: TestOff/TestFsListDirEmpty (0.00s)
    --- SKIP: TestOff/TestFsListRDirEmpty (0.00s)
    	fstests.go:193: FS has no ListR interface
    --- PASS: TestOff/TestFsListDirNotFound (0.00s)
    --- SKIP: TestOff/TestFsListRDirNotFound (0.00s)
    	fstests.go:193: FS has no ListR interface
    --- PASS: TestOff/TestFsNewObjectNotFound (0.00s)
    --- PASS: TestOff/TestFsPutFile1 (0.00s)
    --- PASS: TestOff/TestFsPutError (0.00s)
    --- PASS: TestOff/TestFsPutFile2 (0.00s)
    --- PASS: TestOff/TestFsUpdateFile1 (0.00s)
    --- PASS: TestOff/TestFsListDirFile2 (0.00s)
    --- SKIP: TestOff/TestFsListRDirFile2 (0.00s)
    	fstests.go:193: FS has no ListR interface
    --- PASS: TestOff/TestFsListDirRoot (0.12s)
    --- SKIP: TestOff/TestFsListRDirRoot (0.00s)
    	fstests.go:193: FS has no ListR interface
    --- PASS: TestOff/TestFsListSubdir (0.00s)
    --- SKIP: TestOff/TestFsListRSubdir (0.00s)
    	fstests.go:193: FS has no ListR interface
    --- PASS: TestOff/TestFsListLevel2 (0.00s)
    --- SKIP: TestOff/TestFsListRLevel2 (0.00s)
    	fstests.go:193: FS has no ListR interface
    --- PASS: TestOff/TestFsListFile1 (0.00s)
    --- PASS: TestOff/TestFsNewObject (0.00s)
    --- PASS: TestOff/TestFsListFile1and2 (0.00s)
    --- PASS: TestOff/TestFsNewObjectDir (0.00s)
    --- SKIP: TestOff/TestFsCopy (0.00s)
    	fstests.go:566: FS has no Copier interface
    --- PASS: TestOff/TestFsMove (0.00s)
    --- PASS: TestOff/TestFsDirMove (0.14s)
    --- PASS: TestOff/TestFsRmdirFull (0.00s)
    --- PASS: TestOff/TestFsPrecision (0.00s)
    --- SKIP: TestOff/TestFsChangeNotify (0.00s)
    	fstests.go:754: FS has no ChangeNotify interface
    --- PASS: TestOff/TestObjectString (0.00s)
    --- PASS: TestOff/TestObjectFs (0.00s)
    --- PASS: TestOff/TestObjectRemote (0.00s)
    --- PASS: TestOff/TestObjectHashes (0.00s)
    --- PASS: TestOff/TestObjectModTime (0.00s)
    --- SKIP: TestOff/TestObjectMimeType (0.00s)
    	fstests.go:860: MimeType method not supported
    --- PASS: TestOff/TestObjectSetModTime (0.00s)
    --- PASS: TestOff/TestObjectSize (0.00s)
    --- PASS: TestOff/TestObjectOpen (0.00s)
    --- PASS: TestOff/TestObjectOpenSeek (0.00s)
    --- PASS: TestOff/TestObjectOpenRange (0.00s)
    --- PASS: TestOff/TestObjectPartialRead (0.00s)
    --- PASS: TestOff/TestObjectUpdate (0.00s)
    --- PASS: TestOff/TestObjectStorable (0.00s)
    --- PASS: TestOff/TestFsIsFile (0.12s)
    --- PASS: TestOff/TestFsIsFileNotFound (0.09s)
    --- SKIP: TestOff/TestPublicLink (0.00s)
    	fstests.go:1001: FS has no PublicLinker interface
    --- PASS: TestOff/TestObjectRemove (0.00s)
    --- PASS: TestOff/TestFsPutStream (0.00s)
    --- PASS: TestOff/TestObjectAbout (0.00s)
    --- PASS: TestOff/TestObjectPurge (0.00s)
    --- SKIP: TestOff/TestInternal (0.00s)
    	fstests.go:1140: *crypt.Fs does not implement InternalTester
    --- PASS: TestOff/TestFinalise (0.00s)
=== RUN   TestObfuscate
=== RUN   TestObfuscate/TestInit
=== RUN   TestObfuscate/TestFsString
=== RUN   TestObfuscate/TestFsName
=== RUN   TestObfuscate/TestFsRoot
=== RUN   TestObfuscate/TestFsRmdirEmpty
=== RUN   TestObfuscate/TestFsRmdirNotFound
=== RUN   TestObfuscate/TestFsMkdir
=== RUN   TestObfuscate/TestFsMkdirRmdirSubdir
=== RUN   TestObfuscate/TestFsListEmpty
=== RUN   TestObfuscate/TestFsListDirEmpty
=== RUN   TestObfuscate/TestFsListRDirEmpty
=== RUN   TestObfuscate/TestFsListDirNotFound
2018/06/11 14:26:33 ERROR : does not exist: error listing: directory not found
=== RUN   TestObfuscate/TestFsListRDirNotFound
=== RUN   TestObfuscate/TestFsNewObjectNotFound
=== RUN   TestObfuscate/TestFsPutFile1
=== RUN   TestObfuscate/TestFsPutError
2018/06/11 14:26:33 NOTICE: 124.yvCCF_ JrLJrxv/211.¬«/162.Mjqqt, 主畱/180. _ ' @ _ _ & _ + ⊗/8.A.uyu: Removing partially written file on error: potato
=== RUN   TestObfuscate/TestFsPutFile2
=== RUN   TestObfuscate/TestFsUpdateFile1
=== RUN   TestObfuscate/TestFsListDirFile2
=== RUN   TestObfuscate/TestFsListRDirFile2
=== RUN   TestObfuscate/TestFsListDirRoot
=== RUN   TestObfuscate/TestFsListRDirRoot
=== RUN   TestObfuscate/TestFsListSubdir
=== RUN   TestObfuscate/TestFsListRSubdir
=== RUN   TestObfuscate/TestFsListLevel2
=== RUN   TestObfuscate/TestFsListRLevel2
=== RUN   TestObfuscate/TestFsListFile1
=== RUN   TestObfuscate/TestFsNewObject
=== RUN   TestObfuscate/TestFsListFile1and2
=== RUN   TestObfuscate/TestFsNewObjectDir
=== RUN   TestObfuscate/TestFsCopy
=== RUN   TestObfuscate/TestFsMove
=== RUN   TestObfuscate/TestFsDirMove
=== RUN   TestObfuscate/TestFsRmdirFull
=== RUN   TestObfuscate/TestFsPrecision
=== RUN   TestObfuscate/TestFsChangeNotify
=== RUN   TestObfuscate/TestObjectString
=== RUN   TestObfuscate/TestObjectFs
=== RUN   TestObfuscate/TestObjectRemote
=== RUN   TestObfuscate/TestObjectHashes
=== RUN   TestObfuscate/TestObjectModTime
=== RUN   TestObfuscate/TestObjectMimeType
=== RUN   TestObfuscate/TestObjectSetModTime
=== RUN   TestObfuscate/TestObjectSize
=== RUN   TestObfuscate/TestObjectOpen
=== RUN   TestObfuscate/TestObjectOpenSeek
=== RUN   TestObfuscate/TestObjectOpenRange
=== RUN   TestObfuscate/TestObjectPartialRead
=== RUN   TestObfuscate/TestObjectUpdate
=== RUN   TestObfuscate/TestObjectStorable
=== RUN   TestObfuscate/TestFsIsFile
=== RUN   TestObfuscate/TestFsIsFileNotFound
2018/06/11 14:26:34 ERROR : : error listing: directory not found
=== RUN   TestObfuscate/TestPublicLink
=== RUN   TestObfuscate/TestObjectRemove
=== RUN   TestObfuscate/TestFsPutStream
=== RUN   TestObfuscate/TestObjectAbout
=== RUN   TestObfuscate/TestObjectPurge
2018/06/11 14:26:34 ERROR : : error listing: directory not found
=== RUN   TestObfuscate/TestInternal
=== RUN   TestObfuscate/TestFinalise
--- PASS: TestObfuscate (0.69s)
    --- PASS: TestObfuscate/TestInit (0.09s)
    	fstests.go:208: Removing bad windows characters from test file
    	fstests.go:221: Using remote "TestCrypt3:"
    --- PASS: TestObfuscate/TestFsString (0.00s)
    --- PASS: TestObfuscate/TestFsName (0.00s)
    --- PASS: TestObfuscate/TestFsRoot (0.00s)
    --- PASS: TestObfuscate/TestFsRmdirEmpty (0.00s)
    --- PASS: TestObfuscate/TestFsRmdirNotFound (0.00s)
    --- PASS: TestObfuscate/TestFsMkdir (0.09s)
    --- PASS: TestObfuscate/TestFsMkdirRmdirSubdir (0.00s)
    --- PASS: TestObfuscate/TestFsListEmpty (0.00s)
    --- PASS: TestObfuscate/TestFsListDirEmpty (0.00s)
    --- SKIP: TestObfuscate/TestFsListRDirEmpty (0.00s)
    	fstests.go:193: FS has no ListR interface
    --- PASS: TestObfuscate/TestFsListDirNotFound (0.00s)
    --- SKIP: TestObfuscate/TestFsListRDirNotFound (0.00s)
    	fstests.go:193: FS has no ListR interface
    --- PASS: TestObfuscate/TestFsNewObjectNotFound (0.00s)
    --- PASS: TestObfuscate/TestFsPutFile1 (0.00s)
    --- PASS: TestObfuscate/TestFsPutError (0.00s)
    --- PASS: TestObfuscate/TestFsPutFile2 (0.00s)
    --- PASS: TestObfuscate/TestFsUpdateFile1 (0.00s)
    --- PASS: TestObfuscate/TestFsListDirFile2 (0.00s)
    --- SKIP: TestObfuscate/TestFsListRDirFile2 (0.00s)
    	fstests.go:193: FS has no ListR interface
    --- PASS: TestObfuscate/TestFsListDirRoot (0.12s)
    --- SKIP: TestObfuscate/TestFsListRDirRoot (0.00s)
    	fstests.go:193: FS has no ListR interface
    --- PASS: TestObfuscate/TestFsListSubdir (0.00s)
    --- SKIP: TestObfuscate/TestFsListRSubdir (0.00s)
    	fstests.go:193: FS has no ListR interface
    --- PASS: TestObfuscate/TestFsListLevel2 (0.00s)
    --- SKIP: TestObfuscate/TestFsListRLevel2 (0.00s)
    	fstests.go:193: FS has no ListR interface
    --- PASS: TestObfuscate/TestFsListFile1 (0.00s)
    --- PASS: TestObfuscate/TestFsNewObject (0.00s)
    --- PASS: TestObfuscate/TestFsListFile1and2 (0.00s)
    --- PASS: TestObfuscate/TestFsNewObjectDir (0.00s)
    --- SKIP: TestObfuscate/TestFsCopy (0.00s)
    	fstests.go:566: FS has no Copier interface
    --- PASS: TestObfuscate/TestFsMove (0.01s)
    --- PASS: TestObfuscate/TestFsDirMove (0.13s)
    --- PASS: TestObfuscate/TestFsRmdirFull (0.00s)
    --- PASS: TestObfuscate/TestFsPrecision (0.00s)
    --- SKIP: TestObfuscate/TestFsChangeNotify (0.00s)
    	fstests.go:754: FS has no ChangeNotify interface
    --- PASS: TestObfuscate/TestObjectString (0.00s)
    --- PASS: TestObfuscate/TestObjectFs (0.00s)
    --- PASS: TestObfuscate/TestObjectRemote (0.00s)
    --- PASS: TestObfuscate/TestObjectHashes (0.00s)
    --- PASS: TestObfuscate/TestObjectModTime (0.00s)
    --- SKIP: TestObfuscate/TestObjectMimeType (0.00s)
    	fstests.go:860: MimeType method not supported
    --- PASS: TestObfuscate/TestObjectSetModTime (0.00s)
    --- PASS: TestObfuscate/TestObjectSize (0.00s)
    --- PASS: TestObfuscate/TestObjectOpen (0.00s)
    --- PASS: TestObfuscate/TestObjectOpenSeek (0.00s)
    --- PASS: TestObfuscate/TestObjectOpenRange (0.00s)
    --- PASS: TestObfuscate/TestObjectPartialRead (0.00s)
    --- PASS: TestObfuscate/TestObjectUpdate (0.00s)
    --- PASS: TestObfuscate/TestObjectStorable (0.00s)
    --- PASS: TestObfuscate/TestFsIsFile (0.10s)
    --- PASS: TestObfuscate/TestFsIsFileNotFound (0.13s)
    --- SKIP: TestObfuscate/TestPublicLink (0.00s)
    	fstests.go:1001: FS has no PublicLinker interface
    --- PASS: TestObfuscate/TestObjectRemove (0.00s)
    --- PASS: TestObfuscate/TestFsPutStream (0.00s)
    --- PASS: TestObfuscate/TestObjectAbout (0.00s)
    --- PASS: TestObfuscate/TestObjectPurge (0.00s)
    --- SKIP: TestObfuscate/TestInternal (0.00s)
    	fstests.go:1140: *crypt.Fs does not implement InternalTester
    --- PASS: TestObfuscate/TestFinalise (0.00s)
PASS
ok  	github.com/ncw/rclone/backend/crypt	11.219s
=== RUN   TestPad
--- PASS: TestPad (0.00s)
=== RUN   TestUnpad
--- PASS: TestUnpad (0.00s)
PASS
ok  	github.com/ncw/rclone/backend/crypt/pkcs7	0.004s
=== RUN   TestInternalLoadExampleExportFormats
--- PASS: TestInternalLoadExampleExportFormats (0.00s)
=== RUN   TestInternalParseExtensions
--- PASS: TestInternalParseExtensions (0.00s)
=== RUN   TestInternalFindExportFormat
--- PASS: TestInternalFindExportFormat (0.00s)
=== RUN   TestIntegration
=== RUN   TestIntegration/TestInit
=== RUN   TestIntegration/TestFsString
=== RUN   TestIntegration/TestFsName
=== RUN   TestIntegration/TestFsRoot
=== RUN   TestIntegration/TestFsRmdirEmpty
=== RUN   TestIntegration/TestFsRmdirNotFound
=== RUN   TestIntegration/TestFsMkdir
=== RUN   TestIntegration/TestFsMkdirRmdirSubdir
=== RUN   TestIntegration/TestFsListEmpty
=== RUN   TestIntegration/TestFsListDirEmpty
=== RUN   TestIntegration/TestFsListRDirEmpty
=== RUN   TestIntegration/TestFsListDirNotFound
=== RUN   TestIntegration/TestFsListRDirNotFound
=== RUN   TestIntegration/TestFsNewObjectNotFound
=== RUN   TestIntegration/TestFsPutFile1
=== RUN   TestIntegration/TestFsPutError
=== RUN   TestIntegration/TestFsPutFile2
=== RUN   TestIntegration/TestFsUpdateFile1
=== RUN   TestIntegration/TestFsListDirFile2
=== RUN   TestIntegration/TestFsListRDirFile2
=== RUN   TestIntegration/TestFsListDirRoot
=== RUN   TestIntegration/TestFsListRDirRoot
=== RUN   TestIntegration/TestFsListSubdir
=== RUN   TestIntegration/TestFsListRSubdir
=== RUN   TestIntegration/TestFsListLevel2
=== RUN   TestIntegration/TestFsListRLevel2
=== RUN   TestIntegration/TestFsListFile1
=== RUN   TestIntegration/TestFsNewObject
=== RUN   TestIntegration/TestFsListFile1and2
=== RUN   TestIntegration/TestFsNewObjectDir
=== RUN   TestIntegration/TestFsCopy
=== RUN   TestIntegration/TestFsMove
=== RUN   TestIntegration/TestFsDirMove
=== RUN   TestIntegration/TestFsRmdirFull
=== RUN   TestIntegration/TestFsPrecision
=== RUN   TestIntegration/TestFsChangeNotify
=== RUN   TestIntegration/TestObjectString
=== RUN   TestIntegration/TestObjectFs
=== RUN   TestIntegration/TestObjectRemote
=== RUN   TestIntegration/TestObjectHashes
=== RUN   TestIntegration/TestObjectModTime
=== RUN   TestIntegration/TestObjectMimeType
=== RUN   TestIntegration/TestObjectSetModTime
=== RUN   TestIntegration/TestObjectSize
=== RUN   TestIntegration/TestObjectOpen
=== RUN   TestIntegration/TestObjectOpenSeek
=== RUN   TestIntegration/TestObjectOpenRange
=== RUN   TestIntegration/TestObjectPartialRead
=== RUN   TestIntegration/TestObjectUpdate
=== RUN   TestIntegration/TestObjectStorable
=== RUN   TestIntegration/TestFsIsFile
=== RUN   TestIntegration/TestFsIsFileNotFound
=== RUN   TestIntegration/TestPublicLink
=== RUN   TestIntegration/TestObjectRemove
=== RUN   TestIntegration/TestFsPutStream
=== RUN   TestIntegration/TestObjectAbout
=== RUN   TestIntegration/TestObjectPurge
=== RUN   TestIntegration/TestInternal
=== RUN   TestIntegration/TestFinalise
--- PASS: TestIntegration (0.00s)
    --- SKIP: TestIntegration/TestInit (0.00s)
    	fstests.go:221: Using remote "TestDrive:"
    	fstests.go:175: Didn't find "TestDrive:" in config file - skipping tests
    	fstests.go:184: WARN: "TestDrive:" not configured
    --- SKIP: TestIntegration/TestFsString (0.00s)
    	fstests.go:184: WARN: "TestDrive:" not configured
    --- SKIP: TestIntegration/TestFsName (0.00s)
    	fstests.go:184: WARN: "TestDrive:" not configured
    --- SKIP: TestIntegration/TestFsRoot (0.00s)
    	fstests.go:184: WARN: "TestDrive:" not configured
    --- SKIP: TestIntegration/TestFsRmdirEmpty (0.00s)
    	fstests.go:184: WARN: "TestDrive:" not configured
    --- SKIP: TestIntegration/TestFsRmdirNotFound (0.00s)
    	fstests.go:184: WARN: "TestDrive:" not configured
    --- SKIP: TestIntegration/TestFsMkdir (0.00s)
    	fstests.go:184: WARN: "TestDrive:" not configured
    --- SKIP: TestIntegration/TestFsMkdirRmdirSubdir (0.00s)
    	fstests.go:184: WARN: "TestDrive:" not configured
    --- SKIP: TestIntegration/TestFsListEmpty (0.00s)
    	fstests.go:184: WARN: "TestDrive:" not configured
    --- SKIP: TestIntegration/TestFsListDirEmpty (0.00s)
    	fstests.go:184: WARN: "TestDrive:" not configured
    --- SKIP: TestIntegration/TestFsListRDirEmpty (0.00s)
    	fstests.go:184: WARN: "TestDrive:" not configured
    --- SKIP: TestIntegration/TestFsListDirNotFound (0.00s)
    	fstests.go:184: WARN: "TestDrive:" not configured
    --- SKIP: TestIntegration/TestFsListRDirNotFound (0.00s)
    	fstests.go:184: WARN: "TestDrive:" not configured
    --- SKIP: TestIntegration/TestFsNewObjectNotFound (0.00s)
    	fstests.go:184: WARN: "TestDrive:" not configured
    --- SKIP: TestIntegration/TestFsPutFile1 (0.00s)
    	fstests.go:184: WARN: "TestDrive:" not configured
    --- SKIP: TestIntegration/TestFsPutError (0.00s)
    	fstests.go:184: WARN: "TestDrive:" not configured
    --- SKIP: TestIntegration/TestFsPutFile2 (0.00s)
    	fstests.go:184: WARN: "TestDrive:" not configured
    --- SKIP: TestIntegration/TestFsUpdateFile1 (0.00s)
    	fstests.go:184: WARN: "TestDrive:" not configured
    --- SKIP: TestIntegration/TestFsListDirFile2 (0.00s)
    	fstests.go:184: WARN: "TestDrive:" not configured
    --- SKIP: TestIntegration/TestFsListRDirFile2 (0.00s)
    	fstests.go:184: WARN: "TestDrive:" not configured
    --- SKIP: TestIntegration/TestFsListDirRoot (0.00s)
    	fstests.go:184: WARN: "TestDrive:" not configured
    --- SKIP: TestIntegration/TestFsListRDirRoot (0.00s)
    	fstests.go:184: WARN: "TestDrive:" not configured
    --- SKIP: TestIntegration/TestFsListSubdir (0.00s)
    	fstests.go:184: WARN: "TestDrive:" not configured
    --- SKIP: TestIntegration/TestFsListRSubdir (0.00s)
    	fstests.go:184: WARN: "TestDrive:" not configured
    --- SKIP: TestIntegration/TestFsListLevel2 (0.00s)
    	fstests.go:184: WARN: "TestDrive:" not configured
    --- SKIP: TestIntegration/TestFsListRLevel2 (0.00s)
    	fstests.go:184: WARN: "TestDrive:" not configured
    --- SKIP: TestIntegration/TestFsListFile1 (0.00s)
    	fstests.go:184: WARN: "TestDrive:" not configured
    --- SKIP: TestIntegration/TestFsNewObject (0.00s)
    	fstests.go:184: WARN: "TestDrive:" not configured
    --- SKIP: TestIntegration/TestFsListFile1and2 (0.00s)
    	fstests.go:184: WARN: "TestDrive:" not configured
    --- SKIP: TestIntegration/TestFsNewObjectDir (0.00s)
    	fstests.go:184: WARN: "TestDrive:" not configured
    --- SKIP: TestIntegration/TestFsCopy (0.00s)
    	fstests.go:184: WARN: "TestDrive:" not configured
    --- SKIP: TestIntegration/TestFsMove (0.00s)
    	fstests.go:184: WARN: "TestDrive:" not configured
    --- SKIP: TestIntegration/TestFsDirMove (0.00s)
    	fstests.go:184: WARN: "TestDrive:" not configured
    --- SKIP: TestIntegration/TestFsRmdirFull (0.00s)
    	fstests.go:184: WARN: "TestDrive:" not configured
    --- SKIP: TestIntegration/TestFsPrecision (0.00s)
    	fstests.go:184: WARN: "TestDrive:" not configured
    --- SKIP: TestIntegration/TestFsChangeNotify (0.00s)
    	fstests.go:184: WARN: "TestDrive:" not configured
    --- SKIP: TestIntegration/TestObjectString (0.00s)
    	fstests.go:184: WARN: "TestDrive:" not configured
    --- SKIP: TestIntegration/TestObjectFs (0.00s)
    	fstests.go:184: WARN: "TestDrive:" not configured
    --- SKIP: TestIntegration/TestObjectRemote (0.00s)
    	fstests.go:184: WARN: "TestDrive:" not configured
    --- SKIP: TestIntegration/TestObjectHashes (0.00s)
    	fstests.go:184: WARN: "TestDrive:" not configured
    --- SKIP: TestIntegration/TestObjectModTime (0.00s)
    	fstests.go:184: WARN: "TestDrive:" not configured
    --- SKIP: TestIntegration/TestObjectMimeType (0.00s)
    	fstests.go:184: WARN: "TestDrive:" not configured
    --- SKIP: TestIntegration/TestObjectSetModTime (0.00s)
    	fstests.go:184: WARN: "TestDrive:" not configured
    --- SKIP: TestIntegration/TestObjectSize (0.00s)
    	fstests.go:184: WARN: "TestDrive:" not configured
    --- SKIP: TestIntegration/TestObjectOpen (0.00s)
    	fstests.go:184: WARN: "TestDrive:" not configured
    --- SKIP: TestIntegration/TestObjectOpenSeek (0.00s)
    	fstests.go:184: WARN: "TestDrive:" not configured
    --- SKIP: TestIntegration/TestObjectOpenRange (0.00s)
    	fstests.go:184: WARN: "TestDrive:" not configured
    --- SKIP: TestIntegration/TestObjectPartialRead (0.00s)
    	fstests.go:184: WARN: "TestDrive:" not configured
    --- SKIP: TestIntegration/TestObjectUpdate (0.00s)
    	fstests.go:184: WARN: "TestDrive:" not configured
    --- SKIP: TestIntegration/TestObjectStorable (0.00s)
    	fstests.go:184: WARN: "TestDrive:" not configured
    --- SKIP: TestIntegration/TestFsIsFile (0.00s)
    	fstests.go:184: WARN: "TestDrive:" not configured
    --- SKIP: TestIntegration/TestFsIsFileNotFound (0.00s)
    	fstests.go:184: WARN: "TestDrive:" not configured
    --- SKIP: TestIntegration/TestPublicLink (0.00s)
    	fstests.go:184: WARN: "TestDrive:" not configured
    --- SKIP: TestIntegration/TestObjectRemove (0.00s)
    	fstests.go:184: WARN: "TestDrive:" not configured
    --- SKIP: TestIntegration/TestFsPutStream (0.00s)
    	fstests.go:184: WARN: "TestDrive:" not configured
    --- SKIP: TestIntegration/TestObjectAbout (0.00s)
    	fstests.go:184: WARN: "TestDrive:" not configured
    --- SKIP: TestIntegration/TestObjectPurge (0.00s)
    	fstests.go:184: WARN: "TestDrive:" not configured
    --- SKIP: TestIntegration/TestInternal (0.00s)
    	fstests.go:184: WARN: "TestDrive:" not configured
    --- SKIP: TestIntegration/TestFinalise (0.00s)
    	fstests.go:184: WARN: "TestDrive:" not configured
PASS
ok  	github.com/ncw/rclone/backend/drive	0.008s
=== RUN   TestIntegration
=== RUN   TestIntegration/TestInit
=== RUN   TestIntegration/TestFsString
=== RUN   TestIntegration/TestFsName
=== RUN   TestIntegration/TestFsRoot
=== RUN   TestIntegration/TestFsRmdirEmpty
=== RUN   TestIntegration/TestFsRmdirNotFound
=== RUN   TestIntegration/TestFsMkdir
=== RUN   TestIntegration/TestFsMkdirRmdirSubdir
=== RUN   TestIntegration/TestFsListEmpty
=== RUN   TestIntegration/TestFsListDirEmpty
=== RUN   TestIntegration/TestFsListRDirEmpty
=== RUN   TestIntegration/TestFsListDirNotFound
=== RUN   TestIntegration/TestFsListRDirNotFound
=== RUN   TestIntegration/TestFsNewObjectNotFound
=== RUN   TestIntegration/TestFsPutFile1
=== RUN   TestIntegration/TestFsPutError
=== RUN   TestIntegration/TestFsPutFile2
=== RUN   TestIntegration/TestFsUpdateFile1
=== RUN   TestIntegration/TestFsListDirFile2
=== RUN   TestIntegration/TestFsListRDirFile2
=== RUN   TestIntegration/TestFsListDirRoot
=== RUN   TestIntegration/TestFsListRDirRoot
=== RUN   TestIntegration/TestFsListSubdir
=== RUN   TestIntegration/TestFsListRSubdir
=== RUN   TestIntegration/TestFsListLevel2
=== RUN   TestIntegration/TestFsListRLevel2
=== RUN   TestIntegration/TestFsListFile1
=== RUN   TestIntegration/TestFsNewObject
=== RUN   TestIntegration/TestFsListFile1and2
=== RUN   TestIntegration/TestFsNewObjectDir
=== RUN   TestIntegration/TestFsCopy
=== RUN   TestIntegration/TestFsMove
=== RUN   TestIntegration/TestFsDirMove
=== RUN   TestIntegration/TestFsRmdirFull
=== RUN   TestIntegration/TestFsPrecision
=== RUN   TestIntegration/TestFsChangeNotify
=== RUN   TestIntegration/TestObjectString
=== RUN   TestIntegration/TestObjectFs
=== RUN   TestIntegration/TestObjectRemote
=== RUN   TestIntegration/TestObjectHashes
=== RUN   TestIntegration/TestObjectModTime
=== RUN   TestIntegration/TestObjectMimeType
=== RUN   TestIntegration/TestObjectSetModTime
=== RUN   TestIntegration/TestObjectSize
=== RUN   TestIntegration/TestObjectOpen
=== RUN   TestIntegration/TestObjectOpenSeek
=== RUN   TestIntegration/TestObjectOpenRange
=== RUN   TestIntegration/TestObjectPartialRead
=== RUN   TestIntegration/TestObjectUpdate
=== RUN   TestIntegration/TestObjectStorable
=== RUN   TestIntegration/TestFsIsFile
=== RUN   TestIntegration/TestFsIsFileNotFound
=== RUN   TestIntegration/TestPublicLink
=== RUN   TestIntegration/TestObjectRemove
=== RUN   TestIntegration/TestFsPutStream
=== RUN   TestIntegration/TestObjectAbout
=== RUN   TestIntegration/TestObjectPurge
=== RUN   TestIntegration/TestInternal
=== RUN   TestIntegration/TestFinalise
--- PASS: TestIntegration (0.00s)
    --- SKIP: TestIntegration/TestInit (0.00s)
    	fstests.go:221: Using remote "TestDropbox:"
    	fstests.go:175: Didn't find "TestDropbox:" in config file - skipping tests
    	fstests.go:184: WARN: "TestDropbox:" not configured
    --- SKIP: TestIntegration/TestFsString (0.00s)
    	fstests.go:184: WARN: "TestDropbox:" not configured
    --- SKIP: TestIntegration/TestFsName (0.00s)
    	fstests.go:184: WARN: "TestDropbox:" not configured
    --- SKIP: TestIntegration/TestFsRoot (0.00s)
    	fstests.go:184: WARN: "TestDropbox:" not configured
    --- SKIP: TestIntegration/TestFsRmdirEmpty (0.00s)
    	fstests.go:184: WARN: "TestDropbox:" not configured
    --- SKIP: TestIntegration/TestFsRmdirNotFound (0.00s)
    	fstests.go:184: WARN: "TestDropbox:" not configured
    --- SKIP: TestIntegration/TestFsMkdir (0.00s)
    	fstests.go:184: WARN: "TestDropbox:" not configured
    --- SKIP: TestIntegration/TestFsMkdirRmdirSubdir (0.00s)
    	fstests.go:184: WARN: "TestDropbox:" not configured
    --- SKIP: TestIntegration/TestFsListEmpty (0.00s)
    	fstests.go:184: WARN: "TestDropbox:" not configured
    --- SKIP: TestIntegration/TestFsListDirEmpty (0.00s)
    	fstests.go:184: WARN: "TestDropbox:" not configured
    --- SKIP: TestIntegration/TestFsListRDirEmpty (0.00s)
    	fstests.go:184: WARN: "TestDropbox:" not configured
    --- SKIP: TestIntegration/TestFsListDirNotFound (0.00s)
    	fstests.go:184: WARN: "TestDropbox:" not configured
    --- SKIP: TestIntegration/TestFsListRDirNotFound (0.00s)
    	fstests.go:184: WARN: "TestDropbox:" not configured
    --- SKIP: TestIntegration/TestFsNewObjectNotFound (0.00s)
    	fstests.go:184: WARN: "TestDropbox:" not configured
    --- SKIP: TestIntegration/TestFsPutFile1 (0.00s)
    	fstests.go:184: WARN: "TestDropbox:" not configured
    --- SKIP: TestIntegration/TestFsPutError (0.00s)
    	fstests.go:184: WARN: "TestDropbox:" not configured
    --- SKIP: TestIntegration/TestFsPutFile2 (0.00s)
    	fstests.go:184: WARN: "TestDropbox:" not configured
    --- SKIP: TestIntegration/TestFsUpdateFile1 (0.00s)
    	fstests.go:184: WARN: "TestDropbox:" not configured
    --- SKIP: TestIntegration/TestFsListDirFile2 (0.00s)
    	fstests.go:184: WARN: "TestDropbox:" not configured
    --- SKIP: TestIntegration/TestFsListRDirFile2 (0.00s)
    	fstests.go:184: WARN: "TestDropbox:" not configured
    --- SKIP: TestIntegration/TestFsListDirRoot (0.00s)
    	fstests.go:184: WARN: "TestDropbox:" not configured
    --- SKIP: TestIntegration/TestFsListRDirRoot (0.00s)
    	fstests.go:184: WARN: "TestDropbox:" not configured
    --- SKIP: TestIntegration/TestFsListSubdir (0.00s)
    	fstests.go:184: WARN: "TestDropbox:" not configured
    --- SKIP: TestIntegration/TestFsListRSubdir (0.00s)
    	fstests.go:184: WARN: "TestDropbox:" not configured
    --- SKIP: TestIntegration/TestFsListLevel2 (0.00s)
    	fstests.go:184: WARN: "TestDropbox:" not configured
    --- SKIP: TestIntegration/TestFsListRLevel2 (0.00s)
    	fstests.go:184: WARN: "TestDropbox:" not configured
    --- SKIP: TestIntegration/TestFsListFile1 (0.00s)
    	fstests.go:184: WARN: "TestDropbox:" not configured
    --- SKIP: TestIntegration/TestFsNewObject (0.00s)
    	fstests.go:184: WARN: "TestDropbox:" not configured
    --- SKIP: TestIntegration/TestFsListFile1and2 (0.00s)
    	fstests.go:184: WARN: "TestDropbox:" not configured
    --- SKIP: TestIntegration/TestFsNewObjectDir (0.00s)
    	fstests.go:184: WARN: "TestDropbox:" not configured
    --- SKIP: TestIntegration/TestFsCopy (0.00s)
    	fstests.go:184: WARN: "TestDropbox:" not configured
    --- SKIP: TestIntegration/TestFsMove (0.00s)
    	fstests.go:184: WARN: "TestDropbox:" not configured
    --- SKIP: TestIntegration/TestFsDirMove (0.00s)
    	fstests.go:184: WARN: "TestDropbox:" not configured
    --- SKIP: TestIntegration/TestFsRmdirFull (0.00s)
    	fstests.go:184: WARN: "TestDropbox:" not configured
    --- SKIP: TestIntegration/TestFsPrecision (0.00s)
    	fstests.go:184: WARN: "TestDropbox:" not configured
    --- SKIP: TestIntegration/TestFsChangeNotify (0.00s)
    	fstests.go:184: WARN: "TestDropbox:" not configured
    --- SKIP: TestIntegration/TestObjectString (0.00s)
    	fstests.go:184: WARN: "TestDropbox:" not configured
    --- SKIP: TestIntegration/TestObjectFs (0.00s)
    	fstests.go:184: WARN: "TestDropbox:" not configured
    --- SKIP: TestIntegration/TestObjectRemote (0.00s)
    	fstests.go:184: WARN: "TestDropbox:" not configured
    --- SKIP: TestIntegration/TestObjectHashes (0.00s)
    	fstests.go:184: WARN: "TestDropbox:" not configured
    --- SKIP: TestIntegration/TestObjectModTime (0.00s)
    	fstests.go:184: WARN: "TestDropbox:" not configured
    --- SKIP: TestIntegration/TestObjectMimeType (0.00s)
    	fstests.go:184: WARN: "TestDropbox:" not configured
    --- SKIP: TestIntegration/TestObjectSetModTime (0.00s)
    	fstests.go:184: WARN: "TestDropbox:" not configured
    --- SKIP: TestIntegration/TestObjectSize (0.00s)
    	fstests.go:184: WARN: "TestDropbox:" not configured
    --- SKIP: TestIntegration/TestObjectOpen (0.00s)
    	fstests.go:184: WARN: "TestDropbox:" not configured
    --- SKIP: TestIntegration/TestObjectOpenSeek (0.00s)
    	fstests.go:184: WARN: "TestDropbox:" not configured
    --- SKIP: TestIntegration/TestObjectOpenRange (0.00s)
    	fstests.go:184: WARN: "TestDropbox:" not configured
    --- SKIP: TestIntegration/TestObjectPartialRead (0.00s)
    	fstests.go:184: WARN: "TestDropbox:" not configured
    --- SKIP: TestIntegration/TestObjectUpdate (0.00s)
    	fstests.go:184: WARN: "TestDropbox:" not configured
    --- SKIP: TestIntegration/TestObjectStorable (0.00s)
    	fstests.go:184: WARN: "TestDropbox:" not configured
    --- SKIP: TestIntegration/TestFsIsFile (0.00s)
    	fstests.go:184: WARN: "TestDropbox:" not configured
    --- SKIP: TestIntegration/TestFsIsFileNotFound (0.00s)
    	fstests.go:184: WARN: "TestDropbox:" not configured
    --- SKIP: TestIntegration/TestPublicLink (0.00s)
    	fstests.go:184: WARN: "TestDropbox:" not configured
    --- SKIP: TestIntegration/TestObjectRemove (0.00s)
    	fstests.go:184: WARN: "TestDropbox:" not configured
    --- SKIP: TestIntegration/TestFsPutStream (0.00s)
    	fstests.go:184: WARN: "TestDropbox:" not configured
    --- SKIP: TestIntegration/TestObjectAbout (0.00s)
    	fstests.go:184: WARN: "TestDropbox:" not configured
    --- SKIP: TestIntegration/TestObjectPurge (0.00s)
    	fstests.go:184: WARN: "TestDropbox:" not configured
    --- SKIP: TestIntegration/TestInternal (0.00s)
    	fstests.go:184: WARN: "TestDropbox:" not configured
    --- SKIP: TestIntegration/TestFinalise (0.00s)
    	fstests.go:184: WARN: "TestDropbox:" not configured
PASS
ok  	github.com/ncw/rclone/backend/dropbox	0.017s
=== RUN   TestHashChunk16M
--- PASS: TestHashChunk16M (0.49s)
=== RUN   TestHashChunk8M
--- PASS: TestHashChunk8M (0.48s)
=== RUN   TestHashChunk4M
--- PASS: TestHashChunk4M (0.48s)
=== RUN   TestHashChunk2M
--- PASS: TestHashChunk2M (0.46s)
=== RUN   TestHashChunk1M
--- PASS: TestHashChunk1M (0.39s)
=== RUN   TestHashChunk64k
--- PASS: TestHashChunk64k (0.40s)
=== RUN   TestHashChunk32k
--- PASS: TestHashChunk32k (0.35s)
=== RUN   TestHashChunk2048
--- PASS: TestHashChunk2048 (0.37s)
=== RUN   TestHashChunk2047
--- PASS: TestHashChunk2047 (0.32s)
=== RUN   TestSumCalledTwice
--- PASS: TestSumCalledTwice (0.00s)
=== RUN   TestSize
--- PASS: TestSize (0.00s)
=== RUN   TestBlockSize
--- PASS: TestBlockSize (0.00s)
=== RUN   TestSum
--- PASS: TestSum (0.00s)
PASS
ok  	github.com/ncw/rclone/backend/dropbox/dbhash	3.734s
=== RUN   TestIntegration
=== RUN   TestIntegration/TestInit
=== RUN   TestIntegration/TestFsString
=== RUN   TestIntegration/TestFsName
=== RUN   TestIntegration/TestFsRoot
=== RUN   TestIntegration/TestFsRmdirEmpty
=== RUN   TestIntegration/TestFsRmdirNotFound
=== RUN   TestIntegration/TestFsMkdir
=== RUN   TestIntegration/TestFsMkdirRmdirSubdir
=== RUN   TestIntegration/TestFsListEmpty
=== RUN   TestIntegration/TestFsListDirEmpty
=== RUN   TestIntegration/TestFsListRDirEmpty
=== RUN   TestIntegration/TestFsListDirNotFound
=== RUN   TestIntegration/TestFsListRDirNotFound
=== RUN   TestIntegration/TestFsNewObjectNotFound
=== RUN   TestIntegration/TestFsPutFile1
=== RUN   TestIntegration/TestFsPutError
=== RUN   TestIntegration/TestFsPutFile2
=== RUN   TestIntegration/TestFsUpdateFile1
=== RUN   TestIntegration/TestFsListDirFile2
=== RUN   TestIntegration/TestFsListRDirFile2
=== RUN   TestIntegration/TestFsListDirRoot
=== RUN   TestIntegration/TestFsListRDirRoot
=== RUN   TestIntegration/TestFsListSubdir
=== RUN   TestIntegration/TestFsListRSubdir
=== RUN   TestIntegration/TestFsListLevel2
=== RUN   TestIntegration/TestFsListRLevel2
=== RUN   TestIntegration/TestFsListFile1
=== RUN   TestIntegration/TestFsNewObject
=== RUN   TestIntegration/TestFsListFile1and2
=== RUN   TestIntegration/TestFsNewObjectDir
=== RUN   TestIntegration/TestFsCopy
=== RUN   TestIntegration/TestFsMove
=== RUN   TestIntegration/TestFsDirMove
=== RUN   TestIntegration/TestFsRmdirFull
=== RUN   TestIntegration/TestFsPrecision
=== RUN   TestIntegration/TestFsChangeNotify
=== RUN   TestIntegration/TestObjectString
=== RUN   TestIntegration/TestObjectFs
=== RUN   TestIntegration/TestObjectRemote
=== RUN   TestIntegration/TestObjectHashes
=== RUN   TestIntegration/TestObjectModTime
=== RUN   TestIntegration/TestObjectMimeType
=== RUN   TestIntegration/TestObjectSetModTime
=== RUN   TestIntegration/TestObjectSize
=== RUN   TestIntegration/TestObjectOpen
=== RUN   TestIntegration/TestObjectOpenSeek
=== RUN   TestIntegration/TestObjectOpenRange
=== RUN   TestIntegration/TestObjectPartialRead
=== RUN   TestIntegration/TestObjectUpdate
=== RUN   TestIntegration/TestObjectStorable
=== RUN   TestIntegration/TestFsIsFile
=== RUN   TestIntegration/TestFsIsFileNotFound
=== RUN   TestIntegration/TestPublicLink
=== RUN   TestIntegration/TestObjectRemove
=== RUN   TestIntegration/TestFsPutStream
=== RUN   TestIntegration/TestObjectAbout
=== RUN   TestIntegration/TestObjectPurge
=== RUN   TestIntegration/TestInternal
=== RUN   TestIntegration/TestFinalise
--- PASS: TestIntegration (0.00s)
    --- SKIP: TestIntegration/TestInit (0.00s)
    	fstests.go:221: Using remote "TestFTP:"
    	fstests.go:175: Didn't find "TestFTP:" in config file - skipping tests
    	fstests.go:184: WARN: "TestFTP:" not configured
    --- SKIP: TestIntegration/TestFsString (0.00s)
    	fstests.go:184: WARN: "TestFTP:" not configured
    --- SKIP: TestIntegration/TestFsName (0.00s)
    	fstests.go:184: WARN: "TestFTP:" not configured
    --- SKIP: TestIntegration/TestFsRoot (0.00s)
    	fstests.go:184: WARN: "TestFTP:" not configured
    --- SKIP: TestIntegration/TestFsRmdirEmpty (0.00s)
    	fstests.go:184: WARN: "TestFTP:" not configured
    --- SKIP: TestIntegration/TestFsRmdirNotFound (0.00s)
    	fstests.go:184: WARN: "TestFTP:" not configured
    --- SKIP: TestIntegration/TestFsMkdir (0.00s)
    	fstests.go:184: WARN: "TestFTP:" not configured
    --- SKIP: TestIntegration/TestFsMkdirRmdirSubdir (0.00s)
    	fstests.go:184: WARN: "TestFTP:" not configured
    --- SKIP: TestIntegration/TestFsListEmpty (0.00s)
    	fstests.go:184: WARN: "TestFTP:" not configured
    --- SKIP: TestIntegration/TestFsListDirEmpty (0.00s)
    	fstests.go:184: WARN: "TestFTP:" not configured
    --- SKIP: TestIntegration/TestFsListRDirEmpty (0.00s)
    	fstests.go:184: WARN: "TestFTP:" not configured
    --- SKIP: TestIntegration/TestFsListDirNotFound (0.00s)
    	fstests.go:184: WARN: "TestFTP:" not configured
    --- SKIP: TestIntegration/TestFsListRDirNotFound (0.00s)
    	fstests.go:184: WARN: "TestFTP:" not configured
    --- SKIP: TestIntegration/TestFsNewObjectNotFound (0.00s)
    	fstests.go:184: WARN: "TestFTP:" not configured
    --- SKIP: TestIntegration/TestFsPutFile1 (0.00s)
    	fstests.go:184: WARN: "TestFTP:" not configured
    --- SKIP: TestIntegration/TestFsPutError (0.00s)
    	fstests.go:184: WARN: "TestFTP:" not configured
    --- SKIP: TestIntegration/TestFsPutFile2 (0.00s)
    	fstests.go:184: WARN: "TestFTP:" not configured
    --- SKIP: TestIntegration/TestFsUpdateFile1 (0.00s)
    	fstests.go:184: WARN: "TestFTP:" not configured
    --- SKIP: TestIntegration/TestFsListDirFile2 (0.00s)
    	fstests.go:184: WARN: "TestFTP:" not configured
    --- SKIP: TestIntegration/TestFsListRDirFile2 (0.00s)
    	fstests.go:184: WARN: "TestFTP:" not configured
    --- SKIP: TestIntegration/TestFsListDirRoot (0.00s)
    	fstests.go:184: WARN: "TestFTP:" not configured
    --- SKIP: TestIntegration/TestFsListRDirRoot (0.00s)
    	fstests.go:184: WARN: "TestFTP:" not configured
    --- SKIP: TestIntegration/TestFsListSubdir (0.00s)
    	fstests.go:184: WARN: "TestFTP:" not configured
    --- SKIP: TestIntegration/TestFsListRSubdir (0.00s)
    	fstests.go:184: WARN: "TestFTP:" not configured
    --- SKIP: TestIntegration/TestFsListLevel2 (0.00s)
    	fstests.go:184: WARN: "TestFTP:" not configured
    --- SKIP: TestIntegration/TestFsListRLevel2 (0.00s)
    	fstests.go:184: WARN: "TestFTP:" not configured
    --- SKIP: TestIntegration/TestFsListFile1 (0.00s)
    	fstests.go:184: WARN: "TestFTP:" not configured
    --- SKIP: TestIntegration/TestFsNewObject (0.00s)
    	fstests.go:184: WARN: "TestFTP:" not configured
    --- SKIP: TestIntegration/TestFsListFile1and2 (0.00s)
    	fstests.go:184: WARN: "TestFTP:" not configured
    --- SKIP: TestIntegration/TestFsNewObjectDir (0.00s)
    	fstests.go:184: WARN: "TestFTP:" not configured
    --- SKIP: TestIntegration/TestFsCopy (0.00s)
    	fstests.go:184: WARN: "TestFTP:" not configured
    --- SKIP: TestIntegration/TestFsMove (0.00s)
    	fstests.go:184: WARN: "TestFTP:" not configured
    --- SKIP: TestIntegration/TestFsDirMove (0.00s)
    	fstests.go:184: WARN: "TestFTP:" not configured
    --- SKIP: TestIntegration/TestFsRmdirFull (0.00s)
    	fstests.go:184: WARN: "TestFTP:" not configured
    --- SKIP: TestIntegration/TestFsPrecision (0.00s)
    	fstests.go:184: WARN: "TestFTP:" not configured
    --- SKIP: TestIntegration/TestFsChangeNotify (0.00s)
    	fstests.go:184: WARN: "TestFTP:" not configured
    --- SKIP: TestIntegration/TestObjectString (0.00s)
    	fstests.go:184: WARN: "TestFTP:" not configured
    --- SKIP: TestIntegration/TestObjectFs (0.00s)
    	fstests.go:184: WARN: "TestFTP:" not configured
    --- SKIP: TestIntegration/TestObjectRemote (0.00s)
    	fstests.go:184: WARN: "TestFTP:" not configured
    --- SKIP: TestIntegration/TestObjectHashes (0.00s)
    	fstests.go:184: WARN: "TestFTP:" not configured
    --- SKIP: TestIntegration/TestObjectModTime (0.00s)
    	fstests.go:184: WARN: "TestFTP:" not configured
    --- SKIP: TestIntegration/TestObjectMimeType (0.00s)
    	fstests.go:184: WARN: "TestFTP:" not configured
    --- SKIP: TestIntegration/TestObjectSetModTime (0.00s)
    	fstests.go:184: WARN: "TestFTP:" not configured
    --- SKIP: TestIntegration/TestObjectSize (0.00s)
    	fstests.go:184: WARN: "TestFTP:" not configured
    --- SKIP: TestIntegration/TestObjectOpen (0.00s)
    	fstests.go:184: WARN: "TestFTP:" not configured
    --- SKIP: TestIntegration/TestObjectOpenSeek (0.00s)
    	fstests.go:184: WARN: "TestFTP:" not configured
    --- SKIP: TestIntegration/TestObjectOpenRange (0.00s)
    	fstests.go:184: WARN: "TestFTP:" not configured
    --- SKIP: TestIntegration/TestObjectPartialRead (0.00s)
    	fstests.go:184: WARN: "TestFTP:" not configured
    --- SKIP: TestIntegration/TestObjectUpdate (0.00s)
    	fstests.go:184: WARN: "TestFTP:" not configured
    --- SKIP: TestIntegration/TestObjectStorable (0.00s)
    	fstests.go:184: WARN: "TestFTP:" not configured
    --- SKIP: TestIntegration/TestFsIsFile (0.00s)
    	fstests.go:184: WARN: "TestFTP:" not configured
    --- SKIP: TestIntegration/TestFsIsFileNotFound (0.00s)
    	fstests.go:184: WARN: "TestFTP:" not configured
    --- SKIP: TestIntegration/TestPublicLink (0.00s)
    	fstests.go:184: WARN: "TestFTP:" not configured
    --- SKIP: TestIntegration/TestObjectRemove (0.00s)
    	fstests.go:184: WARN: "TestFTP:" not configured
    --- SKIP: TestIntegration/TestFsPutStream (0.00s)
    	fstests.go:184: WARN: "TestFTP:" not configured
    --- SKIP: TestIntegration/TestObjectAbout (0.00s)
    	fstests.go:184: WARN: "TestFTP:" not configured
    --- SKIP: TestIntegration/TestObjectPurge (0.00s)
    	fstests.go:184: WARN: "TestFTP:" not configured
    --- SKIP: TestIntegration/TestInternal (0.00s)
    	fstests.go:184: WARN: "TestFTP:" not configured
    --- SKIP: TestIntegration/TestFinalise (0.00s)
    	fstests.go:184: WARN: "TestFTP:" not configured
PASS
ok  	github.com/ncw/rclone/backend/ftp	0.012s
=== RUN   TestIntegration
=== RUN   TestIntegration/TestInit
=== RUN   TestIntegration/TestFsString
=== RUN   TestIntegration/TestFsName
=== RUN   TestIntegration/TestFsRoot
=== RUN   TestIntegration/TestFsRmdirEmpty
=== RUN   TestIntegration/TestFsRmdirNotFound
=== RUN   TestIntegration/TestFsMkdir
=== RUN   TestIntegration/TestFsMkdirRmdirSubdir
=== RUN   TestIntegration/TestFsListEmpty
=== RUN   TestIntegration/TestFsListDirEmpty
=== RUN   TestIntegration/TestFsListRDirEmpty
=== RUN   TestIntegration/TestFsListDirNotFound
=== RUN   TestIntegration/TestFsListRDirNotFound
=== RUN   TestIntegration/TestFsNewObjectNotFound
=== RUN   TestIntegration/TestFsPutFile1
=== RUN   TestIntegration/TestFsPutError
=== RUN   TestIntegration/TestFsPutFile2
=== RUN   TestIntegration/TestFsUpdateFile1
=== RUN   TestIntegration/TestFsListDirFile2
=== RUN   TestIntegration/TestFsListRDirFile2
=== RUN   TestIntegration/TestFsListDirRoot
=== RUN   TestIntegration/TestFsListRDirRoot
=== RUN   TestIntegration/TestFsListSubdir
=== RUN   TestIntegration/TestFsListRSubdir
=== RUN   TestIntegration/TestFsListLevel2
=== RUN   TestIntegration/TestFsListRLevel2
=== RUN   TestIntegration/TestFsListFile1
=== RUN   TestIntegration/TestFsNewObject
=== RUN   TestIntegration/TestFsListFile1and2
=== RUN   TestIntegration/TestFsNewObjectDir
=== RUN   TestIntegration/TestFsCopy
=== RUN   TestIntegration/TestFsMove
=== RUN   TestIntegration/TestFsDirMove
=== RUN   TestIntegration/TestFsRmdirFull
=== RUN   TestIntegration/TestFsPrecision
=== RUN   TestIntegration/TestFsChangeNotify
=== RUN   TestIntegration/TestObjectString
=== RUN   TestIntegration/TestObjectFs
=== RUN   TestIntegration/TestObjectRemote
=== RUN   TestIntegration/TestObjectHashes
=== RUN   TestIntegration/TestObjectModTime
=== RUN   TestIntegration/TestObjectMimeType
=== RUN   TestIntegration/TestObjectSetModTime
=== RUN   TestIntegration/TestObjectSize
=== RUN   TestIntegration/TestObjectOpen
=== RUN   TestIntegration/TestObjectOpenSeek
=== RUN   TestIntegration/TestObjectOpenRange
=== RUN   TestIntegration/TestObjectPartialRead
=== RUN   TestIntegration/TestObjectUpdate
=== RUN   TestIntegration/TestObjectStorable
=== RUN   TestIntegration/TestFsIsFile
=== RUN   TestIntegration/TestFsIsFileNotFound
=== RUN   TestIntegration/TestPublicLink
=== RUN   TestIntegration/TestObjectRemove
=== RUN   TestIntegration/TestFsPutStream
=== RUN   TestIntegration/TestObjectAbout
=== RUN   TestIntegration/TestObjectPurge
=== RUN   TestIntegration/TestInternal
=== RUN   TestIntegration/TestFinalise
--- PASS: TestIntegration (0.00s)
    --- SKIP: TestIntegration/TestInit (0.00s)
    	fstests.go:221: Using remote "TestGoogleCloudStorage:"
    	fstests.go:175: Didn't find "TestGoogleCloudStorage:" in config file - skipping tests
    	fstests.go:184: WARN: "TestGoogleCloudStorage:" not configured
    --- SKIP: TestIntegration/TestFsString (0.00s)
    	fstests.go:184: WARN: "TestGoogleCloudStorage:" not configured
    --- SKIP: TestIntegration/TestFsName (0.00s)
    	fstests.go:184: WARN: "TestGoogleCloudStorage:" not configured
    --- SKIP: TestIntegration/TestFsRoot (0.00s)
    	fstests.go:184: WARN: "TestGoogleCloudStorage:" not configured
    --- SKIP: TestIntegration/TestFsRmdirEmpty (0.00s)
    	fstests.go:184: WARN: "TestGoogleCloudStorage:" not configured
    --- SKIP: TestIntegration/TestFsRmdirNotFound (0.00s)
    	fstests.go:184: WARN: "TestGoogleCloudStorage:" not configured
    --- SKIP: TestIntegration/TestFsMkdir (0.00s)
    	fstests.go:184: WARN: "TestGoogleCloudStorage:" not configured
    --- SKIP: TestIntegration/TestFsMkdirRmdirSubdir (0.00s)
    	fstests.go:184: WARN: "TestGoogleCloudStorage:" not configured
    --- SKIP: TestIntegration/TestFsListEmpty (0.00s)
    	fstests.go:184: WARN: "TestGoogleCloudStorage:" not configured
    --- SKIP: TestIntegration/TestFsListDirEmpty (0.00s)
    	fstests.go:184: WARN: "TestGoogleCloudStorage:" not configured
    --- SKIP: TestIntegration/TestFsListRDirEmpty (0.00s)
    	fstests.go:184: WARN: "TestGoogleCloudStorage:" not configured
    --- SKIP: TestIntegration/TestFsListDirNotFound (0.00s)
    	fstests.go:184: WARN: "TestGoogleCloudStorage:" not configured
    --- SKIP: TestIntegration/TestFsListRDirNotFound (0.00s)
    	fstests.go:184: WARN: "TestGoogleCloudStorage:" not configured
    --- SKIP: TestIntegration/TestFsNewObjectNotFound (0.00s)
    	fstests.go:184: WARN: "TestGoogleCloudStorage:" not configured
    --- SKIP: TestIntegration/TestFsPutFile1 (0.00s)
    	fstests.go:184: WARN: "TestGoogleCloudStorage:" not configured
    --- SKIP: TestIntegration/TestFsPutError (0.00s)
    	fstests.go:184: WARN: "TestGoogleCloudStorage:" not configured
    --- SKIP: TestIntegration/TestFsPutFile2 (0.00s)
    	fstests.go:184: WARN: "TestGoogleCloudStorage:" not configured
    --- SKIP: TestIntegration/TestFsUpdateFile1 (0.00s)
    	fstests.go:184: WARN: "TestGoogleCloudStorage:" not configured
    --- SKIP: TestIntegration/TestFsListDirFile2 (0.00s)
    	fstests.go:184: WARN: "TestGoogleCloudStorage:" not configured
    --- SKIP: TestIntegration/TestFsListRDirFile2 (0.00s)
    	fstests.go:184: WARN: "TestGoogleCloudStorage:" not configured
    --- SKIP: TestIntegration/TestFsListDirRoot (0.00s)
    	fstests.go:184: WARN: "TestGoogleCloudStorage:" not configured
    --- SKIP: TestIntegration/TestFsListRDirRoot (0.00s)
    	fstests.go:184: WARN: "TestGoogleCloudStorage:" not configured
    --- SKIP: TestIntegration/TestFsListSubdir (0.00s)
    	fstests.go:184: WARN: "TestGoogleCloudStorage:" not configured
    --- SKIP: TestIntegration/TestFsListRSubdir (0.00s)
    	fstests.go:184: WARN: "TestGoogleCloudStorage:" not configured
    --- SKIP: TestIntegration/TestFsListLevel2 (0.00s)
    	fstests.go:184: WARN: "TestGoogleCloudStorage:" not configured
    --- SKIP: TestIntegration/TestFsListRLevel2 (0.00s)
    	fstests.go:184: WARN: "TestGoogleCloudStorage:" not configured
    --- SKIP: TestIntegration/TestFsListFile1 (0.00s)
    	fstests.go:184: WARN: "TestGoogleCloudStorage:" not configured
    --- SKIP: TestIntegration/TestFsNewObject (0.00s)
    	fstests.go:184: WARN: "TestGoogleCloudStorage:" not configured
    --- SKIP: TestIntegration/TestFsListFile1and2 (0.00s)
    	fstests.go:184: WARN: "TestGoogleCloudStorage:" not configured
    --- SKIP: TestIntegration/TestFsNewObjectDir (0.00s)
    	fstests.go:184: WARN: "TestGoogleCloudStorage:" not configured
    --- SKIP: TestIntegration/TestFsCopy (0.00s)
    	fstests.go:184: WARN: "TestGoogleCloudStorage:" not configured
    --- SKIP: TestIntegration/TestFsMove (0.00s)
    	fstests.go:184: WARN: "TestGoogleCloudStorage:" not configured
    --- SKIP: TestIntegration/TestFsDirMove (0.00s)
    	fstests.go:184: WARN: "TestGoogleCloudStorage:" not configured
    --- SKIP: TestIntegration/TestFsRmdirFull (0.00s)
    	fstests.go:184: WARN: "TestGoogleCloudStorage:" not configured
    --- SKIP: TestIntegration/TestFsPrecision (0.00s)
    	fstests.go:184: WARN: "TestGoogleCloudStorage:" not configured
    --- SKIP: TestIntegration/TestFsChangeNotify (0.00s)
    	fstests.go:184: WARN: "TestGoogleCloudStorage:" not configured
    --- SKIP: TestIntegration/TestObjectString (0.00s)
    	fstests.go:184: WARN: "TestGoogleCloudStorage:" not configured
    --- SKIP: TestIntegration/TestObjectFs (0.00s)
    	fstests.go:184: WARN: "TestGoogleCloudStorage:" not configured
    --- SKIP: TestIntegration/TestObjectRemote (0.00s)
    	fstests.go:184: WARN: "TestGoogleCloudStorage:" not configured
    --- SKIP: TestIntegration/TestObjectHashes (0.00s)
    	fstests.go:184: WARN: "TestGoogleCloudStorage:" not configured
    --- SKIP: TestIntegration/TestObjectModTime (0.00s)
    	fstests.go:184: WARN: "TestGoogleCloudStorage:" not configured
    --- SKIP: TestIntegration/TestObjectMimeType (0.00s)
    	fstests.go:184: WARN: "TestGoogleCloudStorage:" not configured
    --- SKIP: TestIntegration/TestObjectSetModTime (0.00s)
    	fstests.go:184: WARN: "TestGoogleCloudStorage:" not configured
    --- SKIP: TestIntegration/TestObjectSize (0.00s)
    	fstests.go:184: WARN: "TestGoogleCloudStorage:" not configured
    --- SKIP: TestIntegration/TestObjectOpen (0.00s)
    	fstests.go:184: WARN: "TestGoogleCloudStorage:" not configured
    --- SKIP: TestIntegration/TestObjectOpenSeek (0.00s)
    	fstests.go:184: WARN: "TestGoogleCloudStorage:" not configured
    --- SKIP: TestIntegration/TestObjectOpenRange (0.00s)
    	fstests.go:184: WARN: "TestGoogleCloudStorage:" not configured
    --- SKIP: TestIntegration/TestObjectPartialRead (0.00s)
    	fstests.go:184: WARN: "TestGoogleCloudStorage:" not configured
    --- SKIP: TestIntegration/TestObjectUpdate (0.00s)
    	fstests.go:184: WARN: "TestGoogleCloudStorage:" not configured
    --- SKIP: TestIntegration/TestObjectStorable (0.00s)
    	fstests.go:184: WARN: "TestGoogleCloudStorage:" not configured
    --- SKIP: TestIntegration/TestFsIsFile (0.00s)
    	fstests.go:184: WARN: "TestGoogleCloudStorage:" not configured
    --- SKIP: TestIntegration/TestFsIsFileNotFound (0.00s)
    	fstests.go:184: WARN: "TestGoogleCloudStorage:" not configured
    --- SKIP: TestIntegration/TestPublicLink (0.00s)
    	fstests.go:184: WARN: "TestGoogleCloudStorage:" not configured
    --- SKIP: TestIntegration/TestObjectRemove (0.00s)
    	fstests.go:184: WARN: "TestGoogleCloudStorage:" not configured
    --- SKIP: TestIntegration/TestFsPutStream (0.00s)
    	fstests.go:184: WARN: "TestGoogleCloudStorage:" not configured
    --- SKIP: TestIntegration/TestObjectAbout (0.00s)
    	fstests.go:184: WARN: "TestGoogleCloudStorage:" not configured
    --- SKIP: TestIntegration/TestObjectPurge (0.00s)
    	fstests.go:184: WARN: "TestGoogleCloudStorage:" not configured
    --- SKIP: TestIntegration/TestInternal (0.00s)
    	fstests.go:184: WARN: "TestGoogleCloudStorage:" not configured
    --- SKIP: TestIntegration/TestFinalise (0.00s)
    	fstests.go:184: WARN: "TestGoogleCloudStorage:" not configured
PASS
ok  	github.com/ncw/rclone/backend/googlecloudstorage	0.009s
=== RUN   TestListRoot
--- PASS: TestListRoot (0.01s)
=== RUN   TestListSubDir
--- PASS: TestListSubDir (0.00s)
=== RUN   TestNewObject
--- PASS: TestNewObject (0.00s)
=== RUN   TestOpen
--- PASS: TestOpen (0.00s)
=== RUN   TestMimeType
--- PASS: TestMimeType (0.00s)
=== RUN   TestIsAFileRoot
--- PASS: TestIsAFileRoot (0.00s)
=== RUN   TestIsAFileSubDir
--- PASS: TestIsAFileSubDir (0.00s)
=== RUN   TestParseName
--- PASS: TestParseName (0.00s)
=== RUN   TestParseEmpty
--- PASS: TestParseEmpty (0.00s)
=== RUN   TestParseApache
--- PASS: TestParseApache (0.00s)
=== RUN   TestParseMemstore
--- PASS: TestParseMemstore (0.00s)
=== RUN   TestParseNginx
--- PASS: TestParseNginx (0.00s)
=== RUN   TestParseCaddy
--- PASS: TestParseCaddy (0.00s)
PASS
ok  	github.com/ncw/rclone/backend/http	0.027s
=== RUN   TestIntegration
=== RUN   TestIntegration/TestInit
=== RUN   TestIntegration/TestFsString
=== RUN   TestIntegration/TestFsName
=== RUN   TestIntegration/TestFsRoot
=== RUN   TestIntegration/TestFsRmdirEmpty
=== RUN   TestIntegration/TestFsRmdirNotFound
=== RUN   TestIntegration/TestFsMkdir
=== RUN   TestIntegration/TestFsMkdirRmdirSubdir
=== RUN   TestIntegration/TestFsListEmpty
=== RUN   TestIntegration/TestFsListDirEmpty
=== RUN   TestIntegration/TestFsListRDirEmpty
=== RUN   TestIntegration/TestFsListDirNotFound
=== RUN   TestIntegration/TestFsListRDirNotFound
=== RUN   TestIntegration/TestFsNewObjectNotFound
=== RUN   TestIntegration/TestFsPutFile1
=== RUN   TestIntegration/TestFsPutError
=== RUN   TestIntegration/TestFsPutFile2
=== RUN   TestIntegration/TestFsUpdateFile1
=== RUN   TestIntegration/TestFsListDirFile2
=== RUN   TestIntegration/TestFsListRDirFile2
=== RUN   TestIntegration/TestFsListDirRoot
=== RUN   TestIntegration/TestFsListRDirRoot
=== RUN   TestIntegration/TestFsListSubdir
=== RUN   TestIntegration/TestFsListRSubdir
=== RUN   TestIntegration/TestFsListLevel2
=== RUN   TestIntegration/TestFsListRLevel2
=== RUN   TestIntegration/TestFsListFile1
=== RUN   TestIntegration/TestFsNewObject
=== RUN   TestIntegration/TestFsListFile1and2
=== RUN   TestIntegration/TestFsNewObjectDir
=== RUN   TestIntegration/TestFsCopy
=== RUN   TestIntegration/TestFsMove
=== RUN   TestIntegration/TestFsDirMove
=== RUN   TestIntegration/TestFsRmdirFull
=== RUN   TestIntegration/TestFsPrecision
=== RUN   TestIntegration/TestFsChangeNotify
=== RUN   TestIntegration/TestObjectString
=== RUN   TestIntegration/TestObjectFs
=== RUN   TestIntegration/TestObjectRemote
=== RUN   TestIntegration/TestObjectHashes
=== RUN   TestIntegration/TestObjectModTime
=== RUN   TestIntegration/TestObjectMimeType
=== RUN   TestIntegration/TestObjectSetModTime
=== RUN   TestIntegration/TestObjectSize
=== RUN   TestIntegration/TestObjectOpen
=== RUN   TestIntegration/TestObjectOpenSeek
=== RUN   TestIntegration/TestObjectOpenRange
=== RUN   TestIntegration/TestObjectPartialRead
=== RUN   TestIntegration/TestObjectUpdate
=== RUN   TestIntegration/TestObjectStorable
=== RUN   TestIntegration/TestFsIsFile
=== RUN   TestIntegration/TestFsIsFileNotFound
=== RUN   TestIntegration/TestPublicLink
=== RUN   TestIntegration/TestObjectRemove
=== RUN   TestIntegration/TestFsPutStream
=== RUN   TestIntegration/TestObjectAbout
=== RUN   TestIntegration/TestObjectPurge
=== RUN   TestIntegration/TestInternal
=== RUN   TestIntegration/TestFinalise
--- PASS: TestIntegration (0.00s)
    --- SKIP: TestIntegration/TestInit (0.00s)
    	fstests.go:221: Using remote "TestHubic:"
    	fstests.go:175: Didn't find "TestHubic:" in config file - skipping tests
    	fstests.go:184: WARN: "TestHubic:" not configured
    --- SKIP: TestIntegration/TestFsString (0.00s)
    	fstests.go:184: WARN: "TestHubic:" not configured
    --- SKIP: TestIntegration/TestFsName (0.00s)
    	fstests.go:184: WARN: "TestHubic:" not configured
    --- SKIP: TestIntegration/TestFsRoot (0.00s)
    	fstests.go:184: WARN: "TestHubic:" not configured
    --- SKIP: TestIntegration/TestFsRmdirEmpty (0.00s)
    	fstests.go:184: WARN: "TestHubic:" not configured
    --- SKIP: TestIntegration/TestFsRmdirNotFound (0.00s)
    	fstests.go:184: WARN: "TestHubic:" not configured
    --- SKIP: TestIntegration/TestFsMkdir (0.00s)
    	fstests.go:184: WARN: "TestHubic:" not configured
    --- SKIP: TestIntegration/TestFsMkdirRmdirSubdir (0.00s)
    	fstests.go:184: WARN: "TestHubic:" not configured
    --- SKIP: TestIntegration/TestFsListEmpty (0.00s)
    	fstests.go:184: WARN: "TestHubic:" not configured
    --- SKIP: TestIntegration/TestFsListDirEmpty (0.00s)
    	fstests.go:184: WARN: "TestHubic:" not configured
    --- SKIP: TestIntegration/TestFsListRDirEmpty (0.00s)
    	fstests.go:184: WARN: "TestHubic:" not configured
    --- SKIP: TestIntegration/TestFsListDirNotFound (0.00s)
    	fstests.go:184: WARN: "TestHubic:" not configured
    --- SKIP: TestIntegration/TestFsListRDirNotFound (0.00s)
    	fstests.go:184: WARN: "TestHubic:" not configured
    --- SKIP: TestIntegration/TestFsNewObjectNotFound (0.00s)
    	fstests.go:184: WARN: "TestHubic:" not configured
    --- SKIP: TestIntegration/TestFsPutFile1 (0.00s)
    	fstests.go:184: WARN: "TestHubic:" not configured
    --- SKIP: TestIntegration/TestFsPutError (0.00s)
    	fstests.go:184: WARN: "TestHubic:" not configured
    --- SKIP: TestIntegration/TestFsPutFile2 (0.00s)
    	fstests.go:184: WARN: "TestHubic:" not configured
    --- SKIP: TestIntegration/TestFsUpdateFile1 (0.00s)
    	fstests.go:184: WARN: "TestHubic:" not configured
    --- SKIP: TestIntegration/TestFsListDirFile2 (0.00s)
    	fstests.go:184: WARN: "TestHubic:" not configured
    --- SKIP: TestIntegration/TestFsListRDirFile2 (0.00s)
    	fstests.go:184: WARN: "TestHubic:" not configured
    --- SKIP: TestIntegration/TestFsListDirRoot (0.00s)
    	fstests.go:184: WARN: "TestHubic:" not configured
    --- SKIP: TestIntegration/TestFsListRDirRoot (0.00s)
    	fstests.go:184: WARN: "TestHubic:" not configured
    --- SKIP: TestIntegration/TestFsListSubdir (0.00s)
    	fstests.go:184: WARN: "TestHubic:" not configured
    --- SKIP: TestIntegration/TestFsListRSubdir (0.00s)
    	fstests.go:184: WARN: "TestHubic:" not configured
    --- SKIP: TestIntegration/TestFsListLevel2 (0.00s)
    	fstests.go:184: WARN: "TestHubic:" not configured
    --- SKIP: TestIntegration/TestFsListRLevel2 (0.00s)
    	fstests.go:184: WARN: "TestHubic:" not configured
    --- SKIP: TestIntegration/TestFsListFile1 (0.00s)
    	fstests.go:184: WARN: "TestHubic:" not configured
    --- SKIP: TestIntegration/TestFsNewObject (0.00s)
    	fstests.go:184: WARN: "TestHubic:" not configured
    --- SKIP: TestIntegration/TestFsListFile1and2 (0.00s)
    	fstests.go:184: WARN: "TestHubic:" not configured
    --- SKIP: TestIntegration/TestFsNewObjectDir (0.00s)
    	fstests.go:184: WARN: "TestHubic:" not configured
    --- SKIP: TestIntegration/TestFsCopy (0.00s)
    	fstests.go:184: WARN: "TestHubic:" not configured
    --- SKIP: TestIntegration/TestFsMove (0.00s)
    	fstests.go:184: WARN: "TestHubic:" not configured
    --- SKIP: TestIntegration/TestFsDirMove (0.00s)
    	fstests.go:184: WARN: "TestHubic:" not configured
    --- SKIP: TestIntegration/TestFsRmdirFull (0.00s)
    	fstests.go:184: WARN: "TestHubic:" not configured
    --- SKIP: TestIntegration/TestFsPrecision (0.00s)
    	fstests.go:184: WARN: "TestHubic:" not configured
    --- SKIP: TestIntegration/TestFsChangeNotify (0.00s)
    	fstests.go:184: WARN: "TestHubic:" not configured
    --- SKIP: TestIntegration/TestObjectString (0.00s)
    	fstests.go:184: WARN: "TestHubic:" not configured
    --- SKIP: TestIntegration/TestObjectFs (0.00s)
    	fstests.go:184: WARN: "TestHubic:" not configured
    --- SKIP: TestIntegration/TestObjectRemote (0.00s)
    	fstests.go:184: WARN: "TestHubic:" not configured
    --- SKIP: TestIntegration/TestObjectHashes (0.00s)
    	fstests.go:184: WARN: "TestHubic:" not configured
    --- SKIP: TestIntegration/TestObjectModTime (0.00s)
    	fstests.go:184: WARN: "TestHubic:" not configured
    --- SKIP: TestIntegration/TestObjectMimeType (0.00s)
    	fstests.go:184: WARN: "TestHubic:" not configured
    --- SKIP: TestIntegration/TestObjectSetModTime (0.00s)
    	fstests.go:184: WARN: "TestHubic:" not configured
    --- SKIP: TestIntegration/TestObjectSize (0.00s)
    	fstests.go:184: WARN: "TestHubic:" not configured
    --- SKIP: TestIntegration/TestObjectOpen (0.00s)
    	fstests.go:184: WARN: "TestHubic:" not configured
    --- SKIP: TestIntegration/TestObjectOpenSeek (0.00s)
    	fstests.go:184: WARN: "TestHubic:" not configured
    --- SKIP: TestIntegration/TestObjectOpenRange (0.00s)
    	fstests.go:184: WARN: "TestHubic:" not configured
    --- SKIP: TestIntegration/TestObjectPartialRead (0.00s)
    	fstests.go:184: WARN: "TestHubic:" not configured
    --- SKIP: TestIntegration/TestObjectUpdate (0.00s)
    	fstests.go:184: WARN: "TestHubic:" not configured
    --- SKIP: TestIntegration/TestObjectStorable (0.00s)
    	fstests.go:184: WARN: "TestHubic:" not configured
    --- SKIP: TestIntegration/TestFsIsFile (0.00s)
    	fstests.go:184: WARN: "TestHubic:" not configured
    --- SKIP: TestIntegration/TestFsIsFileNotFound (0.00s)
    	fstests.go:184: WARN: "TestHubic:" not configured
    --- SKIP: TestIntegration/TestPublicLink (0.00s)
    	fstests.go:184: WARN: "TestHubic:" not configured
    --- SKIP: TestIntegration/TestObjectRemove (0.00s)
    	fstests.go:184: WARN: "TestHubic:" not configured
    --- SKIP: TestIntegration/TestFsPutStream (0.00s)
    	fstests.go:184: WARN: "TestHubic:" not configured
    --- SKIP: TestIntegration/TestObjectAbout (0.00s)
    	fstests.go:184: WARN: "TestHubic:" not configured
    --- SKIP: TestIntegration/TestObjectPurge (0.00s)
    	fstests.go:184: WARN: "TestHubic:" not configured
    --- SKIP: TestIntegration/TestInternal (0.00s)
    	fstests.go:184: WARN: "TestHubic:" not configured
    --- SKIP: TestIntegration/TestFinalise (0.00s)
    	fstests.go:184: WARN: "TestHubic:" not configured
PASS
ok  	github.com/ncw/rclone/backend/hubic	0.007s
=== RUN   TestMapper
--- PASS: TestMapper (0.00s)
=== RUN   TestUpdatingCheck
2018/06/11 14:26:28 ERROR : : error listing: directory not found
--- PASS: TestUpdatingCheck (0.00s)
	run.go:173: Remote "Local file system at /tmp/rclone586504522", Local "Local file system at /tmp/rclone092038177", Modify Window "1ns"
=== RUN   TestRemove
--- PASS: TestRemove (0.25s)
=== RUN   TestUncPaths
--- PASS: TestUncPaths (0.00s)
=== RUN   TestCleanRemote
2018/06/11 14:26:28 NOTICE: Local file system at : Replacing invalid UTF-8 characters in "\x80"
2018/06/11 14:26:28 NOTICE: Local file system at : Replacing invalid UTF-8 characters in "a\x80b"
--- PASS: TestCleanRemote (0.00s)
=== RUN   TestCleanWindows
--- PASS: TestCleanWindows (0.00s)
=== RUN   TestIntegration
=== RUN   TestIntegration/TestInit
=== RUN   TestIntegration/TestFsString
=== RUN   TestIntegration/TestFsName
=== RUN   TestIntegration/TestFsRoot
=== RUN   TestIntegration/TestFsRmdirEmpty
=== RUN   TestIntegration/TestFsRmdirNotFound
=== RUN   TestIntegration/TestFsMkdir
=== RUN   TestIntegration/TestFsMkdirRmdirSubdir
=== RUN   TestIntegration/TestFsListEmpty
=== RUN   TestIntegration/TestFsListDirEmpty
=== RUN   TestIntegration/TestFsListRDirEmpty
=== RUN   TestIntegration/TestFsListDirNotFound
2018/06/11 14:26:28 ERROR : does not exist: error listing: directory not found
=== RUN   TestIntegration/TestFsListRDirNotFound
=== RUN   TestIntegration/TestFsNewObjectNotFound
=== RUN   TestIntegration/TestFsPutFile1
=== RUN   TestIntegration/TestFsPutError
2018/06/11 14:26:28 NOTICE: hello? sausage/êé/Hello, 世界/ " ' @ < > & ? + ≠/z.txt: Removing partially written file on error: potato
=== RUN   TestIntegration/TestFsPutFile2
=== RUN   TestIntegration/TestFsUpdateFile1
=== RUN   TestIntegration/TestFsListDirFile2
=== RUN   TestIntegration/TestFsListRDirFile2
=== RUN   TestIntegration/TestFsListDirRoot
=== RUN   TestIntegration/TestFsListRDirRoot
=== RUN   TestIntegration/TestFsListSubdir
=== RUN   TestIntegration/TestFsListRSubdir
=== RUN   TestIntegration/TestFsListLevel2
=== RUN   TestIntegration/TestFsListRLevel2
=== RUN   TestIntegration/TestFsListFile1
=== RUN   TestIntegration/TestFsNewObject
=== RUN   TestIntegration/TestFsListFile1and2
=== RUN   TestIntegration/TestFsNewObjectDir
=== RUN   TestIntegration/TestFsCopy
=== RUN   TestIntegration/TestFsMove
=== RUN   TestIntegration/TestFsDirMove
=== RUN   TestIntegration/TestFsRmdirFull
=== RUN   TestIntegration/TestFsPrecision
=== RUN   TestIntegration/TestFsChangeNotify
=== RUN   TestIntegration/TestObjectString
=== RUN   TestIntegration/TestObjectFs
=== RUN   TestIntegration/TestObjectRemote
=== RUN   TestIntegration/TestObjectHashes
=== RUN   TestIntegration/TestObjectModTime
=== RUN   TestIntegration/TestObjectMimeType
=== RUN   TestIntegration/TestObjectSetModTime
=== RUN   TestIntegration/TestObjectSize
=== RUN   TestIntegration/TestObjectOpen
=== RUN   TestIntegration/TestObjectOpenSeek
=== RUN   TestIntegration/TestObjectOpenRange
=== RUN   TestIntegration/TestObjectPartialRead
=== RUN   TestIntegration/TestObjectUpdate
=== RUN   TestIntegration/TestObjectStorable
=== RUN   TestIntegration/TestFsIsFile
=== RUN   TestIntegration/TestFsIsFileNotFound
2018/06/11 14:26:28 ERROR : : error listing: directory not found
=== RUN   TestIntegration/TestPublicLink
=== RUN   TestIntegration/TestObjectRemove
=== RUN   TestIntegration/TestFsPutStream
=== RUN   TestIntegration/TestObjectAbout
=== RUN   TestIntegration/TestObjectPurge
2018/06/11 14:26:28 ERROR : : error listing: directory not found
=== RUN   TestIntegration/TestInternal
=== RUN   TestIntegration/TestFinalise
--- PASS: TestIntegration (0.02s)
    --- PASS: TestIntegration/TestInit (0.00s)
    	fstests.go:221: Using remote ""
    --- PASS: TestIntegration/TestFsString (0.00s)
    --- PASS: TestIntegration/TestFsName (0.00s)
    --- PASS: TestIntegration/TestFsRoot (0.00s)
    --- PASS: TestIntegration/TestFsRmdirEmpty (0.00s)
    --- PASS: TestIntegration/TestFsRmdirNotFound (0.00s)
    --- PASS: TestIntegration/TestFsMkdir (0.00s)
    --- PASS: TestIntegration/TestFsMkdirRmdirSubdir (0.00s)
    --- PASS: TestIntegration/TestFsListEmpty (0.00s)
    --- PASS: TestIntegration/TestFsListDirEmpty (0.00s)
    --- SKIP: TestIntegration/TestFsListRDirEmpty (0.00s)
    	fstests.go:193: FS has no ListR interface
    --- PASS: TestIntegration/TestFsListDirNotFound (0.00s)
    --- SKIP: TestIntegration/TestFsListRDirNotFound (0.00s)
    	fstests.go:193: FS has no ListR interface
    --- PASS: TestIntegration/TestFsNewObjectNotFound (0.00s)
    --- PASS: TestIntegration/TestFsPutFile1 (0.00s)
    --- PASS: TestIntegration/TestFsPutError (0.00s)
    --- PASS: TestIntegration/TestFsPutFile2 (0.00s)
    --- PASS: TestIntegration/TestFsUpdateFile1 (0.00s)
    --- PASS: TestIntegration/TestFsListDirFile2 (0.00s)
    --- SKIP: TestIntegration/TestFsListRDirFile2 (0.00s)
    	fstests.go:193: FS has no ListR interface
    --- PASS: TestIntegration/TestFsListDirRoot (0.00s)
    --- SKIP: TestIntegration/TestFsListRDirRoot (0.00s)
    	fstests.go:193: FS has no ListR interface
    --- PASS: TestIntegration/TestFsListSubdir (0.00s)
    --- SKIP: TestIntegration/TestFsListRSubdir (0.00s)
    	fstests.go:193: FS has no ListR interface
    --- PASS: TestIntegration/TestFsListLevel2 (0.00s)
    --- SKIP: TestIntegration/TestFsListRLevel2 (0.00s)
    	fstests.go:193: FS has no ListR interface
    --- PASS: TestIntegration/TestFsListFile1 (0.00s)
    --- PASS: TestIntegration/TestFsNewObject (0.00s)
    --- PASS: TestIntegration/TestFsListFile1and2 (0.00s)
    --- PASS: TestIntegration/TestFsNewObjectDir (0.00s)
    --- SKIP: TestIntegration/TestFsCopy (0.00s)
    	fstests.go:566: FS has no Copier interface
    --- PASS: TestIntegration/TestFsMove (0.00s)
    --- PASS: TestIntegration/TestFsDirMove (0.00s)
    --- PASS: TestIntegration/TestFsRmdirFull (0.00s)
    --- PASS: TestIntegration/TestFsPrecision (0.00s)
    --- SKIP: TestIntegration/TestFsChangeNotify (0.00s)
    	fstests.go:754: FS has no ChangeNotify interface
    --- PASS: TestIntegration/TestObjectString (0.00s)
    --- PASS: TestIntegration/TestObjectFs (0.00s)
    --- PASS: TestIntegration/TestObjectRemote (0.00s)
    --- PASS: TestIntegration/TestObjectHashes (0.00s)
    --- PASS: TestIntegration/TestObjectModTime (0.00s)
    --- SKIP: TestIntegration/TestObjectMimeType (0.00s)
    	fstests.go:860: MimeType method not supported
    --- PASS: TestIntegration/TestObjectSetModTime (0.00s)
    --- PASS: TestIntegration/TestObjectSize (0.00s)
    --- PASS: TestIntegration/TestObjectOpen (0.00s)
    --- PASS: TestIntegration/TestObjectOpenSeek (0.00s)
    --- PASS: TestIntegration/TestObjectOpenRange (0.00s)
    --- PASS: TestIntegration/TestObjectPartialRead (0.00s)
    --- PASS: TestIntegration/TestObjectUpdate (0.00s)
    --- PASS: TestIntegration/TestObjectStorable (0.00s)
    --- PASS: TestIntegration/TestFsIsFile (0.00s)
    --- PASS: TestIntegration/TestFsIsFileNotFound (0.00s)
    --- SKIP: TestIntegration/TestPublicLink (0.00s)
    	fstests.go:1001: FS has no PublicLinker interface
    --- PASS: TestIntegration/TestObjectRemove (0.00s)
    --- PASS: TestIntegration/TestFsPutStream (0.00s)
    --- PASS: TestIntegration/TestObjectAbout (0.00s)
    --- PASS: TestIntegration/TestObjectPurge (0.00s)
    --- SKIP: TestIntegration/TestInternal (0.00s)
    	fstests.go:1140: *local.Fs does not implement InternalTester
    --- PASS: TestIntegration/TestFinalise (0.00s)
PASS
2018/06/11 14:26:28 purge failed: lstat /tmp/rclone586504522: no such file or directory
ok  	github.com/ncw/rclone/backend/local	0.277s
=== RUN   TestIntegration
=== RUN   TestIntegration/TestInit
=== RUN   TestIntegration/TestFsString
=== RUN   TestIntegration/TestFsName
=== RUN   TestIntegration/TestFsRoot
=== RUN   TestIntegration/TestFsRmdirEmpty
=== RUN   TestIntegration/TestFsRmdirNotFound
=== RUN   TestIntegration/TestFsMkdir
=== RUN   TestIntegration/TestFsMkdirRmdirSubdir
=== RUN   TestIntegration/TestFsListEmpty
=== RUN   TestIntegration/TestFsListDirEmpty
=== RUN   TestIntegration/TestFsListRDirEmpty
=== RUN   TestIntegration/TestFsListDirNotFound
=== RUN   TestIntegration/TestFsListRDirNotFound
=== RUN   TestIntegration/TestFsNewObjectNotFound
=== RUN   TestIntegration/TestFsPutFile1
=== RUN   TestIntegration/TestFsPutError
=== RUN   TestIntegration/TestFsPutFile2
=== RUN   TestIntegration/TestFsUpdateFile1
=== RUN   TestIntegration/TestFsListDirFile2
=== RUN   TestIntegration/TestFsListRDirFile2
=== RUN   TestIntegration/TestFsListDirRoot
=== RUN   TestIntegration/TestFsListRDirRoot
=== RUN   TestIntegration/TestFsListSubdir
=== RUN   TestIntegration/TestFsListRSubdir
=== RUN   TestIntegration/TestFsListLevel2
=== RUN   TestIntegration/TestFsListRLevel2
=== RUN   TestIntegration/TestFsListFile1
=== RUN   TestIntegration/TestFsNewObject
=== RUN   TestIntegration/TestFsListFile1and2
=== RUN   TestIntegration/TestFsNewObjectDir
=== RUN   TestIntegration/TestFsCopy
=== RUN   TestIntegration/TestFsMove
=== RUN   TestIntegration/TestFsDirMove
=== RUN   TestIntegration/TestFsRmdirFull
=== RUN   TestIntegration/TestFsPrecision
=== RUN   TestIntegration/TestFsChangeNotify
=== RUN   TestIntegration/TestObjectString
=== RUN   TestIntegration/TestObjectFs
=== RUN   TestIntegration/TestObjectRemote
=== RUN   TestIntegration/TestObjectHashes
=== RUN   TestIntegration/TestObjectModTime
=== RUN   TestIntegration/TestObjectMimeType
=== RUN   TestIntegration/TestObjectSetModTime
=== RUN   TestIntegration/TestObjectSize
=== RUN   TestIntegration/TestObjectOpen
=== RUN   TestIntegration/TestObjectOpenSeek
=== RUN   TestIntegration/TestObjectOpenRange
=== RUN   TestIntegration/TestObjectPartialRead
=== RUN   TestIntegration/TestObjectUpdate
=== RUN   TestIntegration/TestObjectStorable
=== RUN   TestIntegration/TestFsIsFile
=== RUN   TestIntegration/TestFsIsFileNotFound
=== RUN   TestIntegration/TestPublicLink
=== RUN   TestIntegration/TestObjectRemove
=== RUN   TestIntegration/TestFsPutStream
=== RUN   TestIntegration/TestObjectAbout
=== RUN   TestIntegration/TestObjectPurge
=== RUN   TestIntegration/TestInternal
=== RUN   TestIntegration/TestFinalise
--- PASS: TestIntegration (0.00s)
    --- SKIP: TestIntegration/TestInit (0.00s)
    	fstests.go:221: Using remote "TestMega:"
    	fstests.go:175: Didn't find "TestMega:" in config file - skipping tests
    	fstests.go:184: WARN: "TestMega:" not configured
    --- SKIP: TestIntegration/TestFsString (0.00s)
    	fstests.go:184: WARN: "TestMega:" not configured
    --- SKIP: TestIntegration/TestFsName (0.00s)
    	fstests.go:184: WARN: "TestMega:" not configured
    --- SKIP: TestIntegration/TestFsRoot (0.00s)
    	fstests.go:184: WARN: "TestMega:" not configured
    --- SKIP: TestIntegration/TestFsRmdirEmpty (0.00s)
    	fstests.go:184: WARN: "TestMega:" not configured
    --- SKIP: TestIntegration/TestFsRmdirNotFound (0.00s)
    	fstests.go:184: WARN: "TestMega:" not configured
    --- SKIP: TestIntegration/TestFsMkdir (0.00s)
    	fstests.go:184: WARN: "TestMega:" not configured
    --- SKIP: TestIntegration/TestFsMkdirRmdirSubdir (0.00s)
    	fstests.go:184: WARN: "TestMega:" not configured
    --- SKIP: TestIntegration/TestFsListEmpty (0.00s)
    	fstests.go:184: WARN: "TestMega:" not configured
    --- SKIP: TestIntegration/TestFsListDirEmpty (0.00s)
    	fstests.go:184: WARN: "TestMega:" not configured
    --- SKIP: TestIntegration/TestFsListRDirEmpty (0.00s)
    	fstests.go:184: WARN: "TestMega:" not configured
    --- SKIP: TestIntegration/TestFsListDirNotFound (0.00s)
    	fstests.go:184: WARN: "TestMega:" not configured
    --- SKIP: TestIntegration/TestFsListRDirNotFound (0.00s)
    	fstests.go:184: WARN: "TestMega:" not configured
    --- SKIP: TestIntegration/TestFsNewObjectNotFound (0.00s)
    	fstests.go:184: WARN: "TestMega:" not configured
    --- SKIP: TestIntegration/TestFsPutFile1 (0.00s)
    	fstests.go:184: WARN: "TestMega:" not configured
    --- SKIP: TestIntegration/TestFsPutError (0.00s)
    	fstests.go:184: WARN: "TestMega:" not configured
    --- SKIP: TestIntegration/TestFsPutFile2 (0.00s)
    	fstests.go:184: WARN: "TestMega:" not configured
    --- SKIP: TestIntegration/TestFsUpdateFile1 (0.00s)
    	fstests.go:184: WARN: "TestMega:" not configured
    --- SKIP: TestIntegration/TestFsListDirFile2 (0.00s)
    	fstests.go:184: WARN: "TestMega:" not configured
    --- SKIP: TestIntegration/TestFsListRDirFile2 (0.00s)
    	fstests.go:184: WARN: "TestMega:" not configured
    --- SKIP: TestIntegration/TestFsListDirRoot (0.00s)
    	fstests.go:184: WARN: "TestMega:" not configured
    --- SKIP: TestIntegration/TestFsListRDirRoot (0.00s)
    	fstests.go:184: WARN: "TestMega:" not configured
    --- SKIP: TestIntegration/TestFsListSubdir (0.00s)
    	fstests.go:184: WARN: "TestMega:" not configured
    --- SKIP: TestIntegration/TestFsListRSubdir (0.00s)
    	fstests.go:184: WARN: "TestMega:" not configured
    --- SKIP: TestIntegration/TestFsListLevel2 (0.00s)
    	fstests.go:184: WARN: "TestMega:" not configured
    --- SKIP: TestIntegration/TestFsListRLevel2 (0.00s)
    	fstests.go:184: WARN: "TestMega:" not configured
    --- SKIP: TestIntegration/TestFsListFile1 (0.00s)
    	fstests.go:184: WARN: "TestMega:" not configured
    --- SKIP: TestIntegration/TestFsNewObject (0.00s)
    	fstests.go:184: WARN: "TestMega:" not configured
    --- SKIP: TestIntegration/TestFsListFile1and2 (0.00s)
    	fstests.go:184: WARN: "TestMega:" not configured
    --- SKIP: TestIntegration/TestFsNewObjectDir (0.00s)
    	fstests.go:184: WARN: "TestMega:" not configured
    --- SKIP: TestIntegration/TestFsCopy (0.00s)
    	fstests.go:184: WARN: "TestMega:" not configured
    --- SKIP: TestIntegration/TestFsMove (0.00s)
    	fstests.go:184: WARN: "TestMega:" not configured
    --- SKIP: TestIntegration/TestFsDirMove (0.00s)
    	fstests.go:184: WARN: "TestMega:" not configured
    --- SKIP: TestIntegration/TestFsRmdirFull (0.00s)
    	fstests.go:184: WARN: "TestMega:" not configured
    --- SKIP: TestIntegration/TestFsPrecision (0.00s)
    	fstests.go:184: WARN: "TestMega:" not configured
    --- SKIP: TestIntegration/TestFsChangeNotify (0.00s)
    	fstests.go:184: WARN: "TestMega:" not configured
    --- SKIP: TestIntegration/TestObjectString (0.00s)
    	fstests.go:184: WARN: "TestMega:" not configured
    --- SKIP: TestIntegration/TestObjectFs (0.00s)
    	fstests.go:184: WARN: "TestMega:" not configured
    --- SKIP: TestIntegration/TestObjectRemote (0.00s)
    	fstests.go:184: WARN: "TestMega:" not configured
    --- SKIP: TestIntegration/TestObjectHashes (0.00s)
    	fstests.go:184: WARN: "TestMega:" not configured
    --- SKIP: TestIntegration/TestObjectModTime (0.00s)
    	fstests.go:184: WARN: "TestMega:" not configured
    --- SKIP: TestIntegration/TestObjectMimeType (0.00s)
    	fstests.go:184: WARN: "TestMega:" not configured
    --- SKIP: TestIntegration/TestObjectSetModTime (0.00s)
    	fstests.go:184: WARN: "TestMega:" not configured
    --- SKIP: TestIntegration/TestObjectSize (0.00s)
    	fstests.go:184: WARN: "TestMega:" not configured
    --- SKIP: TestIntegration/TestObjectOpen (0.00s)
    	fstests.go:184: WARN: "TestMega:" not configured
    --- SKIP: TestIntegration/TestObjectOpenSeek (0.00s)
    	fstests.go:184: WARN: "TestMega:" not configured
    --- SKIP: TestIntegration/TestObjectOpenRange (0.00s)
    	fstests.go:184: WARN: "TestMega:" not configured
    --- SKIP: TestIntegration/TestObjectPartialRead (0.00s)
    	fstests.go:184: WARN: "TestMega:" not configured
    --- SKIP: TestIntegration/TestObjectUpdate (0.00s)
    	fstests.go:184: WARN: "TestMega:" not configured
    --- SKIP: TestIntegration/TestObjectStorable (0.00s)
    	fstests.go:184: WARN: "TestMega:" not configured
    --- SKIP: TestIntegration/TestFsIsFile (0.00s)
    	fstests.go:184: WARN: "TestMega:" not configured
    --- SKIP: TestIntegration/TestFsIsFileNotFound (0.00s)
    	fstests.go:184: WARN: "TestMega:" not configured
    --- SKIP: TestIntegration/TestPublicLink (0.00s)
    	fstests.go:184: WARN: "TestMega:" not configured
    --- SKIP: TestIntegration/TestObjectRemove (0.00s)
    	fstests.go:184: WARN: "TestMega:" not configured
    --- SKIP: TestIntegration/TestFsPutStream (0.00s)
    	fstests.go:184: WARN: "TestMega:" not configured
    --- SKIP: TestIntegration/TestObjectAbout (0.00s)
    	fstests.go:184: WARN: "TestMega:" not configured
    --- SKIP: TestIntegration/TestObjectPurge (0.00s)
    	fstests.go:184: WARN: "TestMega:" not configured
    --- SKIP: TestIntegration/TestInternal (0.00s)
    	fstests.go:184: WARN: "TestMega:" not configured
    --- SKIP: TestIntegration/TestFinalise (0.00s)
    	fstests.go:184: WARN: "TestMega:" not configured
PASS
ok  	github.com/ncw/rclone/backend/mega	0.009s
=== RUN   TestReplace
--- PASS: TestReplace (0.00s)
=== RUN   TestIntegration
=== RUN   TestIntegration/TestInit
=== RUN   TestIntegration/TestFsString
=== RUN   TestIntegration/TestFsName
=== RUN   TestIntegration/TestFsRoot
=== RUN   TestIntegration/TestFsRmdirEmpty
=== RUN   TestIntegration/TestFsRmdirNotFound
=== RUN   TestIntegration/TestFsMkdir
=== RUN   TestIntegration/TestFsMkdirRmdirSubdir
=== RUN   TestIntegration/TestFsListEmpty
=== RUN   TestIntegration/TestFsListDirEmpty
=== RUN   TestIntegration/TestFsListRDirEmpty
=== RUN   TestIntegration/TestFsListDirNotFound
=== RUN   TestIntegration/TestFsListRDirNotFound
=== RUN   TestIntegration/TestFsNewObjectNotFound
=== RUN   TestIntegration/TestFsPutFile1
=== RUN   TestIntegration/TestFsPutError
=== RUN   TestIntegration/TestFsPutFile2
=== RUN   TestIntegration/TestFsUpdateFile1
=== RUN   TestIntegration/TestFsListDirFile2
=== RUN   TestIntegration/TestFsListRDirFile2
=== RUN   TestIntegration/TestFsListDirRoot
=== RUN   TestIntegration/TestFsListRDirRoot
=== RUN   TestIntegration/TestFsListSubdir
=== RUN   TestIntegration/TestFsListRSubdir
=== RUN   TestIntegration/TestFsListLevel2
=== RUN   TestIntegration/TestFsListRLevel2
=== RUN   TestIntegration/TestFsListFile1
=== RUN   TestIntegration/TestFsNewObject
=== RUN   TestIntegration/TestFsListFile1and2
=== RUN   TestIntegration/TestFsNewObjectDir
=== RUN   TestIntegration/TestFsCopy
=== RUN   TestIntegration/TestFsMove
=== RUN   TestIntegration/TestFsDirMove
=== RUN   TestIntegration/TestFsRmdirFull
=== RUN   TestIntegration/TestFsPrecision
=== RUN   TestIntegration/TestFsChangeNotify
=== RUN   TestIntegration/TestObjectString
=== RUN   TestIntegration/TestObjectFs
=== RUN   TestIntegration/TestObjectRemote
=== RUN   TestIntegration/TestObjectHashes
=== RUN   TestIntegration/TestObjectModTime
=== RUN   TestIntegration/TestObjectMimeType
=== RUN   TestIntegration/TestObjectSetModTime
=== RUN   TestIntegration/TestObjectSize
=== RUN   TestIntegration/TestObjectOpen
=== RUN   TestIntegration/TestObjectOpenSeek
=== RUN   TestIntegration/TestObjectOpenRange
=== RUN   TestIntegration/TestObjectPartialRead
=== RUN   TestIntegration/TestObjectUpdate
=== RUN   TestIntegration/TestObjectStorable
=== RUN   TestIntegration/TestFsIsFile
=== RUN   TestIntegration/TestFsIsFileNotFound
=== RUN   TestIntegration/TestPublicLink
=== RUN   TestIntegration/TestObjectRemove
=== RUN   TestIntegration/TestFsPutStream
=== RUN   TestIntegration/TestObjectAbout
=== RUN   TestIntegration/TestObjectPurge
=== RUN   TestIntegration/TestInternal
=== RUN   TestIntegration/TestFinalise
--- PASS: TestIntegration (0.00s)
    --- SKIP: TestIntegration/TestInit (0.00s)
    	fstests.go:221: Using remote "TestOneDrive:"
    	fstests.go:175: Didn't find "TestOneDrive:" in config file - skipping tests
    	fstests.go:184: WARN: "TestOneDrive:" not configured
    --- SKIP: TestIntegration/TestFsString (0.00s)
    	fstests.go:184: WARN: "TestOneDrive:" not configured
    --- SKIP: TestIntegration/TestFsName (0.00s)
    	fstests.go:184: WARN: "TestOneDrive:" not configured
    --- SKIP: TestIntegration/TestFsRoot (0.00s)
    	fstests.go:184: WARN: "TestOneDrive:" not configured
    --- SKIP: TestIntegration/TestFsRmdirEmpty (0.00s)
    	fstests.go:184: WARN: "TestOneDrive:" not configured
    --- SKIP: TestIntegration/TestFsRmdirNotFound (0.00s)
    	fstests.go:184: WARN: "TestOneDrive:" not configured
    --- SKIP: TestIntegration/TestFsMkdir (0.00s)
    	fstests.go:184: WARN: "TestOneDrive:" not configured
    --- SKIP: TestIntegration/TestFsMkdirRmdirSubdir (0.00s)
    	fstests.go:184: WARN: "TestOneDrive:" not configured
    --- SKIP: TestIntegration/TestFsListEmpty (0.00s)
    	fstests.go:184: WARN: "TestOneDrive:" not configured
    --- SKIP: TestIntegration/TestFsListDirEmpty (0.00s)
    	fstests.go:184: WARN: "TestOneDrive:" not configured
    --- SKIP: TestIntegration/TestFsListRDirEmpty (0.00s)
    	fstests.go:184: WARN: "TestOneDrive:" not configured
    --- SKIP: TestIntegration/TestFsListDirNotFound (0.00s)
    	fstests.go:184: WARN: "TestOneDrive:" not configured
    --- SKIP: TestIntegration/TestFsListRDirNotFound (0.00s)
    	fstests.go:184: WARN: "TestOneDrive:" not configured
    --- SKIP: TestIntegration/TestFsNewObjectNotFound (0.00s)
    	fstests.go:184: WARN: "TestOneDrive:" not configured
    --- SKIP: TestIntegration/TestFsPutFile1 (0.00s)
    	fstests.go:184: WARN: "TestOneDrive:" not configured
    --- SKIP: TestIntegration/TestFsPutError (0.00s)
    	fstests.go:184: WARN: "TestOneDrive:" not configured
    --- SKIP: TestIntegration/TestFsPutFile2 (0.00s)
    	fstests.go:184: WARN: "TestOneDrive:" not configured
    --- SKIP: TestIntegration/TestFsUpdateFile1 (0.00s)
    	fstests.go:184: WARN: "TestOneDrive:" not configured
    --- SKIP: TestIntegration/TestFsListDirFile2 (0.00s)
    	fstests.go:184: WARN: "TestOneDrive:" not configured
    --- SKIP: TestIntegration/TestFsListRDirFile2 (0.00s)
    	fstests.go:184: WARN: "TestOneDrive:" not configured
    --- SKIP: TestIntegration/TestFsListDirRoot (0.00s)
    	fstests.go:184: WARN: "TestOneDrive:" not configured
    --- SKIP: TestIntegration/TestFsListRDirRoot (0.00s)
    	fstests.go:184: WARN: "TestOneDrive:" not configured
    --- SKIP: TestIntegration/TestFsListSubdir (0.00s)
    	fstests.go:184: WARN: "TestOneDrive:" not configured
    --- SKIP: TestIntegration/TestFsListRSubdir (0.00s)
    	fstests.go:184: WARN: "TestOneDrive:" not configured
    --- SKIP: TestIntegration/TestFsListLevel2 (0.00s)
    	fstests.go:184: WARN: "TestOneDrive:" not configured
    --- SKIP: TestIntegration/TestFsListRLevel2 (0.00s)
    	fstests.go:184: WARN: "TestOneDrive:" not configured
    --- SKIP: TestIntegration/TestFsListFile1 (0.00s)
    	fstests.go:184: WARN: "TestOneDrive:" not configured
    --- SKIP: TestIntegration/TestFsNewObject (0.00s)
    	fstests.go:184: WARN: "TestOneDrive:" not configured
    --- SKIP: TestIntegration/TestFsListFile1and2 (0.00s)
    	fstests.go:184: WARN: "TestOneDrive:" not configured
    --- SKIP: TestIntegration/TestFsNewObjectDir (0.00s)
    	fstests.go:184: WARN: "TestOneDrive:" not configured
    --- SKIP: TestIntegration/TestFsCopy (0.00s)
    	fstests.go:184: WARN: "TestOneDrive:" not configured
    --- SKIP: TestIntegration/TestFsMove (0.00s)
    	fstests.go:184: WARN: "TestOneDrive:" not configured
    --- SKIP: TestIntegration/TestFsDirMove (0.00s)
    	fstests.go:184: WARN: "TestOneDrive:" not configured
    --- SKIP: TestIntegration/TestFsRmdirFull (0.00s)
    	fstests.go:184: WARN: "TestOneDrive:" not configured
    --- SKIP: TestIntegration/TestFsPrecision (0.00s)
    	fstests.go:184: WARN: "TestOneDrive:" not configured
    --- SKIP: TestIntegration/TestFsChangeNotify (0.00s)
    	fstests.go:184: WARN: "TestOneDrive:" not configured
    --- SKIP: TestIntegration/TestObjectString (0.00s)
    	fstests.go:184: WARN: "TestOneDrive:" not configured
    --- SKIP: TestIntegration/TestObjectFs (0.00s)
    	fstests.go:184: WARN: "TestOneDrive:" not configured
    --- SKIP: TestIntegration/TestObjectRemote (0.00s)
    	fstests.go:184: WARN: "TestOneDrive:" not configured
    --- SKIP: TestIntegration/TestObjectHashes (0.00s)
    	fstests.go:184: WARN: "TestOneDrive:" not configured
    --- SKIP: TestIntegration/TestObjectModTime (0.00s)
    	fstests.go:184: WARN: "TestOneDrive:" not configured
    --- SKIP: TestIntegration/TestObjectMimeType (0.00s)
    	fstests.go:184: WARN: "TestOneDrive:" not configured
    --- SKIP: TestIntegration/TestObjectSetModTime (0.00s)
    	fstests.go:184: WARN: "TestOneDrive:" not configured
    --- SKIP: TestIntegration/TestObjectSize (0.00s)
    	fstests.go:184: WARN: "TestOneDrive:" not configured
    --- SKIP: TestIntegration/TestObjectOpen (0.00s)
    	fstests.go:184: WARN: "TestOneDrive:" not configured
    --- SKIP: TestIntegration/TestObjectOpenSeek (0.00s)
    	fstests.go:184: WARN: "TestOneDrive:" not configured
    --- SKIP: TestIntegration/TestObjectOpenRange (0.00s)
    	fstests.go:184: WARN: "TestOneDrive:" not configured
    --- SKIP: TestIntegration/TestObjectPartialRead (0.00s)
    	fstests.go:184: WARN: "TestOneDrive:" not configured
    --- SKIP: TestIntegration/TestObjectUpdate (0.00s)
    	fstests.go:184: WARN: "TestOneDrive:" not configured
    --- SKIP: TestIntegration/TestObjectStorable (0.00s)
    	fstests.go:184: WARN: "TestOneDrive:" not configured
    --- SKIP: TestIntegration/TestFsIsFile (0.00s)
    	fstests.go:184: WARN: "TestOneDrive:" not configured
    --- SKIP: TestIntegration/TestFsIsFileNotFound (0.00s)
    	fstests.go:184: WARN: "TestOneDrive:" not configured
    --- SKIP: TestIntegration/TestPublicLink (0.00s)
    	fstests.go:184: WARN: "TestOneDrive:" not configured
    --- SKIP: TestIntegration/TestObjectRemove (0.00s)
    	fstests.go:184: WARN: "TestOneDrive:" not configured
    --- SKIP: TestIntegration/TestFsPutStream (0.00s)
    	fstests.go:184: WARN: "TestOneDrive:" not configured
    --- SKIP: TestIntegration/TestObjectAbout (0.00s)
    	fstests.go:184: WARN: "TestOneDrive:" not configured
    --- SKIP: TestIntegration/TestObjectPurge (0.00s)
    	fstests.go:184: WARN: "TestOneDrive:" not configured
    --- SKIP: TestIntegration/TestInternal (0.00s)
    	fstests.go:184: WARN: "TestOneDrive:" not configured
    --- SKIP: TestIntegration/TestFinalise (0.00s)
    	fstests.go:184: WARN: "TestOneDrive:" not configured
PASS
ok  	github.com/ncw/rclone/backend/onedrive	0.011s
?   	github.com/ncw/rclone/backend/onedrive/api	[no test files]
=== RUN   TestQuickXorHash
--- PASS: TestQuickXorHash (0.00s)
=== RUN   TestQuickXorHashByBlock
--- PASS: TestQuickXorHashByBlock (0.01s)
=== RUN   TestSize
--- PASS: TestSize (0.00s)
=== RUN   TestBlockSize
--- PASS: TestBlockSize (0.00s)
=== RUN   TestReset
--- PASS: TestReset (0.00s)
PASS
ok  	github.com/ncw/rclone/backend/onedrive/quickxorhash	0.010s
=== RUN   TestReplace
--- PASS: TestReplace (0.00s)
=== RUN   TestIntegration
=== RUN   TestIntegration/TestInit
=== RUN   TestIntegration/TestFsString
=== RUN   TestIntegration/TestFsName
=== RUN   TestIntegration/TestFsRoot
=== RUN   TestIntegration/TestFsRmdirEmpty
=== RUN   TestIntegration/TestFsRmdirNotFound
=== RUN   TestIntegration/TestFsMkdir
=== RUN   TestIntegration/TestFsMkdirRmdirSubdir
=== RUN   TestIntegration/TestFsListEmpty
=== RUN   TestIntegration/TestFsListDirEmpty
=== RUN   TestIntegration/TestFsListRDirEmpty
=== RUN   TestIntegration/TestFsListDirNotFound
=== RUN   TestIntegration/TestFsListRDirNotFound
=== RUN   TestIntegration/TestFsNewObjectNotFound
=== RUN   TestIntegration/TestFsPutFile1
=== RUN   TestIntegration/TestFsPutError
=== RUN   TestIntegration/TestFsPutFile2
=== RUN   TestIntegration/TestFsUpdateFile1
=== RUN   TestIntegration/TestFsListDirFile2
=== RUN   TestIntegration/TestFsListRDirFile2
=== RUN   TestIntegration/TestFsListDirRoot
=== RUN   TestIntegration/TestFsListRDirRoot
=== RUN   TestIntegration/TestFsListSubdir
=== RUN   TestIntegration/TestFsListRSubdir
=== RUN   TestIntegration/TestFsListLevel2
=== RUN   TestIntegration/TestFsListRLevel2
=== RUN   TestIntegration/TestFsListFile1
=== RUN   TestIntegration/TestFsNewObject
=== RUN   TestIntegration/TestFsListFile1and2
=== RUN   TestIntegration/TestFsNewObjectDir
=== RUN   TestIntegration/TestFsCopy
=== RUN   TestIntegration/TestFsMove
=== RUN   TestIntegration/TestFsDirMove
=== RUN   TestIntegration/TestFsRmdirFull
=== RUN   TestIntegration/TestFsPrecision
=== RUN   TestIntegration/TestFsChangeNotify
=== RUN   TestIntegration/TestObjectString
=== RUN   TestIntegration/TestObjectFs
=== RUN   TestIntegration/TestObjectRemote
=== RUN   TestIntegration/TestObjectHashes
=== RUN   TestIntegration/TestObjectModTime
=== RUN   TestIntegration/TestObjectMimeType
=== RUN   TestIntegration/TestObjectSetModTime
=== RUN   TestIntegration/TestObjectSize
=== RUN   TestIntegration/TestObjectOpen
=== RUN   TestIntegration/TestObjectOpenSeek
=== RUN   TestIntegration/TestObjectOpenRange
=== RUN   TestIntegration/TestObjectPartialRead
=== RUN   TestIntegration/TestObjectUpdate
=== RUN   TestIntegration/TestObjectStorable
=== RUN   TestIntegration/TestFsIsFile
=== RUN   TestIntegration/TestFsIsFileNotFound
=== RUN   TestIntegration/TestPublicLink
=== RUN   TestIntegration/TestObjectRemove
=== RUN   TestIntegration/TestFsPutStream
=== RUN   TestIntegration/TestObjectAbout
=== RUN   TestIntegration/TestObjectPurge
=== RUN   TestIntegration/TestInternal
=== RUN   TestIntegration/TestFinalise
--- PASS: TestIntegration (0.00s)
    --- SKIP: TestIntegration/TestInit (0.00s)
    	fstests.go:221: Using remote "TestOpenDrive:"
    	fstests.go:175: Didn't find "TestOpenDrive:" in config file - skipping tests
    	fstests.go:184: WARN: "TestOpenDrive:" not configured
    --- SKIP: TestIntegration/TestFsString (0.00s)
    	fstests.go:184: WARN: "TestOpenDrive:" not configured
    --- SKIP: TestIntegration/TestFsName (0.00s)
    	fstests.go:184: WARN: "TestOpenDrive:" not configured
    --- SKIP: TestIntegration/TestFsRoot (0.00s)
    	fstests.go:184: WARN: "TestOpenDrive:" not configured
    --- SKIP: TestIntegration/TestFsRmdirEmpty (0.00s)
    	fstests.go:184: WARN: "TestOpenDrive:" not configured
    --- SKIP: TestIntegration/TestFsRmdirNotFound (0.00s)
    	fstests.go:184: WARN: "TestOpenDrive:" not configured
    --- SKIP: TestIntegration/TestFsMkdir (0.00s)
    	fstests.go:184: WARN: "TestOpenDrive:" not configured
    --- SKIP: TestIntegration/TestFsMkdirRmdirSubdir (0.00s)
    	fstests.go:184: WARN: "TestOpenDrive:" not configured
    --- SKIP: TestIntegration/TestFsListEmpty (0.00s)
    	fstests.go:184: WARN: "TestOpenDrive:" not configured
    --- SKIP: TestIntegration/TestFsListDirEmpty (0.00s)
    	fstests.go:184: WARN: "TestOpenDrive:" not configured
    --- SKIP: TestIntegration/TestFsListRDirEmpty (0.00s)
    	fstests.go:184: WARN: "TestOpenDrive:" not configured
    --- SKIP: TestIntegration/TestFsListDirNotFound (0.00s)
    	fstests.go:184: WARN: "TestOpenDrive:" not configured
    --- SKIP: TestIntegration/TestFsListRDirNotFound (0.00s)
    	fstests.go:184: WARN: "TestOpenDrive:" not configured
    --- SKIP: TestIntegration/TestFsNewObjectNotFound (0.00s)
    	fstests.go:184: WARN: "TestOpenDrive:" not configured
    --- SKIP: TestIntegration/TestFsPutFile1 (0.00s)
    	fstests.go:184: WARN: "TestOpenDrive:" not configured
    --- SKIP: TestIntegration/TestFsPutError (0.00s)
    	fstests.go:184: WARN: "TestOpenDrive:" not configured
    --- SKIP: TestIntegration/TestFsPutFile2 (0.00s)
    	fstests.go:184: WARN: "TestOpenDrive:" not configured
    --- SKIP: TestIntegration/TestFsUpdateFile1 (0.00s)
    	fstests.go:184: WARN: "TestOpenDrive:" not configured
    --- SKIP: TestIntegration/TestFsListDirFile2 (0.00s)
    	fstests.go:184: WARN: "TestOpenDrive:" not configured
    --- SKIP: TestIntegration/TestFsListRDirFile2 (0.00s)
    	fstests.go:184: WARN: "TestOpenDrive:" not configured
    --- SKIP: TestIntegration/TestFsListDirRoot (0.00s)
    	fstests.go:184: WARN: "TestOpenDrive:" not configured
    --- SKIP: TestIntegration/TestFsListRDirRoot (0.00s)
    	fstests.go:184: WARN: "TestOpenDrive:" not configured
    --- SKIP: TestIntegration/TestFsListSubdir (0.00s)
    	fstests.go:184: WARN: "TestOpenDrive:" not configured
    --- SKIP: TestIntegration/TestFsListRSubdir (0.00s)
    	fstests.go:184: WARN: "TestOpenDrive:" not configured
    --- SKIP: TestIntegration/TestFsListLevel2 (0.00s)
    	fstests.go:184: WARN: "TestOpenDrive:" not configured
    --- SKIP: TestIntegration/TestFsListRLevel2 (0.00s)
    	fstests.go:184: WARN: "TestOpenDrive:" not configured
    --- SKIP: TestIntegration/TestFsListFile1 (0.00s)
    	fstests.go:184: WARN: "TestOpenDrive:" not configured
    --- SKIP: TestIntegration/TestFsNewObject (0.00s)
    	fstests.go:184: WARN: "TestOpenDrive:" not configured
    --- SKIP: TestIntegration/TestFsListFile1and2 (0.00s)
    	fstests.go:184: WARN: "TestOpenDrive:" not configured
    --- SKIP: TestIntegration/TestFsNewObjectDir (0.00s)
    	fstests.go:184: WARN: "TestOpenDrive:" not configured
    --- SKIP: TestIntegration/TestFsCopy (0.00s)
    	fstests.go:184: WARN: "TestOpenDrive:" not configured
    --- SKIP: TestIntegration/TestFsMove (0.00s)
    	fstests.go:184: WARN: "TestOpenDrive:" not configured
    --- SKIP: TestIntegration/TestFsDirMove (0.00s)
    	fstests.go:184: WARN: "TestOpenDrive:" not configured
    --- SKIP: TestIntegration/TestFsRmdirFull (0.00s)
    	fstests.go:184: WARN: "TestOpenDrive:" not configured
    --- SKIP: TestIntegration/TestFsPrecision (0.00s)
    	fstests.go:184: WARN: "TestOpenDrive:" not configured
    --- SKIP: TestIntegration/TestFsChangeNotify (0.00s)
    	fstests.go:184: WARN: "TestOpenDrive:" not configured
    --- SKIP: TestIntegration/TestObjectString (0.00s)
    	fstests.go:184: WARN: "TestOpenDrive:" not configured
    --- SKIP: TestIntegration/TestObjectFs (0.00s)
    	fstests.go:184: WARN: "TestOpenDrive:" not configured
    --- SKIP: TestIntegration/TestObjectRemote (0.00s)
    	fstests.go:184: WARN: "TestOpenDrive:" not configured
    --- SKIP: TestIntegration/TestObjectHashes (0.00s)
    	fstests.go:184: WARN: "TestOpenDrive:" not configured
    --- SKIP: TestIntegration/TestObjectModTime (0.00s)
    	fstests.go:184: WARN: "TestOpenDrive:" not configured
    --- SKIP: TestIntegration/TestObjectMimeType (0.00s)
    	fstests.go:184: WARN: "TestOpenDrive:" not configured
    --- SKIP: TestIntegration/TestObjectSetModTime (0.00s)
    	fstests.go:184: WARN: "TestOpenDrive:" not configured
    --- SKIP: TestIntegration/TestObjectSize (0.00s)
    	fstests.go:184: WARN: "TestOpenDrive:" not configured
    --- SKIP: TestIntegration/TestObjectOpen (0.00s)
    	fstests.go:184: WARN: "TestOpenDrive:" not configured
    --- SKIP: TestIntegration/TestObjectOpenSeek (0.00s)
    	fstests.go:184: WARN: "TestOpenDrive:" not configured
    --- SKIP: TestIntegration/TestObjectOpenRange (0.00s)
    	fstests.go:184: WARN: "TestOpenDrive:" not configured
    --- SKIP: TestIntegration/TestObjectPartialRead (0.00s)
    	fstests.go:184: WARN: "TestOpenDrive:" not configured
    --- SKIP: TestIntegration/TestObjectUpdate (0.00s)
    	fstests.go:184: WARN: "TestOpenDrive:" not configured
    --- SKIP: TestIntegration/TestObjectStorable (0.00s)
    	fstests.go:184: WARN: "TestOpenDrive:" not configured
    --- SKIP: TestIntegration/TestFsIsFile (0.00s)
    	fstests.go:184: WARN: "TestOpenDrive:" not configured
    --- SKIP: TestIntegration/TestFsIsFileNotFound (0.00s)
    	fstests.go:184: WARN: "TestOpenDrive:" not configured
    --- SKIP: TestIntegration/TestPublicLink (0.00s)
    	fstests.go:184: WARN: "TestOpenDrive:" not configured
    --- SKIP: TestIntegration/TestObjectRemove (0.00s)
    	fstests.go:184: WARN: "TestOpenDrive:" not configured
    --- SKIP: TestIntegration/TestFsPutStream (0.00s)
    	fstests.go:184: WARN: "TestOpenDrive:" not configured
    --- SKIP: TestIntegration/TestObjectAbout (0.00s)
    	fstests.go:184: WARN: "TestOpenDrive:" not configured
    --- SKIP: TestIntegration/TestObjectPurge (0.00s)
    	fstests.go:184: WARN: "TestOpenDrive:" not configured
    --- SKIP: TestIntegration/TestInternal (0.00s)
    	fstests.go:184: WARN: "TestOpenDrive:" not configured
    --- SKIP: TestIntegration/TestFinalise (0.00s)
    	fstests.go:184: WARN: "TestOpenDrive:" not configured
PASS
ok  	github.com/ncw/rclone/backend/opendrive	0.019s
=== RUN   TestIntegration
=== RUN   TestIntegration/TestInit
=== RUN   TestIntegration/TestFsString
=== RUN   TestIntegration/TestFsName
=== RUN   TestIntegration/TestFsRoot
=== RUN   TestIntegration/TestFsRmdirEmpty
=== RUN   TestIntegration/TestFsRmdirNotFound
=== RUN   TestIntegration/TestFsMkdir
=== RUN   TestIntegration/TestFsMkdirRmdirSubdir
=== RUN   TestIntegration/TestFsListEmpty
=== RUN   TestIntegration/TestFsListDirEmpty
=== RUN   TestIntegration/TestFsListRDirEmpty
=== RUN   TestIntegration/TestFsListDirNotFound
=== RUN   TestIntegration/TestFsListRDirNotFound
=== RUN   TestIntegration/TestFsNewObjectNotFound
=== RUN   TestIntegration/TestFsPutFile1
=== RUN   TestIntegration/TestFsPutError
=== RUN   TestIntegration/TestFsPutFile2
=== RUN   TestIntegration/TestFsUpdateFile1
=== RUN   TestIntegration/TestFsListDirFile2
=== RUN   TestIntegration/TestFsListRDirFile2
=== RUN   TestIntegration/TestFsListDirRoot
=== RUN   TestIntegration/TestFsListRDirRoot
=== RUN   TestIntegration/TestFsListSubdir
=== RUN   TestIntegration/TestFsListRSubdir
=== RUN   TestIntegration/TestFsListLevel2
=== RUN   TestIntegration/TestFsListRLevel2
=== RUN   TestIntegration/TestFsListFile1
=== RUN   TestIntegration/TestFsNewObject
=== RUN   TestIntegration/TestFsListFile1and2
=== RUN   TestIntegration/TestFsNewObjectDir
=== RUN   TestIntegration/TestFsCopy
=== RUN   TestIntegration/TestFsMove
=== RUN   TestIntegration/TestFsDirMove
=== RUN   TestIntegration/TestFsRmdirFull
=== RUN   TestIntegration/TestFsPrecision
=== RUN   TestIntegration/TestFsChangeNotify
=== RUN   TestIntegration/TestObjectString
=== RUN   TestIntegration/TestObjectFs
=== RUN   TestIntegration/TestObjectRemote
=== RUN   TestIntegration/TestObjectHashes
=== RUN   TestIntegration/TestObjectModTime
=== RUN   TestIntegration/TestObjectMimeType
=== RUN   TestIntegration/TestObjectSetModTime
=== RUN   TestIntegration/TestObjectSize
=== RUN   TestIntegration/TestObjectOpen
=== RUN   TestIntegration/TestObjectOpenSeek
=== RUN   TestIntegration/TestObjectOpenRange
=== RUN   TestIntegration/TestObjectPartialRead
=== RUN   TestIntegration/TestObjectUpdate
=== RUN   TestIntegration/TestObjectStorable
=== RUN   TestIntegration/TestFsIsFile
=== RUN   TestIntegration/TestFsIsFileNotFound
=== RUN   TestIntegration/TestPublicLink
=== RUN   TestIntegration/TestObjectRemove
=== RUN   TestIntegration/TestFsPutStream
=== RUN   TestIntegration/TestObjectAbout
=== RUN   TestIntegration/TestObjectPurge
=== RUN   TestIntegration/TestInternal
=== RUN   TestIntegration/TestFinalise
--- PASS: TestIntegration (0.00s)
    --- SKIP: TestIntegration/TestInit (0.00s)
    	fstests.go:221: Using remote "TestPcloud:"
    	fstests.go:175: Didn't find "TestPcloud:" in config file - skipping tests
    	fstests.go:184: WARN: "TestPcloud:" not configured
    --- SKIP: TestIntegration/TestFsString (0.00s)
    	fstests.go:184: WARN: "TestPcloud:" not configured
    --- SKIP: TestIntegration/TestFsName (0.00s)
    	fstests.go:184: WARN: "TestPcloud:" not configured
    --- SKIP: TestIntegration/TestFsRoot (0.00s)
    	fstests.go:184: WARN: "TestPcloud:" not configured
    --- SKIP: TestIntegration/TestFsRmdirEmpty (0.00s)
    	fstests.go:184: WARN: "TestPcloud:" not configured
    --- SKIP: TestIntegration/TestFsRmdirNotFound (0.00s)
    	fstests.go:184: WARN: "TestPcloud:" not configured
    --- SKIP: TestIntegration/TestFsMkdir (0.00s)
    	fstests.go:184: WARN: "TestPcloud:" not configured
    --- SKIP: TestIntegration/TestFsMkdirRmdirSubdir (0.00s)
    	fstests.go:184: WARN: "TestPcloud:" not configured
    --- SKIP: TestIntegration/TestFsListEmpty (0.00s)
    	fstests.go:184: WARN: "TestPcloud:" not configured
    --- SKIP: TestIntegration/TestFsListDirEmpty (0.00s)
    	fstests.go:184: WARN: "TestPcloud:" not configured
    --- SKIP: TestIntegration/TestFsListRDirEmpty (0.00s)
    	fstests.go:184: WARN: "TestPcloud:" not configured
    --- SKIP: TestIntegration/TestFsListDirNotFound (0.00s)
    	fstests.go:184: WARN: "TestPcloud:" not configured
    --- SKIP: TestIntegration/TestFsListRDirNotFound (0.00s)
    	fstests.go:184: WARN: "TestPcloud:" not configured
    --- SKIP: TestIntegration/TestFsNewObjectNotFound (0.00s)
    	fstests.go:184: WARN: "TestPcloud:" not configured
    --- SKIP: TestIntegration/TestFsPutFile1 (0.00s)
    	fstests.go:184: WARN: "TestPcloud:" not configured
    --- SKIP: TestIntegration/TestFsPutError (0.00s)
    	fstests.go:184: WARN: "TestPcloud:" not configured
    --- SKIP: TestIntegration/TestFsPutFile2 (0.00s)
    	fstests.go:184: WARN: "TestPcloud:" not configured
    --- SKIP: TestIntegration/TestFsUpdateFile1 (0.00s)
    	fstests.go:184: WARN: "TestPcloud:" not configured
    --- SKIP: TestIntegration/TestFsListDirFile2 (0.00s)
    	fstests.go:184: WARN: "TestPcloud:" not configured
    --- SKIP: TestIntegration/TestFsListRDirFile2 (0.00s)
    	fstests.go:184: WARN: "TestPcloud:" not configured
    --- SKIP: TestIntegration/TestFsListDirRoot (0.00s)
    	fstests.go:184: WARN: "TestPcloud:" not configured
    --- SKIP: TestIntegration/TestFsListRDirRoot (0.00s)
    	fstests.go:184: WARN: "TestPcloud:" not configured
    --- SKIP: TestIntegration/TestFsListSubdir (0.00s)
    	fstests.go:184: WARN: "TestPcloud:" not configured
    --- SKIP: TestIntegration/TestFsListRSubdir (0.00s)
    	fstests.go:184: WARN: "TestPcloud:" not configured
    --- SKIP: TestIntegration/TestFsListLevel2 (0.00s)
    	fstests.go:184: WARN: "TestPcloud:" not configured
    --- SKIP: TestIntegration/TestFsListRLevel2 (0.00s)
    	fstests.go:184: WARN: "TestPcloud:" not configured
    --- SKIP: TestIntegration/TestFsListFile1 (0.00s)
    	fstests.go:184: WARN: "TestPcloud:" not configured
    --- SKIP: TestIntegration/TestFsNewObject (0.00s)
    	fstests.go:184: WARN: "TestPcloud:" not configured
    --- SKIP: TestIntegration/TestFsListFile1and2 (0.00s)
    	fstests.go:184: WARN: "TestPcloud:" not configured
    --- SKIP: TestIntegration/TestFsNewObjectDir (0.00s)
    	fstests.go:184: WARN: "TestPcloud:" not configured
    --- SKIP: TestIntegration/TestFsCopy (0.00s)
    	fstests.go:184: WARN: "TestPcloud:" not configured
    --- SKIP: TestIntegration/TestFsMove (0.00s)
    	fstests.go:184: WARN: "TestPcloud:" not configured
    --- SKIP: TestIntegration/TestFsDirMove (0.00s)
    	fstests.go:184: WARN: "TestPcloud:" not configured
    --- SKIP: TestIntegration/TestFsRmdirFull (0.00s)
    	fstests.go:184: WARN: "TestPcloud:" not configured
    --- SKIP: TestIntegration/TestFsPrecision (0.00s)
    	fstests.go:184: WARN: "TestPcloud:" not configured
    --- SKIP: TestIntegration/TestFsChangeNotify (0.00s)
    	fstests.go:184: WARN: "TestPcloud:" not configured
    --- SKIP: TestIntegration/TestObjectString (0.00s)
    	fstests.go:184: WARN: "TestPcloud:" not configured
    --- SKIP: TestIntegration/TestObjectFs (0.00s)
    	fstests.go:184: WARN: "TestPcloud:" not configured
    --- SKIP: TestIntegration/TestObjectRemote (0.00s)
    	fstests.go:184: WARN: "TestPcloud:" not configured
    --- SKIP: TestIntegration/TestObjectHashes (0.00s)
    	fstests.go:184: WARN: "TestPcloud:" not configured
    --- SKIP: TestIntegration/TestObjectModTime (0.00s)
    	fstests.go:184: WARN: "TestPcloud:" not configured
    --- SKIP: TestIntegration/TestObjectMimeType (0.00s)
    	fstests.go:184: WARN: "TestPcloud:" not configured
    --- SKIP: TestIntegration/TestObjectSetModTime (0.00s)
    	fstests.go:184: WARN: "TestPcloud:" not configured
    --- SKIP: TestIntegration/TestObjectSize (0.00s)
    	fstests.go:184: WARN: "TestPcloud:" not configured
    --- SKIP: TestIntegration/TestObjectOpen (0.00s)
    	fstests.go:184: WARN: "TestPcloud:" not configured
    --- SKIP: TestIntegration/TestObjectOpenSeek (0.00s)
    	fstests.go:184: WARN: "TestPcloud:" not configured
    --- SKIP: TestIntegration/TestObjectOpenRange (0.00s)
    	fstests.go:184: WARN: "TestPcloud:" not configured
    --- SKIP: TestIntegration/TestObjectPartialRead (0.00s)
    	fstests.go:184: WARN: "TestPcloud:" not configured
    --- SKIP: TestIntegration/TestObjectUpdate (0.00s)
    	fstests.go:184: WARN: "TestPcloud:" not configured
    --- SKIP: TestIntegration/TestObjectStorable (0.00s)
    	fstests.go:184: WARN: "TestPcloud:" not configured
    --- SKIP: TestIntegration/TestFsIsFile (0.00s)
    	fstests.go:184: WARN: "TestPcloud:" not configured
    --- SKIP: TestIntegration/TestFsIsFileNotFound (0.00s)
    	fstests.go:184: WARN: "TestPcloud:" not configured
    --- SKIP: TestIntegration/TestPublicLink (0.00s)
    	fstests.go:184: WARN: "TestPcloud:" not configured
    --- SKIP: TestIntegration/TestObjectRemove (0.00s)
    	fstests.go:184: WARN: "TestPcloud:" not configured
    --- SKIP: TestIntegration/TestFsPutStream (0.00s)
    	fstests.go:184: WARN: "TestPcloud:" not configured
    --- SKIP: TestIntegration/TestObjectAbout (0.00s)
    	fstests.go:184: WARN: "TestPcloud:" not configured
    --- SKIP: TestIntegration/TestObjectPurge (0.00s)
    	fstests.go:184: WARN: "TestPcloud:" not configured
    --- SKIP: TestIntegration/TestInternal (0.00s)
    	fstests.go:184: WARN: "TestPcloud:" not configured
    --- SKIP: TestIntegration/TestFinalise (0.00s)
    	fstests.go:184: WARN: "TestPcloud:" not configured
PASS
ok  	github.com/ncw/rclone/backend/pcloud	0.009s
?   	github.com/ncw/rclone/backend/pcloud/api	[no test files]
=== RUN   TestIntegration
=== RUN   TestIntegration/TestInit
=== RUN   TestIntegration/TestFsString
=== RUN   TestIntegration/TestFsName
=== RUN   TestIntegration/TestFsRoot
=== RUN   TestIntegration/TestFsRmdirEmpty
=== RUN   TestIntegration/TestFsRmdirNotFound
=== RUN   TestIntegration/TestFsMkdir
=== RUN   TestIntegration/TestFsMkdirRmdirSubdir
=== RUN   TestIntegration/TestFsListEmpty
=== RUN   TestIntegration/TestFsListDirEmpty
=== RUN   TestIntegration/TestFsListRDirEmpty
=== RUN   TestIntegration/TestFsListDirNotFound
=== RUN   TestIntegration/TestFsListRDirNotFound
=== RUN   TestIntegration/TestFsNewObjectNotFound
=== RUN   TestIntegration/TestFsPutFile1
=== RUN   TestIntegration/TestFsPutError
=== RUN   TestIntegration/TestFsPutFile2
=== RUN   TestIntegration/TestFsUpdateFile1
=== RUN   TestIntegration/TestFsListDirFile2
=== RUN   TestIntegration/TestFsListRDirFile2
=== RUN   TestIntegration/TestFsListDirRoot
=== RUN   TestIntegration/TestFsListRDirRoot
=== RUN   TestIntegration/TestFsListSubdir
=== RUN   TestIntegration/TestFsListRSubdir
=== RUN   TestIntegration/TestFsListLevel2
=== RUN   TestIntegration/TestFsListRLevel2
=== RUN   TestIntegration/TestFsListFile1
=== RUN   TestIntegration/TestFsNewObject
=== RUN   TestIntegration/TestFsListFile1and2
=== RUN   TestIntegration/TestFsNewObjectDir
=== RUN   TestIntegration/TestFsCopy
=== RUN   TestIntegration/TestFsMove
=== RUN   TestIntegration/TestFsDirMove
=== RUN   TestIntegration/TestFsRmdirFull
=== RUN   TestIntegration/TestFsPrecision
=== RUN   TestIntegration/TestFsChangeNotify
=== RUN   TestIntegration/TestObjectString
=== RUN   TestIntegration/TestObjectFs
=== RUN   TestIntegration/TestObjectRemote
=== RUN   TestIntegration/TestObjectHashes
=== RUN   TestIntegration/TestObjectModTime
=== RUN   TestIntegration/TestObjectMimeType
=== RUN   TestIntegration/TestObjectSetModTime
=== RUN   TestIntegration/TestObjectSize
=== RUN   TestIntegration/TestObjectOpen
=== RUN   TestIntegration/TestObjectOpenSeek
=== RUN   TestIntegration/TestObjectOpenRange
=== RUN   TestIntegration/TestObjectPartialRead
=== RUN   TestIntegration/TestObjectUpdate
=== RUN   TestIntegration/TestObjectStorable
=== RUN   TestIntegration/TestFsIsFile
=== RUN   TestIntegration/TestFsIsFileNotFound
=== RUN   TestIntegration/TestPublicLink
=== RUN   TestIntegration/TestObjectRemove
=== RUN   TestIntegration/TestFsPutStream
=== RUN   TestIntegration/TestObjectAbout
=== RUN   TestIntegration/TestObjectPurge
=== RUN   TestIntegration/TestInternal
=== RUN   TestIntegration/TestFinalise
--- PASS: TestIntegration (0.00s)
    --- SKIP: TestIntegration/TestInit (0.00s)
    	fstests.go:221: Using remote "TestQingStor:"
    	fstests.go:175: Didn't find "TestQingStor:" in config file - skipping tests
    	fstests.go:184: WARN: "TestQingStor:" not configured
    --- SKIP: TestIntegration/TestFsString (0.00s)
    	fstests.go:184: WARN: "TestQingStor:" not configured
    --- SKIP: TestIntegration/TestFsName (0.00s)
    	fstests.go:184: WARN: "TestQingStor:" not configured
    --- SKIP: TestIntegration/TestFsRoot (0.00s)
    	fstests.go:184: WARN: "TestQingStor:" not configured
    --- SKIP: TestIntegration/TestFsRmdirEmpty (0.00s)
    	fstests.go:184: WARN: "TestQingStor:" not configured
    --- SKIP: TestIntegration/TestFsRmdirNotFound (0.00s)
    	fstests.go:184: WARN: "TestQingStor:" not configured
    --- SKIP: TestIntegration/TestFsMkdir (0.00s)
    	fstests.go:184: WARN: "TestQingStor:" not configured
    --- SKIP: TestIntegration/TestFsMkdirRmdirSubdir (0.00s)
    	fstests.go:184: WARN: "TestQingStor:" not configured
    --- SKIP: TestIntegration/TestFsListEmpty (0.00s)
    	fstests.go:184: WARN: "TestQingStor:" not configured
    --- SKIP: TestIntegration/TestFsListDirEmpty (0.00s)
    	fstests.go:184: WARN: "TestQingStor:" not configured
    --- SKIP: TestIntegration/TestFsListRDirEmpty (0.00s)
    	fstests.go:184: WARN: "TestQingStor:" not configured
    --- SKIP: TestIntegration/TestFsListDirNotFound (0.00s)
    	fstests.go:184: WARN: "TestQingStor:" not configured
    --- SKIP: TestIntegration/TestFsListRDirNotFound (0.00s)
    	fstests.go:184: WARN: "TestQingStor:" not configured
    --- SKIP: TestIntegration/TestFsNewObjectNotFound (0.00s)
    	fstests.go:184: WARN: "TestQingStor:" not configured
    --- SKIP: TestIntegration/TestFsPutFile1 (0.00s)
    	fstests.go:184: WARN: "TestQingStor:" not configured
    --- SKIP: TestIntegration/TestFsPutError (0.00s)
    	fstests.go:184: WARN: "TestQingStor:" not configured
    --- SKIP: TestIntegration/TestFsPutFile2 (0.00s)
    	fstests.go:184: WARN: "TestQingStor:" not configured
    --- SKIP: TestIntegration/TestFsUpdateFile1 (0.00s)
    	fstests.go:184: WARN: "TestQingStor:" not configured
    --- SKIP: TestIntegration/TestFsListDirFile2 (0.00s)
    	fstests.go:184: WARN: "TestQingStor:" not configured
    --- SKIP: TestIntegration/TestFsListRDirFile2 (0.00s)
    	fstests.go:184: WARN: "TestQingStor:" not configured
    --- SKIP: TestIntegration/TestFsListDirRoot (0.00s)
    	fstests.go:184: WARN: "TestQingStor:" not configured
    --- SKIP: TestIntegration/TestFsListRDirRoot (0.00s)
    	fstests.go:184: WARN: "TestQingStor:" not configured
    --- SKIP: TestIntegration/TestFsListSubdir (0.00s)
    	fstests.go:184: WARN: "TestQingStor:" not configured
    --- SKIP: TestIntegration/TestFsListRSubdir (0.00s)
    	fstests.go:184: WARN: "TestQingStor:" not configured
    --- SKIP: TestIntegration/TestFsListLevel2 (0.00s)
    	fstests.go:184: WARN: "TestQingStor:" not configured
    --- SKIP: TestIntegration/TestFsListRLevel2 (0.00s)
    	fstests.go:184: WARN: "TestQingStor:" not configured
    --- SKIP: TestIntegration/TestFsListFile1 (0.00s)
    	fstests.go:184: WARN: "TestQingStor:" not configured
    --- SKIP: TestIntegration/TestFsNewObject (0.00s)
    	fstests.go:184: WARN: "TestQingStor:" not configured
    --- SKIP: TestIntegration/TestFsListFile1and2 (0.00s)
    	fstests.go:184: WARN: "TestQingStor:" not configured
    --- SKIP: TestIntegration/TestFsNewObjectDir (0.00s)
    	fstests.go:184: WARN: "TestQingStor:" not configured
    --- SKIP: TestIntegration/TestFsCopy (0.00s)
    	fstests.go:184: WARN: "TestQingStor:" not configured
    --- SKIP: TestIntegration/TestFsMove (0.00s)
    	fstests.go:184: WARN: "TestQingStor:" not configured
    --- SKIP: TestIntegration/TestFsDirMove (0.00s)
    	fstests.go:184: WARN: "TestQingStor:" not configured
    --- SKIP: TestIntegration/TestFsRmdirFull (0.00s)
    	fstests.go:184: WARN: "TestQingStor:" not configured
    --- SKIP: TestIntegration/TestFsPrecision (0.00s)
    	fstests.go:184: WARN: "TestQingStor:" not configured
    --- SKIP: TestIntegration/TestFsChangeNotify (0.00s)
    	fstests.go:184: WARN: "TestQingStor:" not configured
    --- SKIP: TestIntegration/TestObjectString (0.00s)
    	fstests.go:184: WARN: "TestQingStor:" not configured
    --- SKIP: TestIntegration/TestObjectFs (0.00s)
    	fstests.go:184: WARN: "TestQingStor:" not configured
    --- SKIP: TestIntegration/TestObjectRemote (0.00s)
    	fstests.go:184: WARN: "TestQingStor:" not configured
    --- SKIP: TestIntegration/TestObjectHashes (0.00s)
    	fstests.go:184: WARN: "TestQingStor:" not configured
    --- SKIP: TestIntegration/TestObjectModTime (0.00s)
    	fstests.go:184: WARN: "TestQingStor:" not configured
    --- SKIP: TestIntegration/TestObjectMimeType (0.00s)
    	fstests.go:184: WARN: "TestQingStor:" not configured
    --- SKIP: TestIntegration/TestObjectSetModTime (0.00s)
    	fstests.go:184: WARN: "TestQingStor:" not configured
    --- SKIP: TestIntegration/TestObjectSize (0.00s)
    	fstests.go:184: WARN: "TestQingStor:" not configured
    --- SKIP: TestIntegration/TestObjectOpen (0.00s)
    	fstests.go:184: WARN: "TestQingStor:" not configured
    --- SKIP: TestIntegration/TestObjectOpenSeek (0.00s)
    	fstests.go:184: WARN: "TestQingStor:" not configured
    --- SKIP: TestIntegration/TestObjectOpenRange (0.00s)
    	fstests.go:184: WARN: "TestQingStor:" not configured
    --- SKIP: TestIntegration/TestObjectPartialRead (0.00s)
    	fstests.go:184: WARN: "TestQingStor:" not configured
    --- SKIP: TestIntegration/TestObjectUpdate (0.00s)
    	fstests.go:184: WARN: "TestQingStor:" not configured
    --- SKIP: TestIntegration/TestObjectStorable (0.00s)
    	fstests.go:184: WARN: "TestQingStor:" not configured
    --- SKIP: TestIntegration/TestFsIsFile (0.00s)
    	fstests.go:184: WARN: "TestQingStor:" not configured
    --- SKIP: TestIntegration/TestFsIsFileNotFound (0.00s)
    	fstests.go:184: WARN: "TestQingStor:" not configured
    --- SKIP: TestIntegration/TestPublicLink (0.00s)
    	fstests.go:184: WARN: "TestQingStor:" not configured
    --- SKIP: TestIntegration/TestObjectRemove (0.00s)
    	fstests.go:184: WARN: "TestQingStor:" not configured
    --- SKIP: TestIntegration/TestFsPutStream (0.00s)
    	fstests.go:184: WARN: "TestQingStor:" not configured
    --- SKIP: TestIntegration/TestObjectAbout (0.00s)
    	fstests.go:184: WARN: "TestQingStor:" not configured
    --- SKIP: TestIntegration/TestObjectPurge (0.00s)
    	fstests.go:184: WARN: "TestQingStor:" not configured
    --- SKIP: TestIntegration/TestInternal (0.00s)
    	fstests.go:184: WARN: "TestQingStor:" not configured
    --- SKIP: TestIntegration/TestFinalise (0.00s)
    	fstests.go:184: WARN: "TestQingStor:" not configured
PASS
ok  	github.com/ncw/rclone/backend/qingstor	0.008s
=== RUN   TestIntegration
=== RUN   TestIntegration/TestInit
=== RUN   TestIntegration/TestFsString
=== RUN   TestIntegration/TestFsName
=== RUN   TestIntegration/TestFsRoot
=== RUN   TestIntegration/TestFsRmdirEmpty
=== RUN   TestIntegration/TestFsRmdirNotFound
=== RUN   TestIntegration/TestFsMkdir
=== RUN   TestIntegration/TestFsMkdirRmdirSubdir
=== RUN   TestIntegration/TestFsListEmpty
=== RUN   TestIntegration/TestFsListDirEmpty
=== RUN   TestIntegration/TestFsListRDirEmpty
=== RUN   TestIntegration/TestFsListDirNotFound
=== RUN   TestIntegration/TestFsListRDirNotFound
=== RUN   TestIntegration/TestFsNewObjectNotFound
=== RUN   TestIntegration/TestFsPutFile1
=== RUN   TestIntegration/TestFsPutError
=== RUN   TestIntegration/TestFsPutFile2
=== RUN   TestIntegration/TestFsUpdateFile1
=== RUN   TestIntegration/TestFsListDirFile2
=== RUN   TestIntegration/TestFsListRDirFile2
=== RUN   TestIntegration/TestFsListDirRoot
=== RUN   TestIntegration/TestFsListRDirRoot
=== RUN   TestIntegration/TestFsListSubdir
=== RUN   TestIntegration/TestFsListRSubdir
=== RUN   TestIntegration/TestFsListLevel2
=== RUN   TestIntegration/TestFsListRLevel2
=== RUN   TestIntegration/TestFsListFile1
=== RUN   TestIntegration/TestFsNewObject
=== RUN   TestIntegration/TestFsListFile1and2
=== RUN   TestIntegration/TestFsNewObjectDir
=== RUN   TestIntegration/TestFsCopy
=== RUN   TestIntegration/TestFsMove
=== RUN   TestIntegration/TestFsDirMove
=== RUN   TestIntegration/TestFsRmdirFull
=== RUN   TestIntegration/TestFsPrecision
=== RUN   TestIntegration/TestFsChangeNotify
=== RUN   TestIntegration/TestObjectString
=== RUN   TestIntegration/TestObjectFs
=== RUN   TestIntegration/TestObjectRemote
=== RUN   TestIntegration/TestObjectHashes
=== RUN   TestIntegration/TestObjectModTime
=== RUN   TestIntegration/TestObjectMimeType
=== RUN   TestIntegration/TestObjectSetModTime
=== RUN   TestIntegration/TestObjectSize
=== RUN   TestIntegration/TestObjectOpen
=== RUN   TestIntegration/TestObjectOpenSeek
=== RUN   TestIntegration/TestObjectOpenRange
=== RUN   TestIntegration/TestObjectPartialRead
=== RUN   TestIntegration/TestObjectUpdate
=== RUN   TestIntegration/TestObjectStorable
=== RUN   TestIntegration/TestFsIsFile
=== RUN   TestIntegration/TestFsIsFileNotFound
=== RUN   TestIntegration/TestPublicLink
=== RUN   TestIntegration/TestObjectRemove
=== RUN   TestIntegration/TestFsPutStream
=== RUN   TestIntegration/TestObjectAbout
=== RUN   TestIntegration/TestObjectPurge
=== RUN   TestIntegration/TestInternal
=== RUN   TestIntegration/TestFinalise
--- PASS: TestIntegration (0.00s)
    --- SKIP: TestIntegration/TestInit (0.00s)
    	fstests.go:221: Using remote "TestS3:"
    	fstests.go:175: Didn't find "TestS3:" in config file - skipping tests
    	fstests.go:184: WARN: "TestS3:" not configured
    --- SKIP: TestIntegration/TestFsString (0.00s)
    	fstests.go:184: WARN: "TestS3:" not configured
    --- SKIP: TestIntegration/TestFsName (0.00s)
    	fstests.go:184: WARN: "TestS3:" not configured
    --- SKIP: TestIntegration/TestFsRoot (0.00s)
    	fstests.go:184: WARN: "TestS3:" not configured
    --- SKIP: TestIntegration/TestFsRmdirEmpty (0.00s)
    	fstests.go:184: WARN: "TestS3:" not configured
    --- SKIP: TestIntegration/TestFsRmdirNotFound (0.00s)
    	fstests.go:184: WARN: "TestS3:" not configured
    --- SKIP: TestIntegration/TestFsMkdir (0.00s)
    	fstests.go:184: WARN: "TestS3:" not configured
    --- SKIP: TestIntegration/TestFsMkdirRmdirSubdir (0.00s)
    	fstests.go:184: WARN: "TestS3:" not configured
    --- SKIP: TestIntegration/TestFsListEmpty (0.00s)
    	fstests.go:184: WARN: "TestS3:" not configured
    --- SKIP: TestIntegration/TestFsListDirEmpty (0.00s)
    	fstests.go:184: WARN: "TestS3:" not configured
    --- SKIP: TestIntegration/TestFsListRDirEmpty (0.00s)
    	fstests.go:184: WARN: "TestS3:" not configured
    --- SKIP: TestIntegration/TestFsListDirNotFound (0.00s)
    	fstests.go:184: WARN: "TestS3:" not configured
    --- SKIP: TestIntegration/TestFsListRDirNotFound (0.00s)
    	fstests.go:184: WARN: "TestS3:" not configured
    --- SKIP: TestIntegration/TestFsNewObjectNotFound (0.00s)
    	fstests.go:184: WARN: "TestS3:" not configured
    --- SKIP: TestIntegration/TestFsPutFile1 (0.00s)
    	fstests.go:184: WARN: "TestS3:" not configured
    --- SKIP: TestIntegration/TestFsPutError (0.00s)
    	fstests.go:184: WARN: "TestS3:" not configured
    --- SKIP: TestIntegration/TestFsPutFile2 (0.00s)
    	fstests.go:184: WARN: "TestS3:" not configured
    --- SKIP: TestIntegration/TestFsUpdateFile1 (0.00s)
    	fstests.go:184: WARN: "TestS3:" not configured
    --- SKIP: TestIntegration/TestFsListDirFile2 (0.00s)
    	fstests.go:184: WARN: "TestS3:" not configured
    --- SKIP: TestIntegration/TestFsListRDirFile2 (0.00s)
    	fstests.go:184: WARN: "TestS3:" not configured
    --- SKIP: TestIntegration/TestFsListDirRoot (0.00s)
    	fstests.go:184: WARN: "TestS3:" not configured
    --- SKIP: TestIntegration/TestFsListRDirRoot (0.00s)
    	fstests.go:184: WARN: "TestS3:" not configured
    --- SKIP: TestIntegration/TestFsListSubdir (0.00s)
    	fstests.go:184: WARN: "TestS3:" not configured
    --- SKIP: TestIntegration/TestFsListRSubdir (0.00s)
    	fstests.go:184: WARN: "TestS3:" not configured
    --- SKIP: TestIntegration/TestFsListLevel2 (0.00s)
    	fstests.go:184: WARN: "TestS3:" not configured
    --- SKIP: TestIntegration/TestFsListRLevel2 (0.00s)
    	fstests.go:184: WARN: "TestS3:" not configured
    --- SKIP: TestIntegration/TestFsListFile1 (0.00s)
    	fstests.go:184: WARN: "TestS3:" not configured
    --- SKIP: TestIntegration/TestFsNewObject (0.00s)
    	fstests.go:184: WARN: "TestS3:" not configured
    --- SKIP: TestIntegration/TestFsListFile1and2 (0.00s)
    	fstests.go:184: WARN: "TestS3:" not configured
    --- SKIP: TestIntegration/TestFsNewObjectDir (0.00s)
    	fstests.go:184: WARN: "TestS3:" not configured
    --- SKIP: TestIntegration/TestFsCopy (0.00s)
    	fstests.go:184: WARN: "TestS3:" not configured
    --- SKIP: TestIntegration/TestFsMove (0.00s)
    	fstests.go:184: WARN: "TestS3:" not configured
    --- SKIP: TestIntegration/TestFsDirMove (0.00s)
    	fstests.go:184: WARN: "TestS3:" not configured
    --- SKIP: TestIntegration/TestFsRmdirFull (0.00s)
    	fstests.go:184: WARN: "TestS3:" not configured
    --- SKIP: TestIntegration/TestFsPrecision (0.00s)
    	fstests.go:184: WARN: "TestS3:" not configured
    --- SKIP: TestIntegration/TestFsChangeNotify (0.00s)
    	fstests.go:184: WARN: "TestS3:" not configured
    --- SKIP: TestIntegration/TestObjectString (0.00s)
    	fstests.go:184: WARN: "TestS3:" not configured
    --- SKIP: TestIntegration/TestObjectFs (0.00s)
    	fstests.go:184: WARN: "TestS3:" not configured
    --- SKIP: TestIntegration/TestObjectRemote (0.00s)
    	fstests.go:184: WARN: "TestS3:" not configured
    --- SKIP: TestIntegration/TestObjectHashes (0.00s)
    	fstests.go:184: WARN: "TestS3:" not configured
    --- SKIP: TestIntegration/TestObjectModTime (0.00s)
    	fstests.go:184: WARN: "TestS3:" not configured
    --- SKIP: TestIntegration/TestObjectMimeType (0.00s)
    	fstests.go:184: WARN: "TestS3:" not configured
    --- SKIP: TestIntegration/TestObjectSetModTime (0.00s)
    	fstests.go:184: WARN: "TestS3:" not configured
    --- SKIP: TestIntegration/TestObjectSize (0.00s)
    	fstests.go:184: WARN: "TestS3:" not configured
    --- SKIP: TestIntegration/TestObjectOpen (0.00s)
    	fstests.go:184: WARN: "TestS3:" not configured
    --- SKIP: TestIntegration/TestObjectOpenSeek (0.00s)
    	fstests.go:184: WARN: "TestS3:" not configured
    --- SKIP: TestIntegration/TestObjectOpenRange (0.00s)
    	fstests.go:184: WARN: "TestS3:" not configured
    --- SKIP: TestIntegration/TestObjectPartialRead (0.00s)
    	fstests.go:184: WARN: "TestS3:" not configured
    --- SKIP: TestIntegration/TestObjectUpdate (0.00s)
    	fstests.go:184: WARN: "TestS3:" not configured
    --- SKIP: TestIntegration/TestObjectStorable (0.00s)
    	fstests.go:184: WARN: "TestS3:" not configured
    --- SKIP: TestIntegration/TestFsIsFile (0.00s)
    	fstests.go:184: WARN: "TestS3:" not configured
    --- SKIP: TestIntegration/TestFsIsFileNotFound (0.00s)
    	fstests.go:184: WARN: "TestS3:" not configured
    --- SKIP: TestIntegration/TestPublicLink (0.00s)
    	fstests.go:184: WARN: "TestS3:" not configured
    --- SKIP: TestIntegration/TestObjectRemove (0.00s)
    	fstests.go:184: WARN: "TestS3:" not configured
    --- SKIP: TestIntegration/TestFsPutStream (0.00s)
    	fstests.go:184: WARN: "TestS3:" not configured
    --- SKIP: TestIntegration/TestObjectAbout (0.00s)
    	fstests.go:184: WARN: "TestS3:" not configured
    --- SKIP: TestIntegration/TestObjectPurge (0.00s)
    	fstests.go:184: WARN: "TestS3:" not configured
    --- SKIP: TestIntegration/TestInternal (0.00s)
    	fstests.go:184: WARN: "TestS3:" not configured
    --- SKIP: TestIntegration/TestFinalise (0.00s)
    	fstests.go:184: WARN: "TestS3:" not configured
PASS
ok  	github.com/ncw/rclone/backend/s3	0.014s
=== RUN   TestShellEscape
--- PASS: TestShellEscape (0.00s)
=== RUN   TestParseHash
--- PASS: TestParseHash (0.00s)
=== RUN   TestStringLock
--- PASS: TestStringLock (1.27s)
=== RUN   TestIntegration
=== RUN   TestIntegration/TestInit
=== RUN   TestIntegration/TestFsString
=== RUN   TestIntegration/TestFsName
=== RUN   TestIntegration/TestFsRoot
=== RUN   TestIntegration/TestFsRmdirEmpty
=== RUN   TestIntegration/TestFsRmdirNotFound
=== RUN   TestIntegration/TestFsMkdir
=== RUN   TestIntegration/TestFsMkdirRmdirSubdir
=== RUN   TestIntegration/TestFsListEmpty
=== RUN   TestIntegration/TestFsListDirEmpty
=== RUN   TestIntegration/TestFsListRDirEmpty
=== RUN   TestIntegration/TestFsListDirNotFound
=== RUN   TestIntegration/TestFsListRDirNotFound
=== RUN   TestIntegration/TestFsNewObjectNotFound
=== RUN   TestIntegration/TestFsPutFile1
=== RUN   TestIntegration/TestFsPutError
=== RUN   TestIntegration/TestFsPutFile2
=== RUN   TestIntegration/TestFsUpdateFile1
=== RUN   TestIntegration/TestFsListDirFile2
=== RUN   TestIntegration/TestFsListRDirFile2
=== RUN   TestIntegration/TestFsListDirRoot
=== RUN   TestIntegration/TestFsListRDirRoot
=== RUN   TestIntegration/TestFsListSubdir
=== RUN   TestIntegration/TestFsListRSubdir
=== RUN   TestIntegration/TestFsListLevel2
=== RUN   TestIntegration/TestFsListRLevel2
=== RUN   TestIntegration/TestFsListFile1
=== RUN   TestIntegration/TestFsNewObject
=== RUN   TestIntegration/TestFsListFile1and2
=== RUN   TestIntegration/TestFsNewObjectDir
=== RUN   TestIntegration/TestFsCopy
=== RUN   TestIntegration/TestFsMove
=== RUN   TestIntegration/TestFsDirMove
=== RUN   TestIntegration/TestFsRmdirFull
=== RUN   TestIntegration/TestFsPrecision
=== RUN   TestIntegration/TestFsChangeNotify
=== RUN   TestIntegration/TestObjectString
=== RUN   TestIntegration/TestObjectFs
=== RUN   TestIntegration/TestObjectRemote
=== RUN   TestIntegration/TestObjectHashes
=== RUN   TestIntegration/TestObjectModTime
=== RUN   TestIntegration/TestObjectMimeType
=== RUN   TestIntegration/TestObjectSetModTime
=== RUN   TestIntegration/TestObjectSize
=== RUN   TestIntegration/TestObjectOpen
=== RUN   TestIntegration/TestObjectOpenSeek
=== RUN   TestIntegration/TestObjectOpenRange
=== RUN   TestIntegration/TestObjectPartialRead
=== RUN   TestIntegration/TestObjectUpdate
=== RUN   TestIntegration/TestObjectStorable
=== RUN   TestIntegration/TestFsIsFile
=== RUN   TestIntegration/TestFsIsFileNotFound
=== RUN   TestIntegration/TestPublicLink
=== RUN   TestIntegration/TestObjectRemove
=== RUN   TestIntegration/TestFsPutStream
=== RUN   TestIntegration/TestObjectAbout
=== RUN   TestIntegration/TestObjectPurge
=== RUN   TestIntegration/TestInternal
=== RUN   TestIntegration/TestFinalise
--- PASS: TestIntegration (0.00s)
    --- SKIP: TestIntegration/TestInit (0.00s)
    	fstests.go:221: Using remote "TestSftp:"
    	fstests.go:175: Didn't find "TestSftp:" in config file - skipping tests
    	fstests.go:184: WARN: "TestSftp:" not configured
    --- SKIP: TestIntegration/TestFsString (0.00s)
    	fstests.go:184: WARN: "TestSftp:" not configured
    --- SKIP: TestIntegration/TestFsName (0.00s)
    	fstests.go:184: WARN: "TestSftp:" not configured
    --- SKIP: TestIntegration/TestFsRoot (0.00s)
    	fstests.go:184: WARN: "TestSftp:" not configured
    --- SKIP: TestIntegration/TestFsRmdirEmpty (0.00s)
    	fstests.go:184: WARN: "TestSftp:" not configured
    --- SKIP: TestIntegration/TestFsRmdirNotFound (0.00s)
    	fstests.go:184: WARN: "TestSftp:" not configured
    --- SKIP: TestIntegration/TestFsMkdir (0.00s)
    	fstests.go:184: WARN: "TestSftp:" not configured
    --- SKIP: TestIntegration/TestFsMkdirRmdirSubdir (0.00s)
    	fstests.go:184: WARN: "TestSftp:" not configured
    --- SKIP: TestIntegration/TestFsListEmpty (0.00s)
    	fstests.go:184: WARN: "TestSftp:" not configured
    --- SKIP: TestIntegration/TestFsListDirEmpty (0.00s)
    	fstests.go:184: WARN: "TestSftp:" not configured
    --- SKIP: TestIntegration/TestFsListRDirEmpty (0.00s)
    	fstests.go:184: WARN: "TestSftp:" not configured
    --- SKIP: TestIntegration/TestFsListDirNotFound (0.00s)
    	fstests.go:184: WARN: "TestSftp:" not configured
    --- SKIP: TestIntegration/TestFsListRDirNotFound (0.00s)
    	fstests.go:184: WARN: "TestSftp:" not configured
    --- SKIP: TestIntegration/TestFsNewObjectNotFound (0.00s)
    	fstests.go:184: WARN: "TestSftp:" not configured
    --- SKIP: TestIntegration/TestFsPutFile1 (0.00s)
    	fstests.go:184: WARN: "TestSftp:" not configured
    --- SKIP: TestIntegration/TestFsPutError (0.00s)
    	fstests.go:184: WARN: "TestSftp:" not configured
    --- SKIP: TestIntegration/TestFsPutFile2 (0.00s)
    	fstests.go:184: WARN: "TestSftp:" not configured
    --- SKIP: TestIntegration/TestFsUpdateFile1 (0.00s)
    	fstests.go:184: WARN: "TestSftp:" not configured
    --- SKIP: TestIntegration/TestFsListDirFile2 (0.00s)
    	fstests.go:184: WARN: "TestSftp:" not configured
    --- SKIP: TestIntegration/TestFsListRDirFile2 (0.00s)
    	fstests.go:184: WARN: "TestSftp:" not configured
    --- SKIP: TestIntegration/TestFsListDirRoot (0.00s)
    	fstests.go:184: WARN: "TestSftp:" not configured
    --- SKIP: TestIntegration/TestFsListRDirRoot (0.00s)
    	fstests.go:184: WARN: "TestSftp:" not configured
    --- SKIP: TestIntegration/TestFsListSubdir (0.00s)
    	fstests.go:184: WARN: "TestSftp:" not configured
    --- SKIP: TestIntegration/TestFsListRSubdir (0.00s)
    	fstests.go:184: WARN: "TestSftp:" not configured
    --- SKIP: TestIntegration/TestFsListLevel2 (0.00s)
    	fstests.go:184: WARN: "TestSftp:" not configured
    --- SKIP: TestIntegration/TestFsListRLevel2 (0.00s)
    	fstests.go:184: WARN: "TestSftp:" not configured
    --- SKIP: TestIntegration/TestFsListFile1 (0.00s)
    	fstests.go:184: WARN: "TestSftp:" not configured
    --- SKIP: TestIntegration/TestFsNewObject (0.00s)
    	fstests.go:184: WARN: "TestSftp:" not configured
    --- SKIP: TestIntegration/TestFsListFile1and2 (0.00s)
    	fstests.go:184: WARN: "TestSftp:" not configured
    --- SKIP: TestIntegration/TestFsNewObjectDir (0.00s)
    	fstests.go:184: WARN: "TestSftp:" not configured
    --- SKIP: TestIntegration/TestFsCopy (0.00s)
    	fstests.go:184: WARN: "TestSftp:" not configured
    --- SKIP: TestIntegration/TestFsMove (0.00s)
    	fstests.go:184: WARN: "TestSftp:" not configured
    --- SKIP: TestIntegration/TestFsDirMove (0.00s)
    	fstests.go:184: WARN: "TestSftp:" not configured
    --- SKIP: TestIntegration/TestFsRmdirFull (0.00s)
    	fstests.go:184: WARN: "TestSftp:" not configured
    --- SKIP: TestIntegration/TestFsPrecision (0.00s)
    	fstests.go:184: WARN: "TestSftp:" not configured
    --- SKIP: TestIntegration/TestFsChangeNotify (0.00s)
    	fstests.go:184: WARN: "TestSftp:" not configured
    --- SKIP: TestIntegration/TestObjectString (0.00s)
    	fstests.go:184: WARN: "TestSftp:" not configured
    --- SKIP: TestIntegration/TestObjectFs (0.00s)
    	fstests.go:184: WARN: "TestSftp:" not configured
    --- SKIP: TestIntegration/TestObjectRemote (0.00s)
    	fstests.go:184: WARN: "TestSftp:" not configured
    --- SKIP: TestIntegration/TestObjectHashes (0.00s)
    	fstests.go:184: WARN: "TestSftp:" not configured
    --- SKIP: TestIntegration/TestObjectModTime (0.00s)
    	fstests.go:184: WARN: "TestSftp:" not configured
    --- SKIP: TestIntegration/TestObjectMimeType (0.00s)
    	fstests.go:184: WARN: "TestSftp:" not configured
    --- SKIP: TestIntegration/TestObjectSetModTime (0.00s)
    	fstests.go:184: WARN: "TestSftp:" not configured
    --- SKIP: TestIntegration/TestObjectSize (0.00s)
    	fstests.go:184: WARN: "TestSftp:" not configured
    --- SKIP: TestIntegration/TestObjectOpen (0.00s)
    	fstests.go:184: WARN: "TestSftp:" not configured
    --- SKIP: TestIntegration/TestObjectOpenSeek (0.00s)
    	fstests.go:184: WARN: "TestSftp:" not configured
    --- SKIP: TestIntegration/TestObjectOpenRange (0.00s)
    	fstests.go:184: WARN: "TestSftp:" not configured
    --- SKIP: TestIntegration/TestObjectPartialRead (0.00s)
    	fstests.go:184: WARN: "TestSftp:" not configured
    --- SKIP: TestIntegration/TestObjectUpdate (0.00s)
    	fstests.go:184: WARN: "TestSftp:" not configured
    --- SKIP: TestIntegration/TestObjectStorable (0.00s)
    	fstests.go:184: WARN: "TestSftp:" not configured
    --- SKIP: TestIntegration/TestFsIsFile (0.00s)
    	fstests.go:184: WARN: "TestSftp:" not configured
    --- SKIP: TestIntegration/TestFsIsFileNotFound (0.00s)
    	fstests.go:184: WARN: "TestSftp:" not configured
    --- SKIP: TestIntegration/TestPublicLink (0.00s)
    	fstests.go:184: WARN: "TestSftp:" not configured
    --- SKIP: TestIntegration/TestObjectRemove (0.00s)
    	fstests.go:184: WARN: "TestSftp:" not configured
    --- SKIP: TestIntegration/TestFsPutStream (0.00s)
    	fstests.go:184: WARN: "TestSftp:" not configured
    --- SKIP: TestIntegration/TestObjectAbout (0.00s)
    	fstests.go:184: WARN: "TestSftp:" not configured
    --- SKIP: TestIntegration/TestObjectPurge (0.00s)
    	fstests.go:184: WARN: "TestSftp:" not configured
    --- SKIP: TestIntegration/TestInternal (0.00s)
    	fstests.go:184: WARN: "TestSftp:" not configured
    --- SKIP: TestIntegration/TestFinalise (0.00s)
    	fstests.go:184: WARN: "TestSftp:" not configured
PASS
ok  	github.com/ncw/rclone/backend/sftp	1.278s
=== RUN   TestInternalUrlEncode
--- PASS: TestInternalUrlEncode (0.00s)
=== RUN   TestIntegration
=== RUN   TestIntegration/TestInit
=== RUN   TestIntegration/TestFsString
=== RUN   TestIntegration/TestFsName
=== RUN   TestIntegration/TestFsRoot
=== RUN   TestIntegration/TestFsRmdirEmpty
=== RUN   TestIntegration/TestFsRmdirNotFound
=== RUN   TestIntegration/TestFsMkdir
=== RUN   TestIntegration/TestFsMkdirRmdirSubdir
=== RUN   TestIntegration/TestFsListEmpty
=== RUN   TestIntegration/TestFsListDirEmpty
=== RUN   TestIntegration/TestFsListRDirEmpty
=== RUN   TestIntegration/TestFsListDirNotFound
=== RUN   TestIntegration/TestFsListRDirNotFound
=== RUN   TestIntegration/TestFsNewObjectNotFound
=== RUN   TestIntegration/TestFsPutFile1
=== RUN   TestIntegration/TestFsPutError
=== RUN   TestIntegration/TestFsPutFile2
=== RUN   TestIntegration/TestFsUpdateFile1
=== RUN   TestIntegration/TestFsListDirFile2
=== RUN   TestIntegration/TestFsListRDirFile2
=== RUN   TestIntegration/TestFsListDirRoot
=== RUN   TestIntegration/TestFsListRDirRoot
=== RUN   TestIntegration/TestFsListSubdir
=== RUN   TestIntegration/TestFsListRSubdir
=== RUN   TestIntegration/TestFsListLevel2
=== RUN   TestIntegration/TestFsListRLevel2
=== RUN   TestIntegration/TestFsListFile1
=== RUN   TestIntegration/TestFsNewObject
=== RUN   TestIntegration/TestFsListFile1and2
=== RUN   TestIntegration/TestFsNewObjectDir
=== RUN   TestIntegration/TestFsCopy
=== RUN   TestIntegration/TestFsMove
=== RUN   TestIntegration/TestFsDirMove
=== RUN   TestIntegration/TestFsRmdirFull
=== RUN   TestIntegration/TestFsPrecision
=== RUN   TestIntegration/TestFsChangeNotify
=== RUN   TestIntegration/TestObjectString
=== RUN   TestIntegration/TestObjectFs
=== RUN   TestIntegration/TestObjectRemote
=== RUN   TestIntegration/TestObjectHashes
=== RUN   TestIntegration/TestObjectModTime
=== RUN   TestIntegration/TestObjectMimeType
=== RUN   TestIntegration/TestObjectSetModTime
=== RUN   TestIntegration/TestObjectSize
=== RUN   TestIntegration/TestObjectOpen
=== RUN   TestIntegration/TestObjectOpenSeek
=== RUN   TestIntegration/TestObjectOpenRange
=== RUN   TestIntegration/TestObjectPartialRead
=== RUN   TestIntegration/TestObjectUpdate
=== RUN   TestIntegration/TestObjectStorable
=== RUN   TestIntegration/TestFsIsFile
=== RUN   TestIntegration/TestFsIsFileNotFound
=== RUN   TestIntegration/TestPublicLink
=== RUN   TestIntegration/TestObjectRemove
=== RUN   TestIntegration/TestFsPutStream
=== RUN   TestIntegration/TestObjectAbout
=== RUN   TestIntegration/TestObjectPurge
=== RUN   TestIntegration/TestInternal
=== RUN   TestIntegration/TestFinalise
--- PASS: TestIntegration (0.01s)
    --- SKIP: TestIntegration/TestInit (0.00s)
    	fstests.go:221: Using remote "TestSwift:"
    	fstests.go:175: Didn't find "TestSwift:" in config file - skipping tests
    	fstests.go:184: WARN: "TestSwift:" not configured
    --- SKIP: TestIntegration/TestFsString (0.00s)
    	fstests.go:184: WARN: "TestSwift:" not configured
    --- SKIP: TestIntegration/TestFsName (0.00s)
    	fstests.go:184: WARN: "TestSwift:" not configured
    --- SKIP: TestIntegration/TestFsRoot (0.00s)
    	fstests.go:184: WARN: "TestSwift:" not configured
    --- SKIP: TestIntegration/TestFsRmdirEmpty (0.00s)
    	fstests.go:184: WARN: "TestSwift:" not configured
    --- SKIP: TestIntegration/TestFsRmdirNotFound (0.00s)
    	fstests.go:184: WARN: "TestSwift:" not configured
    --- SKIP: TestIntegration/TestFsMkdir (0.00s)
    	fstests.go:184: WARN: "TestSwift:" not configured
    --- SKIP: TestIntegration/TestFsMkdirRmdirSubdir (0.00s)
    	fstests.go:184: WARN: "TestSwift:" not configured
    --- SKIP: TestIntegration/TestFsListEmpty (0.00s)
    	fstests.go:184: WARN: "TestSwift:" not configured
    --- SKIP: TestIntegration/TestFsListDirEmpty (0.00s)
    	fstests.go:184: WARN: "TestSwift:" not configured
    --- SKIP: TestIntegration/TestFsListRDirEmpty (0.00s)
    	fstests.go:184: WARN: "TestSwift:" not configured
    --- SKIP: TestIntegration/TestFsListDirNotFound (0.00s)
    	fstests.go:184: WARN: "TestSwift:" not configured
    --- SKIP: TestIntegration/TestFsListRDirNotFound (0.00s)
    	fstests.go:184: WARN: "TestSwift:" not configured
    --- SKIP: TestIntegration/TestFsNewObjectNotFound (0.00s)
    	fstests.go:184: WARN: "TestSwift:" not configured
    --- SKIP: TestIntegration/TestFsPutFile1 (0.00s)
    	fstests.go:184: WARN: "TestSwift:" not configured
    --- SKIP: TestIntegration/TestFsPutError (0.00s)
    	fstests.go:184: WARN: "TestSwift:" not configured
    --- SKIP: TestIntegration/TestFsPutFile2 (0.00s)
    	fstests.go:184: WARN: "TestSwift:" not configured
    --- SKIP: TestIntegration/TestFsUpdateFile1 (0.00s)
    	fstests.go:184: WARN: "TestSwift:" not configured
    --- SKIP: TestIntegration/TestFsListDirFile2 (0.00s)
    	fstests.go:184: WARN: "TestSwift:" not configured
    --- SKIP: TestIntegration/TestFsListRDirFile2 (0.00s)
    	fstests.go:184: WARN: "TestSwift:" not configured
    --- SKIP: TestIntegration/TestFsListDirRoot (0.00s)
    	fstests.go:184: WARN: "TestSwift:" not configured
    --- SKIP: TestIntegration/TestFsListRDirRoot (0.00s)
    	fstests.go:184: WARN: "TestSwift:" not configured
    --- SKIP: TestIntegration/TestFsListSubdir (0.00s)
    	fstests.go:184: WARN: "TestSwift:" not configured
    --- SKIP: TestIntegration/TestFsListRSubdir (0.00s)
    	fstests.go:184: WARN: "TestSwift:" not configured
    --- SKIP: TestIntegration/TestFsListLevel2 (0.00s)
    	fstests.go:184: WARN: "TestSwift:" not configured
    --- SKIP: TestIntegration/TestFsListRLevel2 (0.00s)
    	fstests.go:184: WARN: "TestSwift:" not configured
    --- SKIP: TestIntegration/TestFsListFile1 (0.00s)
    	fstests.go:184: WARN: "TestSwift:" not configured
    --- SKIP: TestIntegration/TestFsNewObject (0.00s)
    	fstests.go:184: WARN: "TestSwift:" not configured
    --- SKIP: TestIntegration/TestFsListFile1and2 (0.00s)
    	fstests.go:184: WARN: "TestSwift:" not configured
    --- SKIP: TestIntegration/TestFsNewObjectDir (0.00s)
    	fstests.go:184: WARN: "TestSwift:" not configured
    --- SKIP: TestIntegration/TestFsCopy (0.00s)
    	fstests.go:184: WARN: "TestSwift:" not configured
    --- SKIP: TestIntegration/TestFsMove (0.00s)
    	fstests.go:184: WARN: "TestSwift:" not configured
    --- SKIP: TestIntegration/TestFsDirMove (0.00s)
    	fstests.go:184: WARN: "TestSwift:" not configured
    --- SKIP: TestIntegration/TestFsRmdirFull (0.00s)
    	fstests.go:184: WARN: "TestSwift:" not configured
    --- SKIP: TestIntegration/TestFsPrecision (0.00s)
    	fstests.go:184: WARN: "TestSwift:" not configured
    --- SKIP: TestIntegration/TestFsChangeNotify (0.00s)
    	fstests.go:184: WARN: "TestSwift:" not configured
    --- SKIP: TestIntegration/TestObjectString (0.00s)
    	fstests.go:184: WARN: "TestSwift:" not configured
    --- SKIP: TestIntegration/TestObjectFs (0.00s)
    	fstests.go:184: WARN: "TestSwift:" not configured
    --- SKIP: TestIntegration/TestObjectRemote (0.00s)
    	fstests.go:184: WARN: "TestSwift:" not configured
    --- SKIP: TestIntegration/TestObjectHashes (0.00s)
    	fstests.go:184: WARN: "TestSwift:" not configured
    --- SKIP: TestIntegration/TestObjectModTime (0.00s)
    	fstests.go:184: WARN: "TestSwift:" not configured
    --- SKIP: TestIntegration/TestObjectMimeType (0.00s)
    	fstests.go:184: WARN: "TestSwift:" not configured
    --- SKIP: TestIntegration/TestObjectSetModTime (0.00s)
    	fstests.go:184: WARN: "TestSwift:" not configured
    --- SKIP: TestIntegration/TestObjectSize (0.00s)
    	fstests.go:184: WARN: "TestSwift:" not configured
    --- SKIP: TestIntegration/TestObjectOpen (0.00s)
    	fstests.go:184: WARN: "TestSwift:" not configured
    --- SKIP: TestIntegration/TestObjectOpenSeek (0.00s)
    	fstests.go:184: WARN: "TestSwift:" not configured
    --- SKIP: TestIntegration/TestObjectOpenRange (0.00s)
    	fstests.go:184: WARN: "TestSwift:" not configured
    --- SKIP: TestIntegration/TestObjectPartialRead (0.00s)
    	fstests.go:184: WARN: "TestSwift:" not configured
    --- SKIP: TestIntegration/TestObjectUpdate (0.00s)
    	fstests.go:184: WARN: "TestSwift:" not configured
    --- SKIP: TestIntegration/TestObjectStorable (0.00s)
    	fstests.go:184: WARN: "TestSwift:" not configured
    --- SKIP: TestIntegration/TestFsIsFile (0.00s)
    	fstests.go:184: WARN: "TestSwift:" not configured
    --- SKIP: TestIntegration/TestFsIsFileNotFound (0.00s)
    	fstests.go:184: WARN: "TestSwift:" not configured
    --- SKIP: TestIntegration/TestPublicLink (0.00s)
    	fstests.go:184: WARN: "TestSwift:" not configured
    --- SKIP: TestIntegration/TestObjectRemove (0.00s)
    	fstests.go:184: WARN: "TestSwift:" not configured
    --- SKIP: TestIntegration/TestFsPutStream (0.00s)
    	fstests.go:184: WARN: "TestSwift:" not configured
    --- SKIP: TestIntegration/TestObjectAbout (0.00s)
    	fstests.go:184: WARN: "TestSwift:" not configured
    --- SKIP: TestIntegration/TestObjectPurge (0.00s)
    	fstests.go:184: WARN: "TestSwift:" not configured
    --- SKIP: TestIntegration/TestInternal (0.00s)
    	fstests.go:184: WARN: "TestSwift:" not configured
    --- SKIP: TestIntegration/TestFinalise (0.00s)
    	fstests.go:184: WARN: "TestSwift:" not configured
PASS
ok  	github.com/ncw/rclone/backend/swift	0.014s
=== RUN   TestIntegration
=== RUN   TestIntegration/TestInit
=== RUN   TestIntegration/TestFsString
=== RUN   TestIntegration/TestFsName
=== RUN   TestIntegration/TestFsRoot
=== RUN   TestIntegration/TestFsRmdirEmpty
=== RUN   TestIntegration/TestFsRmdirNotFound
=== RUN   TestIntegration/TestFsMkdir
=== RUN   TestIntegration/TestFsMkdirRmdirSubdir
=== RUN   TestIntegration/TestFsListEmpty
=== RUN   TestIntegration/TestFsListDirEmpty
=== RUN   TestIntegration/TestFsListRDirEmpty
=== RUN   TestIntegration/TestFsListDirNotFound
=== RUN   TestIntegration/TestFsListRDirNotFound
=== RUN   TestIntegration/TestFsNewObjectNotFound
=== RUN   TestIntegration/TestFsPutFile1
=== RUN   TestIntegration/TestFsPutError
=== RUN   TestIntegration/TestFsPutFile2
=== RUN   TestIntegration/TestFsUpdateFile1
=== RUN   TestIntegration/TestFsListDirFile2
=== RUN   TestIntegration/TestFsListRDirFile2
=== RUN   TestIntegration/TestFsListDirRoot
=== RUN   TestIntegration/TestFsListRDirRoot
=== RUN   TestIntegration/TestFsListSubdir
=== RUN   TestIntegration/TestFsListRSubdir
=== RUN   TestIntegration/TestFsListLevel2
=== RUN   TestIntegration/TestFsListRLevel2
=== RUN   TestIntegration/TestFsListFile1
=== RUN   TestIntegration/TestFsNewObject
=== RUN   TestIntegration/TestFsListFile1and2
=== RUN   TestIntegration/TestFsNewObjectDir
=== RUN   TestIntegration/TestFsCopy
=== RUN   TestIntegration/TestFsMove
=== RUN   TestIntegration/TestFsDirMove
=== RUN   TestIntegration/TestFsRmdirFull
=== RUN   TestIntegration/TestFsPrecision
=== RUN   TestIntegration/TestFsChangeNotify
=== RUN   TestIntegration/TestObjectString
=== RUN   TestIntegration/TestObjectFs
=== RUN   TestIntegration/TestObjectRemote
=== RUN   TestIntegration/TestObjectHashes
=== RUN   TestIntegration/TestObjectModTime
=== RUN   TestIntegration/TestObjectMimeType
=== RUN   TestIntegration/TestObjectSetModTime
=== RUN   TestIntegration/TestObjectSize
=== RUN   TestIntegration/TestObjectOpen
=== RUN   TestIntegration/TestObjectOpenSeek
=== RUN   TestIntegration/TestObjectOpenRange
=== RUN   TestIntegration/TestObjectPartialRead
=== RUN   TestIntegration/TestObjectUpdate
=== RUN   TestIntegration/TestObjectStorable
=== RUN   TestIntegration/TestFsIsFile
=== RUN   TestIntegration/TestFsIsFileNotFound
=== RUN   TestIntegration/TestPublicLink
=== RUN   TestIntegration/TestObjectRemove
=== RUN   TestIntegration/TestFsPutStream
=== RUN   TestIntegration/TestObjectAbout
=== RUN   TestIntegration/TestObjectPurge
=== RUN   TestIntegration/TestInternal
=== RUN   TestIntegration/TestFinalise
--- PASS: TestIntegration (0.00s)
    --- SKIP: TestIntegration/TestInit (0.00s)
    	fstests.go:221: Using remote "TestWebdav:"
    	fstests.go:175: Didn't find "TestWebdav:" in config file - skipping tests
    	fstests.go:184: WARN: "TestWebdav:" not configured
    --- SKIP: TestIntegration/TestFsString (0.00s)
    	fstests.go:184: WARN: "TestWebdav:" not configured
    --- SKIP: TestIntegration/TestFsName (0.00s)
    	fstests.go:184: WARN: "TestWebdav:" not configured
    --- SKIP: TestIntegration/TestFsRoot (0.00s)
    	fstests.go:184: WARN: "TestWebdav:" not configured
    --- SKIP: TestIntegration/TestFsRmdirEmpty (0.00s)
    	fstests.go:184: WARN: "TestWebdav:" not configured
    --- SKIP: TestIntegration/TestFsRmdirNotFound (0.00s)
    	fstests.go:184: WARN: "TestWebdav:" not configured
    --- SKIP: TestIntegration/TestFsMkdir (0.00s)
    	fstests.go:184: WARN: "TestWebdav:" not configured
    --- SKIP: TestIntegration/TestFsMkdirRmdirSubdir (0.00s)
    	fstests.go:184: WARN: "TestWebdav:" not configured
    --- SKIP: TestIntegration/TestFsListEmpty (0.00s)
    	fstests.go:184: WARN: "TestWebdav:" not configured
    --- SKIP: TestIntegration/TestFsListDirEmpty (0.00s)
    	fstests.go:184: WARN: "TestWebdav:" not configured
    --- SKIP: TestIntegration/TestFsListRDirEmpty (0.00s)
    	fstests.go:184: WARN: "TestWebdav:" not configured
    --- SKIP: TestIntegration/TestFsListDirNotFound (0.00s)
    	fstests.go:184: WARN: "TestWebdav:" not configured
    --- SKIP: TestIntegration/TestFsListRDirNotFound (0.00s)
    	fstests.go:184: WARN: "TestWebdav:" not configured
    --- SKIP: TestIntegration/TestFsNewObjectNotFound (0.00s)
    	fstests.go:184: WARN: "TestWebdav:" not configured
    --- SKIP: TestIntegration/TestFsPutFile1 (0.00s)
    	fstests.go:184: WARN: "TestWebdav:" not configured
    --- SKIP: TestIntegration/TestFsPutError (0.00s)
    	fstests.go:184: WARN: "TestWebdav:" not configured
    --- SKIP: TestIntegration/TestFsPutFile2 (0.00s)
    	fstests.go:184: WARN: "TestWebdav:" not configured
    --- SKIP: TestIntegration/TestFsUpdateFile1 (0.00s)
    	fstests.go:184: WARN: "TestWebdav:" not configured
    --- SKIP: TestIntegration/TestFsListDirFile2 (0.00s)
    	fstests.go:184: WARN: "TestWebdav:" not configured
    --- SKIP: TestIntegration/TestFsListRDirFile2 (0.00s)
    	fstests.go:184: WARN: "TestWebdav:" not configured
    --- SKIP: TestIntegration/TestFsListDirRoot (0.00s)
    	fstests.go:184: WARN: "TestWebdav:" not configured
    --- SKIP: TestIntegration/TestFsListRDirRoot (0.00s)
    	fstests.go:184: WARN: "TestWebdav:" not configured
    --- SKIP: TestIntegration/TestFsListSubdir (0.00s)
    	fstests.go:184: WARN: "TestWebdav:" not configured
    --- SKIP: TestIntegration/TestFsListRSubdir (0.00s)
    	fstests.go:184: WARN: "TestWebdav:" not configured
    --- SKIP: TestIntegration/TestFsListLevel2 (0.00s)
    	fstests.go:184: WARN: "TestWebdav:" not configured
    --- SKIP: TestIntegration/TestFsListRLevel2 (0.00s)
    	fstests.go:184: WARN: "TestWebdav:" not configured
    --- SKIP: TestIntegration/TestFsListFile1 (0.00s)
    	fstests.go:184: WARN: "TestWebdav:" not configured
    --- SKIP: TestIntegration/TestFsNewObject (0.00s)
    	fstests.go:184: WARN: "TestWebdav:" not configured
    --- SKIP: TestIntegration/TestFsListFile1and2 (0.00s)
    	fstests.go:184: WARN: "TestWebdav:" not configured
    --- SKIP: TestIntegration/TestFsNewObjectDir (0.00s)
    	fstests.go:184: WARN: "TestWebdav:" not configured
    --- SKIP: TestIntegration/TestFsCopy (0.00s)
    	fstests.go:184: WARN: "TestWebdav:" not configured
    --- SKIP: TestIntegration/TestFsMove (0.00s)
    	fstests.go:184: WARN: "TestWebdav:" not configured
    --- SKIP: TestIntegration/TestFsDirMove (0.00s)
    	fstests.go:184: WARN: "TestWebdav:" not configured
    --- SKIP: TestIntegration/TestFsRmdirFull (0.00s)
    	fstests.go:184: WARN: "TestWebdav:" not configured
    --- SKIP: TestIntegration/TestFsPrecision (0.00s)
    	fstests.go:184: WARN: "TestWebdav:" not configured
    --- SKIP: TestIntegration/TestFsChangeNotify (0.00s)
    	fstests.go:184: WARN: "TestWebdav:" not configured
    --- SKIP: TestIntegration/TestObjectString (0.00s)
    	fstests.go:184: WARN: "TestWebdav:" not configured
    --- SKIP: TestIntegration/TestObjectFs (0.00s)
    	fstests.go:184: WARN: "TestWebdav:" not configured
    --- SKIP: TestIntegration/TestObjectRemote (0.00s)
    	fstests.go:184: WARN: "TestWebdav:" not configured
    --- SKIP: TestIntegration/TestObjectHashes (0.00s)
    	fstests.go:184: WARN: "TestWebdav:" not configured
    --- SKIP: TestIntegration/TestObjectModTime (0.00s)
    	fstests.go:184: WARN: "TestWebdav:" not configured
    --- SKIP: TestIntegration/TestObjectMimeType (0.00s)
    	fstests.go:184: WARN: "TestWebdav:" not configured
    --- SKIP: TestIntegration/TestObjectSetModTime (0.00s)
    	fstests.go:184: WARN: "TestWebdav:" not configured
    --- SKIP: TestIntegration/TestObjectSize (0.00s)
    	fstests.go:184: WARN: "TestWebdav:" not configured
    --- SKIP: TestIntegration/TestObjectOpen (0.00s)
    	fstests.go:184: WARN: "TestWebdav:" not configured
    --- SKIP: TestIntegration/TestObjectOpenSeek (0.00s)
    	fstests.go:184: WARN: "TestWebdav:" not configured
    --- SKIP: TestIntegration/TestObjectOpenRange (0.00s)
    	fstests.go:184: WARN: "TestWebdav:" not configured
    --- SKIP: TestIntegration/TestObjectPartialRead (0.00s)
    	fstests.go:184: WARN: "TestWebdav:" not configured
    --- SKIP: TestIntegration/TestObjectUpdate (0.00s)
    	fstests.go:184: WARN: "TestWebdav:" not configured
    --- SKIP: TestIntegration/TestObjectStorable (0.00s)
    	fstests.go:184: WARN: "TestWebdav:" not configured
    --- SKIP: TestIntegration/TestFsIsFile (0.00s)
    	fstests.go:184: WARN: "TestWebdav:" not configured
    --- SKIP: TestIntegration/TestFsIsFileNotFound (0.00s)
    	fstests.go:184: WARN: "TestWebdav:" not configured
    --- SKIP: TestIntegration/TestPublicLink (0.00s)
    	fstests.go:184: WARN: "TestWebdav:" not configured
    --- SKIP: TestIntegration/TestObjectRemove (0.00s)
    	fstests.go:184: WARN: "TestWebdav:" not configured
    --- SKIP: TestIntegration/TestFsPutStream (0.00s)
    	fstests.go:184: WARN: "TestWebdav:" not configured
    --- SKIP: TestIntegration/TestObjectAbout (0.00s)
    	fstests.go:184: WARN: "TestWebdav:" not configured
    --- SKIP: TestIntegration/TestObjectPurge (0.00s)
    	fstests.go:184: WARN: "TestWebdav:" not configured
    --- SKIP: TestIntegration/TestInternal (0.00s)
    	fstests.go:184: WARN: "TestWebdav:" not configured
    --- SKIP: TestIntegration/TestFinalise (0.00s)
    	fstests.go:184: WARN: "TestWebdav:" not configured
PASS
ok  	github.com/ncw/rclone/backend/webdav	0.010s
?   	github.com/ncw/rclone/backend/webdav/api	[no test files]
?   	github.com/ncw/rclone/backend/webdav/odrvcookie	[no test files]
=== RUN   TestIntegration
=== RUN   TestIntegration/TestInit
=== RUN   TestIntegration/TestFsString
=== RUN   TestIntegration/TestFsName
=== RUN   TestIntegration/TestFsRoot
=== RUN   TestIntegration/TestFsRmdirEmpty
=== RUN   TestIntegration/TestFsRmdirNotFound
=== RUN   TestIntegration/TestFsMkdir
=== RUN   TestIntegration/TestFsMkdirRmdirSubdir
=== RUN   TestIntegration/TestFsListEmpty
=== RUN   TestIntegration/TestFsListDirEmpty
=== RUN   TestIntegration/TestFsListRDirEmpty
=== RUN   TestIntegration/TestFsListDirNotFound
=== RUN   TestIntegration/TestFsListRDirNotFound
=== RUN   TestIntegration/TestFsNewObjectNotFound
=== RUN   TestIntegration/TestFsPutFile1
=== RUN   TestIntegration/TestFsPutError
=== RUN   TestIntegration/TestFsPutFile2
=== RUN   TestIntegration/TestFsUpdateFile1
=== RUN   TestIntegration/TestFsListDirFile2
=== RUN   TestIntegration/TestFsListRDirFile2
=== RUN   TestIntegration/TestFsListDirRoot
=== RUN   TestIntegration/TestFsListRDirRoot
=== RUN   TestIntegration/TestFsListSubdir
=== RUN   TestIntegration/TestFsListRSubdir
=== RUN   TestIntegration/TestFsListLevel2
=== RUN   TestIntegration/TestFsListRLevel2
=== RUN   TestIntegration/TestFsListFile1
=== RUN   TestIntegration/TestFsNewObject
=== RUN   TestIntegration/TestFsListFile1and2
=== RUN   TestIntegration/TestFsNewObjectDir
=== RUN   TestIntegration/TestFsCopy
=== RUN   TestIntegration/TestFsMove
=== RUN   TestIntegration/TestFsDirMove
=== RUN   TestIntegration/TestFsRmdirFull
=== RUN   TestIntegration/TestFsPrecision
=== RUN   TestIntegration/TestFsChangeNotify
=== RUN   TestIntegration/TestObjectString
=== RUN   TestIntegration/TestObjectFs
=== RUN   TestIntegration/TestObjectRemote
=== RUN   TestIntegration/TestObjectHashes
=== RUN   TestIntegration/TestObjectModTime
=== RUN   TestIntegration/TestObjectMimeType
=== RUN   TestIntegration/TestObjectSetModTime
=== RUN   TestIntegration/TestObjectSize
=== RUN   TestIntegration/TestObjectOpen
=== RUN   TestIntegration/TestObjectOpenSeek
=== RUN   TestIntegration/TestObjectOpenRange
=== RUN   TestIntegration/TestObjectPartialRead
=== RUN   TestIntegration/TestObjectUpdate
=== RUN   TestIntegration/TestObjectStorable
=== RUN   TestIntegration/TestFsIsFile
=== RUN   TestIntegration/TestFsIsFileNotFound
=== RUN   TestIntegration/TestPublicLink
=== RUN   TestIntegration/TestObjectRemove
=== RUN   TestIntegration/TestFsPutStream
=== RUN   TestIntegration/TestObjectAbout
=== RUN   TestIntegration/TestObjectPurge
=== RUN   TestIntegration/TestInternal
=== RUN   TestIntegration/TestFinalise
--- PASS: TestIntegration (0.00s)
    --- SKIP: TestIntegration/TestInit (0.00s)
    	fstests.go:221: Using remote "TestYandex:"
    	fstests.go:175: Didn't find "TestYandex:" in config file - skipping tests
    	fstests.go:184: WARN: "TestYandex:" not configured
    --- SKIP: TestIntegration/TestFsString (0.00s)
    	fstests.go:184: WARN: "TestYandex:" not configured
    --- SKIP: TestIntegration/TestFsName (0.00s)
    	fstests.go:184: WARN: "TestYandex:" not configured
    --- SKIP: TestIntegration/TestFsRoot (0.00s)
    	fstests.go:184: WARN: "TestYandex:" not configured
    --- SKIP: TestIntegration/TestFsRmdirEmpty (0.00s)
    	fstests.go:184: WARN: "TestYandex:" not configured
    --- SKIP: TestIntegration/TestFsRmdirNotFound (0.00s)
    	fstests.go:184: WARN: "TestYandex:" not configured
    --- SKIP: TestIntegration/TestFsMkdir (0.00s)
    	fstests.go:184: WARN: "TestYandex:" not configured
    --- SKIP: TestIntegration/TestFsMkdirRmdirSubdir (0.00s)
    	fstests.go:184: WARN: "TestYandex:" not configured
    --- SKIP: TestIntegration/TestFsListEmpty (0.00s)
    	fstests.go:184: WARN: "TestYandex:" not configured
    --- SKIP: TestIntegration/TestFsListDirEmpty (0.00s)
    	fstests.go:184: WARN: "TestYandex:" not configured
    --- SKIP: TestIntegration/TestFsListRDirEmpty (0.00s)
    	fstests.go:184: WARN: "TestYandex:" not configured
    --- SKIP: TestIntegration/TestFsListDirNotFound (0.00s)
    	fstests.go:184: WARN: "TestYandex:" not configured
    --- SKIP: TestIntegration/TestFsListRDirNotFound (0.00s)
    	fstests.go:184: WARN: "TestYandex:" not configured
    --- SKIP: TestIntegration/TestFsNewObjectNotFound (0.00s)
    	fstests.go:184: WARN: "TestYandex:" not configured
    --- SKIP: TestIntegration/TestFsPutFile1 (0.00s)
    	fstests.go:184: WARN: "TestYandex:" not configured
    --- SKIP: TestIntegration/TestFsPutError (0.00s)
    	fstests.go:184: WARN: "TestYandex:" not configured
    --- SKIP: TestIntegration/TestFsPutFile2 (0.00s)
    	fstests.go:184: WARN: "TestYandex:" not configured
    --- SKIP: TestIntegration/TestFsUpdateFile1 (0.00s)
    	fstests.go:184: WARN: "TestYandex:" not configured
    --- SKIP: TestIntegration/TestFsListDirFile2 (0.00s)
    	fstests.go:184: WARN: "TestYandex:" not configured
    --- SKIP: TestIntegration/TestFsListRDirFile2 (0.00s)
    	fstests.go:184: WARN: "TestYandex:" not configured
    --- SKIP: TestIntegration/TestFsListDirRoot (0.00s)
    	fstests.go:184: WARN: "TestYandex:" not configured
    --- SKIP: TestIntegration/TestFsListRDirRoot (0.00s)
    	fstests.go:184: WARN: "TestYandex:" not configured
    --- SKIP: TestIntegration/TestFsListSubdir (0.00s)
    	fstests.go:184: WARN: "TestYandex:" not configured
    --- SKIP: TestIntegration/TestFsListRSubdir (0.00s)
    	fstests.go:184: WARN: "TestYandex:" not configured
    --- SKIP: TestIntegration/TestFsListLevel2 (0.00s)
    	fstests.go:184: WARN: "TestYandex:" not configured
    --- SKIP: TestIntegration/TestFsListRLevel2 (0.00s)
    	fstests.go:184: WARN: "TestYandex:" not configured
    --- SKIP: TestIntegration/TestFsListFile1 (0.00s)
    	fstests.go:184: WARN: "TestYandex:" not configured
    --- SKIP: TestIntegration/TestFsNewObject (0.00s)
    	fstests.go:184: WARN: "TestYandex:" not configured
    --- SKIP: TestIntegration/TestFsListFile1and2 (0.00s)
    	fstests.go:184: WARN: "TestYandex:" not configured
    --- SKIP: TestIntegration/TestFsNewObjectDir (0.00s)
    	fstests.go:184: WARN: "TestYandex:" not configured
    --- SKIP: TestIntegration/TestFsCopy (0.00s)
    	fstests.go:184: WARN: "TestYandex:" not configured
    --- SKIP: TestIntegration/TestFsMove (0.00s)
    	fstests.go:184: WARN: "TestYandex:" not configured
    --- SKIP: TestIntegration/TestFsDirMove (0.00s)
    	fstests.go:184: WARN: "TestYandex:" not configured
    --- SKIP: TestIntegration/TestFsRmdirFull (0.00s)
    	fstests.go:184: WARN: "TestYandex:" not configured
    --- SKIP: TestIntegration/TestFsPrecision (0.00s)
    	fstests.go:184: WARN: "TestYandex:" not configured
    --- SKIP: TestIntegration/TestFsChangeNotify (0.00s)
    	fstests.go:184: WARN: "TestYandex:" not configured
    --- SKIP: TestIntegration/TestObjectString (0.00s)
    	fstests.go:184: WARN: "TestYandex:" not configured
    --- SKIP: TestIntegration/TestObjectFs (0.00s)
    	fstests.go:184: WARN: "TestYandex:" not configured
    --- SKIP: TestIntegration/TestObjectRemote (0.00s)
    	fstests.go:184: WARN: "TestYandex:" not configured
    --- SKIP: TestIntegration/TestObjectHashes (0.00s)
    	fstests.go:184: WARN: "TestYandex:" not configured
    --- SKIP: TestIntegration/TestObjectModTime (0.00s)
    	fstests.go:184: WARN: "TestYandex:" not configured
    --- SKIP: TestIntegration/TestObjectMimeType (0.00s)
    	fstests.go:184: WARN: "TestYandex:" not configured
    --- SKIP: TestIntegration/TestObjectSetModTime (0.00s)
    	fstests.go:184: WARN: "TestYandex:" not configured
    --- SKIP: TestIntegration/TestObjectSize (0.00s)
    	fstests.go:184: WARN: "TestYandex:" not configured
    --- SKIP: TestIntegration/TestObjectOpen (0.00s)
    	fstests.go:184: WARN: "TestYandex:" not configured
    --- SKIP: TestIntegration/TestObjectOpenSeek (0.00s)
    	fstests.go:184: WARN: "TestYandex:" not configured
    --- SKIP: TestIntegration/TestObjectOpenRange (0.00s)
    	fstests.go:184: WARN: "TestYandex:" not configured
    --- SKIP: TestIntegration/TestObjectPartialRead (0.00s)
    	fstests.go:184: WARN: "TestYandex:" not configured
    --- SKIP: TestIntegration/TestObjectUpdate (0.00s)
    	fstests.go:184: WARN: "TestYandex:" not configured
    --- SKIP: TestIntegration/TestObjectStorable (0.00s)
    	fstests.go:184: WARN: "TestYandex:" not configured
    --- SKIP: TestIntegration/TestFsIsFile (0.00s)
    	fstests.go:184: WARN: "TestYandex:" not configured
    --- SKIP: TestIntegration/TestFsIsFileNotFound (0.00s)
    	fstests.go:184: WARN: "TestYandex:" not configured
    --- SKIP: TestIntegration/TestPublicLink (0.00s)
    	fstests.go:184: WARN: "TestYandex:" not configured
    --- SKIP: TestIntegration/TestObjectRemove (0.00s)
    	fstests.go:184: WARN: "TestYandex:" not configured
    --- SKIP: TestIntegration/TestFsPutStream (0.00s)
    	fstests.go:184: WARN: "TestYandex:" not configured
    --- SKIP: TestIntegration/TestObjectAbout (0.00s)
    	fstests.go:184: WARN: "TestYandex:" not configured
    --- SKIP: TestIntegration/TestObjectPurge (0.00s)
    	fstests.go:184: WARN: "TestYandex:" not configured
    --- SKIP: TestIntegration/TestInternal (0.00s)
    	fstests.go:184: WARN: "TestYandex:" not configured
    --- SKIP: TestIntegration/TestFinalise (0.00s)
    	fstests.go:184: WARN: "TestYandex:" not configured
PASS
ok  	github.com/ncw/rclone/backend/yandex	0.025s
?   	github.com/ncw/rclone/backend/yandex/api	[no test files]
?   	github.com/ncw/rclone/cmd	[no test files]
?   	github.com/ncw/rclone/cmd/about	[no test files]
?   	github.com/ncw/rclone/cmd/all	[no test files]
?   	github.com/ncw/rclone/cmd/authorize	[no test files]
?   	github.com/ncw/rclone/cmd/cachestats	[no test files]
?   	github.com/ncw/rclone/cmd/cat	[no test files]
?   	github.com/ncw/rclone/cmd/check	[no test files]
?   	github.com/ncw/rclone/cmd/cleanup	[no test files]
?   	github.com/ncw/rclone/cmd/cmount	[no test files]
?   	github.com/ncw/rclone/cmd/config	[no test files]
?   	github.com/ncw/rclone/cmd/copy	[no test files]
?   	github.com/ncw/rclone/cmd/copyto	[no test files]
?   	github.com/ncw/rclone/cmd/cryptcheck	[no test files]
?   	github.com/ncw/rclone/cmd/cryptdecode	[no test files]
?   	github.com/ncw/rclone/cmd/dbhashsum	[no test files]
?   	github.com/ncw/rclone/cmd/dedupe	[no test files]
?   	github.com/ncw/rclone/cmd/delete	[no test files]
?   	github.com/ncw/rclone/cmd/deletefile	[no test files]
=== RUN   TestCompletionBash
--- PASS: TestCompletionBash (0.01s)
=== RUN   TestCompletionZsh
--- PASS: TestCompletionZsh (0.00s)
PASS
ok  	github.com/ncw/rclone/cmd/genautocomplete	0.015s
?   	github.com/ncw/rclone/cmd/gendocs	[no test files]
?   	github.com/ncw/rclone/cmd/hashsum	[no test files]
?   	github.com/ncw/rclone/cmd/info	[no test files]
?   	github.com/ncw/rclone/cmd/link	[no test files]
?   	github.com/ncw/rclone/cmd/listremotes	[no test files]
?   	github.com/ncw/rclone/cmd/ls	[no test files]
?   	github.com/ncw/rclone/cmd/ls/lshelp	[no test files]
?   	github.com/ncw/rclone/cmd/lsd	[no test files]
=== RUN   TestDefaultLsf
--- PASS: TestDefaultLsf (0.00s)
=== RUN   TestRecurseFlag
--- PASS: TestRecurseFlag (0.00s)
=== RUN   TestDirSlashFlag
--- PASS: TestDirSlashFlag (0.00s)
=== RUN   TestFormat
--- PASS: TestFormat (0.00s)
=== RUN   TestSeparator
--- PASS: TestSeparator (0.00s)
=== RUN   TestWholeLsf
--- PASS: TestWholeLsf (0.00s)
PASS
ok  	github.com/ncw/rclone/cmd/lsf	0.011s
?   	github.com/ncw/rclone/cmd/lsjson	[no test files]
?   	github.com/ncw/rclone/cmd/lsl	[no test files]
?   	github.com/ncw/rclone/cmd/md5sum	[no test files]
?   	github.com/ncw/rclone/cmd/memtest	[no test files]
?   	github.com/ncw/rclone/cmd/mkdir	[no test files]
=== RUN   TestMount
2018/06/11 14:26:38 mount "Local file system at /tmp/rclone616578221" "/tmp/rclonefs-mount672031272"
2018/06/11 14:26:38 mount OK
2018/06/11 14:26:38 Starting test run with cache mode off
=== RUN   TestMount/CacheMode=off
=== RUN   TestMount/CacheMode=off/TestTouchAndDelete
=== RUN   TestMount/CacheMode=off/TestRenameOpenHandle
=== RUN   TestMount/CacheMode=off/TestDirLs
=== RUN   TestMount/CacheMode=off/TestDirCreateAndRemoveDir
2018/06/11 14:26:39 ERROR : dir/: Dir.Remove not empty
=== RUN   TestMount/CacheMode=off/TestDirCreateAndRemoveFile
2018/06/11 14:26:39 ERROR : dir/: Dir.Remove not empty
=== RUN   TestMount/CacheMode=off/TestDirRenameFile
=== RUN   TestMount/CacheMode=off/TestDirRenameEmptyDir
=== RUN   TestMount/CacheMode=off/TestDirRenameFullDir
=== RUN   TestMount/CacheMode=off/TestDirModTime
=== RUN   TestMount/CacheMode=off/TestDirCacheFlush
=== RUN   TestMount/CacheMode=off/TestDirCacheFlushOnDirRename
=== RUN   TestMount/CacheMode=off/TestFileModTime
=== RUN   TestMount/CacheMode=off/TestFileModTimeWithOpenWriters
=== RUN   TestMount/CacheMode=off/TestMount
=== RUN   TestMount/CacheMode=off/TestRoot
=== RUN   TestMount/CacheMode=off/TestReadByByte
=== RUN   TestMount/CacheMode=off/TestReadChecksum
=== RUN   TestMount/CacheMode=off/TestReadFileDoubleClose
=== RUN   TestMount/CacheMode=off/TestReadSeek
=== RUN   TestMount/CacheMode=off/TestWriteFileNoWrite
=== RUN   TestMount/CacheMode=off/TestWriteFileWrite
=== RUN   TestMount/CacheMode=off/TestWriteFileOverwrite
=== RUN   TestMount/CacheMode=off/TestWriteFileDoubleClose
2018/06/11 14:26:41 ERROR : testdoubleclose: WriteFileHandle.Write: error: Bad file descriptor
=== RUN   TestMount/CacheMode=off/TestWriteFileFsync
2018/06/11 14:26:41 Finished test run with cache mode off (ok=true)
2018/06/11 14:26:41 Starting test run with cache mode minimal
=== RUN   TestMount/CacheMode=minimal
=== RUN   TestMount/CacheMode=minimal/TestTouchAndDelete
=== RUN   TestMount/CacheMode=minimal/TestRenameOpenHandle
=== RUN   TestMount/CacheMode=minimal/TestDirLs
=== RUN   TestMount/CacheMode=minimal/TestDirCreateAndRemoveDir
2018/06/11 14:26:42 ERROR : dir/: Dir.Remove not empty
=== RUN   TestMount/CacheMode=minimal/TestDirCreateAndRemoveFile
2018/06/11 14:26:42 ERROR : dir/: Dir.Remove not empty
=== RUN   TestMount/CacheMode=minimal/TestDirRenameFile
=== RUN   TestMount/CacheMode=minimal/TestDirRenameEmptyDir
=== RUN   TestMount/CacheMode=minimal/TestDirRenameFullDir
=== RUN   TestMount/CacheMode=minimal/TestDirModTime
=== RUN   TestMount/CacheMode=minimal/TestDirCacheFlush
=== RUN   TestMount/CacheMode=minimal/TestDirCacheFlushOnDirRename
=== RUN   TestMount/CacheMode=minimal/TestFileModTime
=== RUN   TestMount/CacheMode=minimal/TestFileModTimeWithOpenWriters
=== RUN   TestMount/CacheMode=minimal/TestMount
=== RUN   TestMount/CacheMode=minimal/TestRoot
=== RUN   TestMount/CacheMode=minimal/TestReadByByte
=== RUN   TestMount/CacheMode=minimal/TestReadChecksum
=== RUN   TestMount/CacheMode=minimal/TestReadFileDoubleClose
=== RUN   TestMount/CacheMode=minimal/TestReadSeek
=== RUN   TestMount/CacheMode=minimal/TestWriteFileNoWrite
=== RUN   TestMount/CacheMode=minimal/TestWriteFileWrite
=== RUN   TestMount/CacheMode=minimal/TestWriteFileOverwrite
=== RUN   TestMount/CacheMode=minimal/TestWriteFileDoubleClose
2018/06/11 14:26:44 ERROR : testdoubleclose: WriteFileHandle.Write: error: Bad file descriptor
=== RUN   TestMount/CacheMode=minimal/TestWriteFileFsync
2018/06/11 14:26:44 Finished test run with cache mode minimal (ok=true)
2018/06/11 14:26:44 Starting test run with cache mode writes
=== RUN   TestMount/CacheMode=writes
=== RUN   TestMount/CacheMode=writes/TestTouchAndDelete
=== RUN   TestMount/CacheMode=writes/TestRenameOpenHandle
=== RUN   TestMount/CacheMode=writes/TestDirLs
=== RUN   TestMount/CacheMode=writes/TestDirCreateAndRemoveDir
2018/06/11 14:26:45 ERROR : dir/: Dir.Remove not empty
=== RUN   TestMount/CacheMode=writes/TestDirCreateAndRemoveFile
2018/06/11 14:26:45 ERROR : dir/: Dir.Remove not empty
=== RUN   TestMount/CacheMode=writes/TestDirRenameFile
=== RUN   TestMount/CacheMode=writes/TestDirRenameEmptyDir
=== RUN   TestMount/CacheMode=writes/TestDirRenameFullDir
=== RUN   TestMount/CacheMode=writes/TestDirModTime
=== RUN   TestMount/CacheMode=writes/TestDirCacheFlush
=== RUN   TestMount/CacheMode=writes/TestDirCacheFlushOnDirRename
=== RUN   TestMount/CacheMode=writes/TestFileModTime
=== RUN   TestMount/CacheMode=writes/TestFileModTimeWithOpenWriters
=== RUN   TestMount/CacheMode=writes/TestMount
=== RUN   TestMount/CacheMode=writes/TestRoot
=== RUN   TestMount/CacheMode=writes/TestReadByByte
=== RUN   TestMount/CacheMode=writes/TestReadChecksum
=== RUN   TestMount/CacheMode=writes/TestReadFileDoubleClose
=== RUN   TestMount/CacheMode=writes/TestReadSeek
=== RUN   TestMount/CacheMode=writes/TestWriteFileNoWrite
=== RUN   TestMount/CacheMode=writes/TestWriteFileWrite
=== RUN   TestMount/CacheMode=writes/TestWriteFileOverwrite
=== RUN   TestMount/CacheMode=writes/TestWriteFileDoubleClose
2018/06/11 14:26:46 ERROR : testdoubleclose: WriteFileHandle.Write: error: Bad file descriptor
=== RUN   TestMount/CacheMode=writes/TestWriteFileFsync
2018/06/11 14:26:46 Finished test run with cache mode writes (ok=true)
2018/06/11 14:26:46 Starting test run with cache mode full
=== RUN   TestMount/CacheMode=full
=== RUN   TestMount/CacheMode=full/TestTouchAndDelete
=== RUN   TestMount/CacheMode=full/TestRenameOpenHandle
=== RUN   TestMount/CacheMode=full/TestDirLs
=== RUN   TestMount/CacheMode=full/TestDirCreateAndRemoveDir
2018/06/11 14:26:47 ERROR : dir/: Dir.Remove not empty
=== RUN   TestMount/CacheMode=full/TestDirCreateAndRemoveFile
2018/06/11 14:26:47 ERROR : dir/: Dir.Remove not empty
=== RUN   TestMount/CacheMode=full/TestDirRenameFile
=== RUN   TestMount/CacheMode=full/TestDirRenameEmptyDir
=== RUN   TestMount/CacheMode=full/TestDirRenameFullDir
=== RUN   TestMount/CacheMode=full/TestDirModTime
=== RUN   TestMount/CacheMode=full/TestDirCacheFlush
=== RUN   TestMount/CacheMode=full/TestDirCacheFlushOnDirRename
=== RUN   TestMount/CacheMode=full/TestFileModTime
=== RUN   TestMount/CacheMode=full/TestFileModTimeWithOpenWriters
=== RUN   TestMount/CacheMode=full/TestMount
=== RUN   TestMount/CacheMode=full/TestRoot
=== RUN   TestMount/CacheMode=full/TestReadByByte
=== RUN   TestMount/CacheMode=full/TestReadChecksum
=== RUN   TestMount/CacheMode=full/TestReadFileDoubleClose
=== RUN   TestMount/CacheMode=full/TestReadSeek
=== RUN   TestMount/CacheMode=full/TestWriteFileNoWrite
=== RUN   TestMount/CacheMode=full/TestWriteFileWrite
=== RUN   TestMount/CacheMode=full/TestWriteFileOverwrite
=== RUN   TestMount/CacheMode=full/TestWriteFileDoubleClose
2018/06/11 14:26:49 ERROR : testdoubleclose: WriteFileHandle.Write: error: Bad file descriptor
=== RUN   TestMount/CacheMode=full/TestWriteFileFsync
2018/06/11 14:26:49 Finished test run with cache mode full (ok=true)
2018/06/11 14:26:49 Unmounting "/tmp/rclonefs-mount672031272"
2018/06/11 14:26:49 Waiting for umount
--- PASS: TestMount (10.78s)
    --- PASS: TestMount/CacheMode=off (2.71s)
        --- PASS: TestMount/CacheMode=off/TestTouchAndDelete (1.01s)
        --- PASS: TestMount/CacheMode=off/TestRenameOpenHandle (0.00s)
        --- PASS: TestMount/CacheMode=off/TestDirLs (0.01s)
        --- PASS: TestMount/CacheMode=off/TestDirCreateAndRemoveDir (0.00s)
        --- PASS: TestMount/CacheMode=off/TestDirCreateAndRemoveFile (0.01s)
        --- PASS: TestMount/CacheMode=off/TestDirRenameFile (0.21s)
        --- PASS: TestMount/CacheMode=off/TestDirRenameEmptyDir (0.02s)
        --- PASS: TestMount/CacheMode=off/TestDirRenameFullDir (0.02s)
        --- PASS: TestMount/CacheMode=off/TestDirModTime (0.00s)
        --- PASS: TestMount/CacheMode=off/TestDirCacheFlush (0.01s)
        --- PASS: TestMount/CacheMode=off/TestDirCacheFlushOnDirRename (0.01s)
        --- PASS: TestMount/CacheMode=off/TestFileModTime (0.01s)
        --- PASS: TestMount/CacheMode=off/TestFileModTimeWithOpenWriters (0.01s)
        --- PASS: TestMount/CacheMode=off/TestMount (0.02s)
        --- PASS: TestMount/CacheMode=off/TestRoot (0.00s)
        --- PASS: TestMount/CacheMode=off/TestReadByByte (0.11s)
        --- PASS: TestMount/CacheMode=off/TestReadChecksum (0.04s)
        --- PASS: TestMount/CacheMode=off/TestReadFileDoubleClose (0.00s)
        --- PASS: TestMount/CacheMode=off/TestReadSeek (0.00s)
        --- PASS: TestMount/CacheMode=off/TestWriteFileNoWrite (1.00s)
        --- PASS: TestMount/CacheMode=off/TestWriteFileWrite (0.11s)
        --- PASS: TestMount/CacheMode=off/TestWriteFileOverwrite (0.10s)
        --- PASS: TestMount/CacheMode=off/TestWriteFileDoubleClose (0.00s)
        --- PASS: TestMount/CacheMode=off/TestWriteFileFsync (0.00s)
    --- PASS: TestMount/CacheMode=minimal (2.70s)
        --- PASS: TestMount/CacheMode=minimal/TestTouchAndDelete (1.00s)
        --- PASS: TestMount/CacheMode=minimal/TestRenameOpenHandle (0.00s)
        --- PASS: TestMount/CacheMode=minimal/TestDirLs (0.01s)
        --- PASS: TestMount/CacheMode=minimal/TestDirCreateAndRemoveDir (0.01s)
        --- PASS: TestMount/CacheMode=minimal/TestDirCreateAndRemoveFile (0.00s)
        --- PASS: TestMount/CacheMode=minimal/TestDirRenameFile (0.21s)
        --- PASS: TestMount/CacheMode=minimal/TestDirRenameEmptyDir (0.01s)
        --- PASS: TestMount/CacheMode=minimal/TestDirRenameFullDir (0.02s)
        --- PASS: TestMount/CacheMode=minimal/TestDirModTime (0.00s)
        --- PASS: TestMount/CacheMode=minimal/TestDirCacheFlush (0.01s)
        --- PASS: TestMount/CacheMode=minimal/TestDirCacheFlushOnDirRename (0.01s)
        --- PASS: TestMount/CacheMode=minimal/TestFileModTime (0.00s)
        --- PASS: TestMount/CacheMode=minimal/TestFileModTimeWithOpenWriters (0.00s)
        --- PASS: TestMount/CacheMode=minimal/TestMount (0.01s)
        --- PASS: TestMount/CacheMode=minimal/TestRoot (0.00s)
        --- PASS: TestMount/CacheMode=minimal/TestReadByByte (0.11s)
        --- PASS: TestMount/CacheMode=minimal/TestReadChecksum (0.05s)
        --- PASS: TestMount/CacheMode=minimal/TestReadFileDoubleClose (0.01s)
        --- PASS: TestMount/CacheMode=minimal/TestReadSeek (0.00s)
        --- PASS: TestMount/CacheMode=minimal/TestWriteFileNoWrite (1.00s)
        --- PASS: TestMount/CacheMode=minimal/TestWriteFileWrite (0.10s)
        --- PASS: TestMount/CacheMode=minimal/TestWriteFileOverwrite (0.11s)
        --- PASS: TestMount/CacheMode=minimal/TestWriteFileDoubleClose (0.00s)
        --- PASS: TestMount/CacheMode=minimal/TestWriteFileFsync (0.00s)
    --- PASS: TestMount/CacheMode=writes (2.69s)
        --- PASS: TestMount/CacheMode=writes/TestTouchAndDelete (1.00s)
        --- PASS: TestMount/CacheMode=writes/TestRenameOpenHandle (0.01s)
        --- PASS: TestMount/CacheMode=writes/TestDirLs (0.00s)
        --- PASS: TestMount/CacheMode=writes/TestDirCreateAndRemoveDir (0.00s)
        --- PASS: TestMount/CacheMode=writes/TestDirCreateAndRemoveFile (0.01s)
        --- PASS: TestMount/CacheMode=writes/TestDirRenameFile (0.21s)
        --- PASS: TestMount/CacheMode=writes/TestDirRenameEmptyDir (0.01s)
        --- PASS: TestMount/CacheMode=writes/TestDirRenameFullDir (0.01s)
        --- PASS: TestMount/CacheMode=writes/TestDirModTime (0.00s)
        --- PASS: TestMount/CacheMode=writes/TestDirCacheFlush (0.01s)
        --- PASS: TestMount/CacheMode=writes/TestDirCacheFlushOnDirRename (0.01s)
        --- PASS: TestMount/CacheMode=writes/TestFileModTime (0.00s)
        --- PASS: TestMount/CacheMode=writes/TestFileModTimeWithOpenWriters (0.00s)
        --- PASS: TestMount/CacheMode=writes/TestMount (0.01s)
        --- PASS: TestMount/CacheMode=writes/TestRoot (0.00s)
        --- PASS: TestMount/CacheMode=writes/TestReadByByte (0.11s)
        --- PASS: TestMount/CacheMode=writes/TestReadChecksum (0.06s)
        --- PASS: TestMount/CacheMode=writes/TestReadFileDoubleClose (0.01s)
        --- PASS: TestMount/CacheMode=writes/TestReadSeek (0.00s)
        --- PASS: TestMount/CacheMode=writes/TestWriteFileNoWrite (1.00s)
        --- PASS: TestMount/CacheMode=writes/TestWriteFileWrite (0.11s)
        --- PASS: TestMount/CacheMode=writes/TestWriteFileOverwrite (0.11s)
        --- PASS: TestMount/CacheMode=writes/TestWriteFileDoubleClose (0.00s)
        --- PASS: TestMount/CacheMode=writes/TestWriteFileFsync (0.00s)
    --- PASS: TestMount/CacheMode=full (2.64s)
        --- PASS: TestMount/CacheMode=full/TestTouchAndDelete (1.00s)
        --- PASS: TestMount/CacheMode=full/TestRenameOpenHandle (0.00s)
        --- PASS: TestMount/CacheMode=full/TestDirLs (0.00s)
        --- PASS: TestMount/CacheMode=full/TestDirCreateAndRemoveDir (0.00s)
        --- PASS: TestMount/CacheMode=full/TestDirCreateAndRemoveFile (0.01s)
        --- PASS: TestMount/CacheMode=full/TestDirRenameFile (0.21s)
        --- PASS: TestMount/CacheMode=full/TestDirRenameEmptyDir (0.01s)
        --- PASS: TestMount/CacheMode=full/TestDirRenameFullDir (0.01s)
        --- PASS: TestMount/CacheMode=full/TestDirModTime (0.00s)
        --- PASS: TestMount/CacheMode=full/TestDirCacheFlush (0.01s)
        --- PASS: TestMount/CacheMode=full/TestDirCacheFlushOnDirRename (0.01s)
        --- PASS: TestMount/CacheMode=full/TestFileModTime (0.00s)
        --- PASS: TestMount/CacheMode=full/TestFileModTimeWithOpenWriters (0.01s)
        --- PASS: TestMount/CacheMode=full/TestMount (0.00s)
        --- PASS: TestMount/CacheMode=full/TestRoot (0.00s)
        --- PASS: TestMount/CacheMode=full/TestReadByByte (0.11s)
        --- PASS: TestMount/CacheMode=full/TestReadChecksum (0.04s)
        --- PASS: TestMount/CacheMode=full/TestReadFileDoubleClose (0.00s)
        --- PASS: TestMount/CacheMode=full/TestReadSeek (0.00s)
        --- PASS: TestMount/CacheMode=full/TestWriteFileNoWrite (1.00s)
        --- PASS: TestMount/CacheMode=full/TestWriteFileWrite (0.10s)
        --- PASS: TestMount/CacheMode=full/TestWriteFileOverwrite (0.10s)
        --- PASS: TestMount/CacheMode=full/TestWriteFileDoubleClose (0.00s)
        --- PASS: TestMount/CacheMode=full/TestWriteFileFsync (0.00s)
PASS
ok  	github.com/ncw/rclone/cmd/mount	10.796s
?   	github.com/ncw/rclone/cmd/mountlib	[no test files]
?   	github.com/ncw/rclone/cmd/mountlib/mounttest	[no test files]
?   	github.com/ncw/rclone/cmd/move	[no test files]
?   	github.com/ncw/rclone/cmd/moveto	[no test files]
?   	github.com/ncw/rclone/cmd/ncdu	[no test files]
?   	github.com/ncw/rclone/cmd/ncdu/scan	[no test files]
?   	github.com/ncw/rclone/cmd/obscure	[no test files]
?   	github.com/ncw/rclone/cmd/purge	[no test files]
?   	github.com/ncw/rclone/cmd/rc	[no test files]
?   	github.com/ncw/rclone/cmd/rcat	[no test files]
?   	github.com/ncw/rclone/cmd/rmdir	[no test files]
?   	github.com/ncw/rclone/cmd/rmdirs	[no test files]
?   	github.com/ncw/rclone/cmd/serve	[no test files]
=== RUN   TestInit
2018/06/11 14:26:36 NOTICE: Local file system at /home/pawel/PZ/last/src/github.com/ncw/rclone/cmd/serve/http/testdata/files: Serving on http://127.0.0.1:51777/
--- PASS: TestInit (0.00s)
=== RUN   TestGET
--- PASS: TestGET (0.01s)
=== RUN   TestAddEntry
--- PASS: TestAddEntry (0.00s)
=== RUN   TestFinalise
--- PASS: TestFinalise (0.00s)
PASS
ok  	github.com/ncw/rclone/cmd/serve/http	0.023s
?   	github.com/ncw/rclone/cmd/serve/httplib	[no test files]
?   	github.com/ncw/rclone/cmd/serve/httplib/httpflags	[no test files]
=== RUN   TestResticHandler
=== RUN   TestResticHandler/#00
2018/06/11 14:26:39 ERROR : config: Post request: file already exists, refusing to overwrite in append-only mode
=== RUN   TestResticHandler/#01
2018/06/11 14:26:39 ERROR : data/ac/ac2a7f0e7451cd562c6a5615d4e0314a3c895fa2a6f06ae18be01e71a9bbaac1: Post request: file already exists, refusing to overwrite in append-only mode
=== RUN   TestResticHandler/#02
2018/06/11 14:26:39 ERROR : locks/ac2a7f0e7451cd562c6a5615d4e0314a3c895fa2a6f06ae18be01e71a9bbaac1: Post request: file already exists, refusing to overwrite in append-only mode
--- PASS: TestResticHandler (0.00s)
    --- PASS: TestResticHandler/#00 (0.00s)
    	restic_appendonly_test.go:185: request 0: GET /config
    	restic_appendonly_test.go:185: request 1: POST /config
    	restic_appendonly_test.go:185: request 2: GET /config
    	restic_appendonly_test.go:185: request 3: POST /config
    	restic_appendonly_test.go:185: request 4: GET /config
    	restic_appendonly_test.go:185: request 5: DELETE /config
    	restic_appendonly_test.go:185: request 6: GET /config
    --- PASS: TestResticHandler/#01 (0.00s)
    	restic_appendonly_test.go:185: request 0: GET /data/ac2a7f0e7451cd562c6a5615d4e0314a3c895fa2a6f06ae18be01e71a9bbaac1
    	restic_appendonly_test.go:185: request 1: POST /data/ac2a7f0e7451cd562c6a5615d4e0314a3c895fa2a6f06ae18be01e71a9bbaac1
    	restic_appendonly_test.go:185: request 2: GET /data/ac2a7f0e7451cd562c6a5615d4e0314a3c895fa2a6f06ae18be01e71a9bbaac1
    	restic_appendonly_test.go:185: request 3: POST /data/ac2a7f0e7451cd562c6a5615d4e0314a3c895fa2a6f06ae18be01e71a9bbaac1
    	restic_appendonly_test.go:185: request 4: GET /data/ac2a7f0e7451cd562c6a5615d4e0314a3c895fa2a6f06ae18be01e71a9bbaac1
    	restic_appendonly_test.go:185: request 5: DELETE /data/ac2a7f0e7451cd562c6a5615d4e0314a3c895fa2a6f06ae18be01e71a9bbaac1
    	restic_appendonly_test.go:185: request 6: GET /data/ac2a7f0e7451cd562c6a5615d4e0314a3c895fa2a6f06ae18be01e71a9bbaac1
    --- PASS: TestResticHandler/#02 (0.00s)
    	restic_appendonly_test.go:185: request 0: GET /locks/ac2a7f0e7451cd562c6a5615d4e0314a3c895fa2a6f06ae18be01e71a9bbaac1
    	restic_appendonly_test.go:185: request 1: POST /locks/ac2a7f0e7451cd562c6a5615d4e0314a3c895fa2a6f06ae18be01e71a9bbaac1
    	restic_appendonly_test.go:185: request 2: GET /locks/ac2a7f0e7451cd562c6a5615d4e0314a3c895fa2a6f06ae18be01e71a9bbaac1
    	restic_appendonly_test.go:185: request 3: POST /locks/ac2a7f0e7451cd562c6a5615d4e0314a3c895fa2a6f06ae18be01e71a9bbaac1
    	restic_appendonly_test.go:185: request 4: DELETE /locks/ac2a7f0e7451cd562c6a5615d4e0314a3c895fa2a6f06ae18be01e71a9bbaac1
    	restic_appendonly_test.go:185: request 5: GET /locks/ac2a7f0e7451cd562c6a5615d4e0314a3c895fa2a6f06ae18be01e71a9bbaac1
=== RUN   TestRestic
--- SKIP: TestRestic (0.00s)
	restic_test.go:27: Skipping test as restic source not found: stat ../../../../../restic/restic: no such file or directory
=== RUN   TestMakeRemote
--- PASS: TestMakeRemote (0.00s)
PASS
ok  	github.com/ncw/rclone/cmd/serve/restic	0.023s
=== RUN   TestWebDav
2018/06/11 14:26:38 NOTICE: Local file system at /tmp/rclone026339911: WebDav Server started on http://127.0.0.1:51778/
2018/06/11 14:26:42 Error on serving HTTP server: http: Server closed
--- PASS: TestWebDav (3.46s)
	webdav_test.go:67: 
		----------
		=== RUN   TestIntegration
		=== RUN   TestIntegration/TestInit
		=== RUN   TestIntegration/TestFsString
		=== RUN   TestIntegration/TestFsName
		=== RUN   TestIntegration/TestFsRoot
		=== RUN   TestIntegration/TestFsRmdirEmpty
		=== RUN   TestIntegration/TestFsRmdirNotFound
		=== RUN   TestIntegration/TestFsMkdir
		=== RUN   TestIntegration/TestFsMkdirRmdirSubdir
		=== RUN   TestIntegration/TestFsListEmpty
		=== RUN   TestIntegration/TestFsListDirEmpty
		=== RUN   TestIntegration/TestFsListRDirEmpty
		=== RUN   TestIntegration/TestFsListDirNotFound
		2018/06/11 14:26:40 ERROR : does not exist: error listing: directory not found
		=== RUN   TestIntegration/TestFsListRDirNotFound
		=== RUN   TestIntegration/TestFsNewObjectNotFound
		=== RUN   TestIntegration/TestFsPutFile1
		=== RUN   TestIntegration/TestFsPutError
		=== RUN   TestIntegration/TestFsPutFile2
		=== RUN   TestIntegration/TestFsUpdateFile1
		=== RUN   TestIntegration/TestFsListDirFile2
		=== RUN   TestIntegration/TestFsListRDirFile2
		=== RUN   TestIntegration/TestFsListDirRoot
		=== RUN   TestIntegration/TestFsListRDirRoot
		=== RUN   TestIntegration/TestFsListSubdir
		=== RUN   TestIntegration/TestFsListRSubdir
		=== RUN   TestIntegration/TestFsListLevel2
		=== RUN   TestIntegration/TestFsListRLevel2
		=== RUN   TestIntegration/TestFsListFile1
		=== RUN   TestIntegration/TestFsNewObject
		=== RUN   TestIntegration/TestFsListFile1and2
		=== RUN   TestIntegration/TestFsNewObjectDir
		=== RUN   TestIntegration/TestFsCopy
		=== RUN   TestIntegration/TestFsMove
		=== RUN   TestIntegration/TestFsDirMove
		=== RUN   TestIntegration/TestFsRmdirFull
		=== RUN   TestIntegration/TestFsPrecision
		=== RUN   TestIntegration/TestFsChangeNotify
		=== RUN   TestIntegration/TestObjectString
		=== RUN   TestIntegration/TestObjectFs
		=== RUN   TestIntegration/TestObjectRemote
		=== RUN   TestIntegration/TestObjectHashes
		=== RUN   TestIntegration/TestObjectModTime
		=== RUN   TestIntegration/TestObjectMimeType
		=== RUN   TestIntegration/TestObjectSetModTime
		=== RUN   TestIntegration/TestObjectSize
		=== RUN   TestIntegration/TestObjectOpen
		=== RUN   TestIntegration/TestObjectOpenSeek
		=== RUN   TestIntegration/TestObjectOpenRange
		=== RUN   TestIntegration/TestObjectPartialRead
		=== RUN   TestIntegration/TestObjectUpdate
		=== RUN   TestIntegration/TestObjectStorable
		=== RUN   TestIntegration/TestFsIsFile
		=== RUN   TestIntegration/TestFsIsFileNotFound
		2018/06/11 14:26:42 ERROR : : error listing: directory not found
		=== RUN   TestIntegration/TestPublicLink
		=== RUN   TestIntegration/TestObjectRemove
		=== RUN   TestIntegration/TestFsPutStream
		=== RUN   TestIntegration/TestObjectAbout
		=== RUN   TestIntegration/TestObjectPurge
		2018/06/11 14:26:42 ERROR : : error listing: directory not found
		=== RUN   TestIntegration/TestInternal
		=== RUN   TestIntegration/TestFinalise
		--- PASS: TestIntegration (1.85s)
		    --- PASS: TestIntegration/TestInit (0.02s)
		    	fstests.go:221: Using remote "webdavtest:"
		    --- PASS: TestIntegration/TestFsString (0.00s)
		    --- PASS: TestIntegration/TestFsName (0.00s)
		    --- PASS: TestIntegration/TestFsRoot (0.00s)
		    --- PASS: TestIntegration/TestFsRmdirEmpty (0.02s)
		    --- PASS: TestIntegration/TestFsRmdirNotFound (0.01s)
		    --- PASS: TestIntegration/TestFsMkdir (0.03s)
		    --- PASS: TestIntegration/TestFsMkdirRmdirSubdir (0.15s)
		    --- PASS: TestIntegration/TestFsListEmpty (0.01s)
		    --- PASS: TestIntegration/TestFsListDirEmpty (0.01s)
		    --- SKIP: TestIntegration/TestFsListRDirEmpty (0.00s)
		    	fstests.go:193: FS has no ListR interface
		    --- PASS: TestIntegration/TestFsListDirNotFound (0.01s)
		    --- SKIP: TestIntegration/TestFsListRDirNotFound (0.00s)
		    	fstests.go:193: FS has no ListR interface
		    --- PASS: TestIntegration/TestFsNewObjectNotFound (0.02s)
		    --- PASS: TestIntegration/TestFsPutFile1 (0.05s)
		    --- PASS: TestIntegration/TestFsPutError (0.09s)
		    --- PASS: TestIntegration/TestFsPutFile2 (0.04s)
		    --- PASS: TestIntegration/TestFsUpdateFile1 (0.04s)
		    --- PASS: TestIntegration/TestFsListDirFile2 (0.05s)
		    --- SKIP: TestIntegration/TestFsListRDirFile2 (0.00s)
		    	fstests.go:193: FS has no ListR interface
		    --- PASS: TestIntegration/TestFsListDirRoot (0.00s)
		    --- SKIP: TestIntegration/TestFsListRDirRoot (0.00s)
		    	fstests.go:193: FS has no ListR interface
		    --- PASS: TestIntegration/TestFsListSubdir (0.01s)
		    --- SKIP: TestIntegration/TestFsListRSubdir (0.00s)
		    	fstests.go:193: FS has no ListR interface
		    --- PASS: TestIntegration/TestFsListLevel2 (0.02s)
		    --- SKIP: TestIntegration/TestFsListRLevel2 (0.00s)
		    	fstests.go:193: FS has no ListR interface
		    --- PASS: TestIntegration/TestFsListFile1 (0.05s)
		    --- PASS: TestIntegration/TestFsNewObject (0.01s)
		    --- PASS: TestIntegration/TestFsListFile1and2 (0.05s)
		    --- PASS: TestIntegration/TestFsNewObjectDir (0.01s)
		    --- PASS: TestIntegration/TestFsCopy (0.10s)
		    --- PASS: TestIntegration/TestFsMove (0.43s)
		    --- PASS: TestIntegration/TestFsDirMove (0.22s)
		    --- PASS: TestIntegration/TestFsRmdirFull (0.00s)
		    --- PASS: TestIntegration/TestFsPrecision (0.00s)
		    --- SKIP: TestIntegration/TestFsChangeNotify (0.00s)
		    	fstests.go:754: FS has no ChangeNotify interface
		    --- PASS: TestIntegration/TestObjectString (0.01s)
		    --- PASS: TestIntegration/TestObjectFs (0.01s)
		    --- PASS: TestIntegration/TestObjectRemote (0.01s)
		    --- PASS: TestIntegration/TestObjectHashes (0.01s)
		    --- PASS: TestIntegration/TestObjectModTime (0.01s)
		    --- SKIP: TestIntegration/TestObjectMimeType (0.01s)
		    	fstests.go:860: MimeType method not supported
		    --- PASS: TestIntegration/TestObjectSetModTime (0.01s)
		    	fstests.go:877: can't set modified time
		    --- PASS: TestIntegration/TestObjectSize (0.01s)
		    --- PASS: TestIntegration/TestObjectOpen (0.02s)
		    --- PASS: TestIntegration/TestObjectOpenSeek (0.02s)
		    --- PASS: TestIntegration/TestObjectOpenRange (0.05s)
		    --- PASS: TestIntegration/TestObjectPartialRead (0.02s)
		    --- PASS: TestIntegration/TestObjectUpdate (0.06s)
		    --- PASS: TestIntegration/TestObjectStorable (0.01s)
		    --- PASS: TestIntegration/TestFsIsFile (0.01s)
		    --- PASS: TestIntegration/TestFsIsFileNotFound (0.01s)
		    --- SKIP: TestIntegration/TestPublicLink (0.00s)
		    	fstests.go:1001: FS has no PublicLinker interface
		    --- PASS: TestIntegration/TestObjectRemove (0.06s)
		    --- SKIP: TestIntegration/TestFsPutStream (0.00s)
		    	fstests.go:1065: FS has no PutStream interface
		    --- SKIP: TestIntegration/TestObjectAbout (0.00s)
		    	fstests.go:1112: FS does not support About
		    --- PASS: TestIntegration/TestObjectPurge (0.03s)
		    --- SKIP: TestIntegration/TestInternal (0.00s)
		    	fstests.go:1140: *webdav.Fs does not implement InternalTester
		    --- PASS: TestIntegration/TestFinalise (0.00s)
		PASS
		ok  	github.com/ncw/rclone/backend/webdav	1.861s
		----------
PASS
ok  	github.com/ncw/rclone/cmd/serve/webdav	3.465s
?   	github.com/ncw/rclone/cmd/sha1sum	[no test files]
?   	github.com/ncw/rclone/cmd/size	[no test files]
?   	github.com/ncw/rclone/cmd/sync	[no test files]
=== RUN   TestTouchOneFile
--- PASS: TestTouchOneFile (0.00s)
	run.go:173: Remote "Local file system at /tmp/rclone631480151", Local "Local file system at /tmp/rclone784497354", Modify Window "1ns"
=== RUN   TestTouchWithNoCreateFlag
--- PASS: TestTouchWithNoCreateFlag (0.00s)
	run.go:173: Remote "Local file system at /tmp/rclone631480151", Local "Local file system at /tmp/rclone784497354", Modify Window "1ns"
=== RUN   TestTouchWithTimestamp
--- PASS: TestTouchWithTimestamp (0.00s)
	run.go:173: Remote "Local file system at /tmp/rclone631480151", Local "Local file system at /tmp/rclone784497354", Modify Window "1ns"
=== RUN   TestTouchWithLognerTimestamp
--- PASS: TestTouchWithLognerTimestamp (0.00s)
	run.go:173: Remote "Local file system at /tmp/rclone631480151", Local "Local file system at /tmp/rclone784497354", Modify Window "1ns"
=== RUN   TestTouchUpdateTimestamp
--- PASS: TestTouchUpdateTimestamp (0.00s)
	run.go:173: Remote "Local file system at /tmp/rclone631480151", Local "Local file system at /tmp/rclone784497354", Modify Window "1ns"
=== RUN   TestTouchUpdateTimestampWithCFlag
--- PASS: TestTouchUpdateTimestampWithCFlag (0.00s)
	run.go:173: Remote "Local file system at /tmp/rclone631480151", Local "Local file system at /tmp/rclone784497354", Modify Window "1ns"
=== RUN   TestTouchCreateMultipleDirAndFile
--- PASS: TestTouchCreateMultipleDirAndFile (0.00s)
	run.go:173: Remote "Local file system at /tmp/rclone631480151", Local "Local file system at /tmp/rclone784497354", Modify Window "1ns"
PASS
ok  	github.com/ncw/rclone/cmd/touch	0.010s
=== RUN   TestTree
--- PASS: TestTree (0.00s)
PASS
ok  	github.com/ncw/rclone/cmd/tree	0.005s
=== RUN   TestVersionWorksWithoutAccessibleConfigFile
ok  	github.com/ncw/rclone/cmd/version	0.004s
=== RUN   TestBwTimetableSet
--- PASS: TestBwTimetableSet (0.00s)
=== RUN   TestBwTimetableLimitAt
--- PASS: TestBwTimetableLimitAt (0.00s)
=== RUN   TestDumpFlagsString
--- PASS: TestDumpFlagsString (0.00s)
=== RUN   TestDumpFlagsSet
--- PASS: TestDumpFlagsSet (0.00s)
=== RUN   TestDumpFlagsType
--- PASS: TestDumpFlagsType (0.00s)
=== RUN   TestFeaturesDisable
--- PASS: TestFeaturesDisable (0.00s)
=== RUN   TestFeaturesList
--- PASS: TestFeaturesList (0.00s)
=== RUN   TestFeaturesDisableList
--- PASS: TestFeaturesDisableList (0.00s)
=== RUN   TestParseRangeOption
--- PASS: TestParseRangeOption (0.00s)
=== RUN   TestRangeOptionDecode
--- PASS: TestRangeOptionDecode (0.00s)
=== RUN   TestParseDuration
--- PASS: TestParseDuration (0.00s)
=== RUN   TestDurationString
--- PASS: TestDurationString (0.00s)
=== RUN   TestSizeSuffixString
--- PASS: TestSizeSuffixString (0.00s)
=== RUN   TestSizeSuffixUnit
--- PASS: TestSizeSuffixUnit (0.00s)
=== RUN   TestSizeSuffixSet
--- PASS: TestSizeSuffixSet (0.00s)
PASS
ok  	github.com/ncw/rclone/fs	0.003s
=== RUN   TestNewAccountSizeName
--- PASS: TestNewAccountSizeName (0.00s)
=== RUN   TestNewAccount
--- PASS: TestNewAccount (0.00s)
=== RUN   TestAccountWithBuffer
--- PASS: TestAccountWithBuffer (0.00s)
=== RUN   TestAccountGetUpdateReader
--- PASS: TestAccountGetUpdateReader (0.00s)
=== RUN   TestAccountRead
--- PASS: TestAccountRead (0.00s)
=== RUN   TestAccountString
--- PASS: TestAccountString (0.00s)
=== RUN   TestAccountAccounter
--- PASS: TestAccountAccounter (0.00s)
=== RUN   TestAccountMaxTransfer
--- PASS: TestAccountMaxTransfer (0.00s)
PASS
ok  	github.com/ncw/rclone/fs/accounting	0.004s
=== RUN   TestAsyncReader
--- PASS: TestAsyncReader (0.00s)
=== RUN   TestAsyncWriteTo
--- PASS: TestAsyncWriteTo (0.00s)
=== RUN   TestAsyncReaderErrors
--- PASS: TestAsyncReaderErrors (0.00s)
=== RUN   TestAsyncReaderSizes
--- PASS: TestAsyncReaderSizes (0.64s)
=== RUN   TestAsyncReaderWriteTo
--- PASS: TestAsyncReaderWriteTo (0.54s)
=== RUN   TestAsyncReaderCloseRead
--- PASS: TestAsyncReaderCloseRead (0.10s)
=== RUN   TestAsyncReaderCloseWriteTo
--- PASS: TestAsyncReaderCloseWriteTo (0.10s)
PASS
ok  	github.com/ncw/rclone/fs/asyncreader	1.392s
=== RUN   TestChunkedReader
=== RUN   TestChunkedReader/SeekModeNone
=== RUN   TestChunkedReader/SeekModeNone/Chunksize_-1_-1
=== RUN   TestChunkedReader/SeekModeNone/Chunksize_-1_0
=== RUN   TestChunkedReader/SeekModeNone/Chunksize_-1_1
=== RUN   TestChunkedReader/SeekModeNone/Chunksize_-1_15
=== RUN   TestChunkedReader/SeekModeNone/Chunksize_-1_16
=== RUN   TestChunkedReader/SeekModeNone/Chunksize_-1_17
=== RUN   TestChunkedReader/SeekModeNone/Chunksize_-1_1023
=== RUN   TestChunkedReader/SeekModeNone/Chunksize_-1_1024
=== RUN   TestChunkedReader/SeekModeNone/Chunksize_-1_1025
=== RUN   TestChunkedReader/SeekModeNone/Chunksize_-1_2000
=== RUN   TestChunkedReader/SeekModeNone/Chunksize_0_-1
=== RUN   TestChunkedReader/SeekModeNone/Chunksize_0_0
=== RUN   TestChunkedReader/SeekModeNone/Chunksize_0_1
=== RUN   TestChunkedReader/SeekModeNone/Chunksize_0_15
=== RUN   TestChunkedReader/SeekModeNone/Chunksize_0_16
=== RUN   TestChunkedReader/SeekModeNone/Chunksize_0_17
=== RUN   TestChunkedReader/SeekModeNone/Chunksize_0_1023
=== RUN   TestChunkedReader/SeekModeNone/Chunksize_0_1024
=== RUN   TestChunkedReader/SeekModeNone/Chunksize_0_1025
=== RUN   TestChunkedReader/SeekModeNone/Chunksize_0_2000
=== RUN   TestChunkedReader/SeekModeNone/Chunksize_1_0
=== RUN   TestChunkedReader/SeekModeNone/Chunksize_1_1
=== RUN   TestChunkedReader/SeekModeNone/Chunksize_1_15
=== RUN   TestChunkedReader/SeekModeNone/Chunksize_1_16
=== RUN   TestChunkedReader/SeekModeNone/Chunksize_1_17
=== RUN   TestChunkedReader/SeekModeNone/Chunksize_1_1023
=== RUN   TestChunkedReader/SeekModeNone/Chunksize_1_1024
=== RUN   TestChunkedReader/SeekModeNone/Chunksize_1_1025
=== RUN   TestChunkedReader/SeekModeNone/Chunksize_1_2000
=== RUN   TestChunkedReader/SeekModeNone/Chunksize_15_1
=== RUN   TestChunkedReader/SeekModeNone/Chunksize_15_15
=== RUN   TestChunkedReader/SeekModeNone/Chunksize_15_16
=== RUN   TestChunkedReader/SeekModeNone/Chunksize_15_17
=== RUN   TestChunkedReader/SeekModeNone/Chunksize_15_1023
=== RUN   TestChunkedReader/SeekModeNone/Chunksize_15_1024
=== RUN   TestChunkedReader/SeekModeNone/Chunksize_15_1025
=== RUN   TestChunkedReader/SeekModeNone/Chunksize_15_2000
=== RUN   TestChunkedReader/SeekModeNone/Chunksize_16_15
=== RUN   TestChunkedReader/SeekModeNone/Chunksize_16_16
=== RUN   TestChunkedReader/SeekModeNone/Chunksize_16_17
=== RUN   TestChunkedReader/SeekModeNone/Chunksize_16_1023
=== RUN   TestChunkedReader/SeekModeNone/Chunksize_16_1024
=== RUN   TestChunkedReader/SeekModeNone/Chunksize_16_1025
=== RUN   TestChunkedReader/SeekModeNone/Chunksize_16_2000
=== RUN   TestChunkedReader/SeekModeNone/Chunksize_17_16
=== RUN   TestChunkedReader/SeekModeNone/Chunksize_17_17
=== RUN   TestChunkedReader/SeekModeNone/Chunksize_17_1023
=== RUN   TestChunkedReader/SeekModeNone/Chunksize_17_1024
=== RUN   TestChunkedReader/SeekModeNone/Chunksize_17_1025
=== RUN   TestChunkedReader/SeekModeNone/Chunksize_17_2000
=== RUN   TestChunkedReader/SeekModeNone/Chunksize_1023_17
=== RUN   TestChunkedReader/SeekModeNone/Chunksize_1023_1023
=== RUN   TestChunkedReader/SeekModeNone/Chunksize_1023_1024
=== RUN   TestChunkedReader/SeekModeNone/Chunksize_1023_1025
=== RUN   TestChunkedReader/SeekModeNone/Chunksize_1023_2000
=== RUN   TestChunkedReader/SeekModeNone/Chunksize_1024_1023
=== RUN   TestChunkedReader/SeekModeNone/Chunksize_1024_1024
=== RUN   TestChunkedReader/SeekModeNone/Chunksize_1024_1025
=== RUN   TestChunkedReader/SeekModeNone/Chunksize_1024_2000
=== RUN   TestChunkedReader/SeekModeNone/Chunksize_1025_1024
=== RUN   TestChunkedReader/SeekModeNone/Chunksize_1025_1025
=== RUN   TestChunkedReader/SeekModeNone/Chunksize_1025_2000
=== RUN   TestChunkedReader/SeekModeNone/Chunksize_2000_1025
=== RUN   TestChunkedReader/SeekModeNone/Chunksize_2000_2000
=== RUN   TestChunkedReader/SeekModeRegular
=== RUN   TestChunkedReader/SeekModeRegular/Chunksize_-1_-1
=== RUN   TestChunkedReader/SeekModeRegular/Chunksize_-1_0
=== RUN   TestChunkedReader/SeekModeRegular/Chunksize_-1_1
=== RUN   TestChunkedReader/SeekModeRegular/Chunksize_-1_15
=== RUN   TestChunkedReader/SeekModeRegular/Chunksize_-1_16
=== RUN   TestChunkedReader/SeekModeRegular/Chunksize_-1_17
=== RUN   TestChunkedReader/SeekModeRegular/Chunksize_-1_1023
=== RUN   TestChunkedReader/SeekModeRegular/Chunksize_-1_1024
=== RUN   TestChunkedReader/SeekModeRegular/Chunksize_-1_1025
=== RUN   TestChunkedReader/SeekModeRegular/Chunksize_-1_2000
=== RUN   TestChunkedReader/SeekModeRegular/Chunksize_0_-1
=== RUN   TestChunkedReader/SeekModeRegular/Chunksize_0_0
=== RUN   TestChunkedReader/SeekModeRegular/Chunksize_0_1
=== RUN   TestChunkedReader/SeekModeRegular/Chunksize_0_15
=== RUN   TestChunkedReader/SeekModeRegular/Chunksize_0_16
=== RUN   TestChunkedReader/SeekModeRegular/Chunksize_0_17
=== RUN   TestChunkedReader/SeekModeRegular/Chunksize_0_1023
=== RUN   TestChunkedReader/SeekModeRegular/Chunksize_0_1024
=== RUN   TestChunkedReader/SeekModeRegular/Chunksize_0_1025
=== RUN   TestChunkedReader/SeekModeRegular/Chunksize_0_2000
=== RUN   TestChunkedReader/SeekModeRegular/Chunksize_1_0
=== RUN   TestChunkedReader/SeekModeRegular/Chunksize_1_1
=== RUN   TestChunkedReader/SeekModeRegular/Chunksize_1_15
=== RUN   TestChunkedReader/SeekModeRegular/Chunksize_1_16
=== RUN   TestChunkedReader/SeekModeRegular/Chunksize_1_17
=== RUN   TestChunkedReader/SeekModeRegular/Chunksize_1_1023
=== RUN   TestChunkedReader/SeekModeRegular/Chunksize_1_1024
=== RUN   TestChunkedReader/SeekModeRegular/Chunksize_1_1025
=== RUN   TestChunkedReader/SeekModeRegular/Chunksize_1_2000
=== RUN   TestChunkedReader/SeekModeRegular/Chunksize_15_1
=== RUN   TestChunkedReader/SeekModeRegular/Chunksize_15_15
=== RUN   TestChunkedReader/SeekModeRegular/Chunksize_15_16
=== RUN   TestChunkedReader/SeekModeRegular/Chunksize_15_17
=== RUN   TestChunkedReader/SeekModeRegular/Chunksize_15_1023
=== RUN   TestChunkedReader/SeekModeRegular/Chunksize_15_1024
=== RUN   TestChunkedReader/SeekModeRegular/Chunksize_15_1025
=== RUN   TestChunkedReader/SeekModeRegular/Chunksize_15_2000
=== RUN   TestChunkedReader/SeekModeRegular/Chunksize_16_15
=== RUN   TestChunkedReader/SeekModeRegular/Chunksize_16_16
=== RUN   TestChunkedReader/SeekModeRegular/Chunksize_16_17
=== RUN   TestChunkedReader/SeekModeRegular/Chunksize_16_1023
=== RUN   TestChunkedReader/SeekModeRegular/Chunksize_16_1024
=== RUN   TestChunkedReader/SeekModeRegular/Chunksize_16_1025
=== RUN   TestChunkedReader/SeekModeRegular/Chunksize_16_2000
=== RUN   TestChunkedReader/SeekModeRegular/Chunksize_17_16
=== RUN   TestChunkedReader/SeekModeRegular/Chunksize_17_17
=== RUN   TestChunkedReader/SeekModeRegular/Chunksize_17_1023
=== RUN   TestChunkedReader/SeekModeRegular/Chunksize_17_1024
=== RUN   TestChunkedReader/SeekModeRegular/Chunksize_17_1025
=== RUN   TestChunkedReader/SeekModeRegular/Chunksize_17_2000
=== RUN   TestChunkedReader/SeekModeRegular/Chunksize_1023_17
=== RUN   TestChunkedReader/SeekModeRegular/Chunksize_1023_1023
=== RUN   TestChunkedReader/SeekModeRegular/Chunksize_1023_1024
=== RUN   TestChunkedReader/SeekModeRegular/Chunksize_1023_1025
=== RUN   TestChunkedReader/SeekModeRegular/Chunksize_1023_2000
=== RUN   TestChunkedReader/SeekModeRegular/Chunksize_1024_1023
=== RUN   TestChunkedReader/SeekModeRegular/Chunksize_1024_1024
=== RUN   TestChunkedReader/SeekModeRegular/Chunksize_1024_1025
=== RUN   TestChunkedReader/SeekModeRegular/Chunksize_1024_2000
=== RUN   TestChunkedReader/SeekModeRegular/Chunksize_1025_1024
=== RUN   TestChunkedReader/SeekModeRegular/Chunksize_1025_1025
=== RUN   TestChunkedReader/SeekModeRegular/Chunksize_1025_2000
=== RUN   TestChunkedReader/SeekModeRegular/Chunksize_2000_1025
=== RUN   TestChunkedReader/SeekModeRegular/Chunksize_2000_2000
=== RUN   TestChunkedReader/SeekModeRange
=== RUN   TestChunkedReader/SeekModeRange/Chunksize_-1_-1
=== RUN   TestChunkedReader/SeekModeRange/Chunksize_-1_0
=== RUN   TestChunkedReader/SeekModeRange/Chunksize_-1_1
=== RUN   TestChunkedReader/SeekModeRange/Chunksize_-1_15
=== RUN   TestChunkedReader/SeekModeRange/Chunksize_-1_16
=== RUN   TestChunkedReader/SeekModeRange/Chunksize_-1_17
=== RUN   TestChunkedReader/SeekModeRange/Chunksize_-1_1023
=== RUN   TestChunkedReader/SeekModeRange/Chunksize_-1_1024
=== RUN   TestChunkedReader/SeekModeRange/Chunksize_-1_1025
=== RUN   TestChunkedReader/SeekModeRange/Chunksize_-1_2000
=== RUN   TestChunkedReader/SeekModeRange/Chunksize_0_-1
=== RUN   TestChunkedReader/SeekModeRange/Chunksize_0_0
=== RUN   TestChunkedReader/SeekModeRange/Chunksize_0_1
=== RUN   TestChunkedReader/SeekModeRange/Chunksize_0_15
=== RUN   TestChunkedReader/SeekModeRange/Chunksize_0_16
=== RUN   TestChunkedReader/SeekModeRange/Chunksize_0_17
=== RUN   TestChunkedReader/SeekModeRange/Chunksize_0_1023
=== RUN   TestChunkedReader/SeekModeRange/Chunksize_0_1024
=== RUN   TestChunkedReader/SeekModeRange/Chunksize_0_1025
=== RUN   TestChunkedReader/SeekModeRange/Chunksize_0_2000
=== RUN   TestChunkedReader/SeekModeRange/Chunksize_1_0
=== RUN   TestChunkedReader/SeekModeRange/Chunksize_1_1
=== RUN   TestChunkedReader/SeekModeRange/Chunksize_1_15
=== RUN   TestChunkedReader/SeekModeRange/Chunksize_1_16
=== RUN   TestChunkedReader/SeekModeRange/Chunksize_1_17
=== RUN   TestChunkedReader/SeekModeRange/Chunksize_1_1023
=== RUN   TestChunkedReader/SeekModeRange/Chunksize_1_1024
=== RUN   TestChunkedReader/SeekModeRange/Chunksize_1_1025
=== RUN   TestChunkedReader/SeekModeRange/Chunksize_1_2000
=== RUN   TestChunkedReader/SeekModeRange/Chunksize_15_1
=== RUN   TestChunkedReader/SeekModeRange/Chunksize_15_15
=== RUN   TestChunkedReader/SeekModeRange/Chunksize_15_16
=== RUN   TestChunkedReader/SeekModeRange/Chunksize_15_17
=== RUN   TestChunkedReader/SeekModeRange/Chunksize_15_1023
=== RUN   TestChunkedReader/SeekModeRange/Chunksize_15_1024
=== RUN   TestChunkedReader/SeekModeRange/Chunksize_15_1025
=== RUN   TestChunkedReader/SeekModeRange/Chunksize_15_2000
=== RUN   TestChunkedReader/SeekModeRange/Chunksize_16_15
=== RUN   TestChunkedReader/SeekModeRange/Chunksize_16_16
=== RUN   TestChunkedReader/SeekModeRange/Chunksize_16_17
=== RUN   TestChunkedReader/SeekModeRange/Chunksize_16_1023
=== RUN   TestChunkedReader/SeekModeRange/Chunksize_16_1024
=== RUN   TestChunkedReader/SeekModeRange/Chunksize_16_1025
=== RUN   TestChunkedReader/SeekModeRange/Chunksize_16_2000
=== RUN   TestChunkedReader/SeekModeRange/Chunksize_17_16
=== RUN   TestChunkedReader/SeekModeRange/Chunksize_17_17
=== RUN   TestChunkedReader/SeekModeRange/Chunksize_17_1023
=== RUN   TestChunkedReader/SeekModeRange/Chunksize_17_1024
=== RUN   TestChunkedReader/SeekModeRange/Chunksize_17_1025
=== RUN   TestChunkedReader/SeekModeRange/Chunksize_17_2000
=== RUN   TestChunkedReader/SeekModeRange/Chunksize_1023_17
=== RUN   TestChunkedReader/SeekModeRange/Chunksize_1023_1023
=== RUN   TestChunkedReader/SeekModeRange/Chunksize_1023_1024
=== RUN   TestChunkedReader/SeekModeRange/Chunksize_1023_1025
=== RUN   TestChunkedReader/SeekModeRange/Chunksize_1023_2000
=== RUN   TestChunkedReader/SeekModeRange/Chunksize_1024_1023
=== RUN   TestChunkedReader/SeekModeRange/Chunksize_1024_1024
=== RUN   TestChunkedReader/SeekModeRange/Chunksize_1024_1025
=== RUN   TestChunkedReader/SeekModeRange/Chunksize_1024_2000
=== RUN   TestChunkedReader/SeekModeRange/Chunksize_1025_1024
=== RUN   TestChunkedReader/SeekModeRange/Chunksize_1025_1025
=== RUN   TestChunkedReader/SeekModeRange/Chunksize_1025_2000
=== RUN   TestChunkedReader/SeekModeRange/Chunksize_2000_1025
=== RUN   TestChunkedReader/SeekModeRange/Chunksize_2000_2000
--- PASS: TestChunkedReader (0.17s)
    --- PASS: TestChunkedReader/SeekModeNone (0.05s)
        --- PASS: TestChunkedReader/SeekModeNone/Chunksize_-1_-1 (0.00s)
        --- PASS: TestChunkedReader/SeekModeNone/Chunksize_-1_0 (0.00s)
        --- PASS: TestChunkedReader/SeekModeNone/Chunksize_-1_1 (0.00s)
        --- PASS: TestChunkedReader/SeekModeNone/Chunksize_-1_15 (0.00s)
        --- PASS: TestChunkedReader/SeekModeNone/Chunksize_-1_16 (0.00s)
        --- PASS: TestChunkedReader/SeekModeNone/Chunksize_-1_17 (0.00s)
        --- PASS: TestChunkedReader/SeekModeNone/Chunksize_-1_1023 (0.00s)
        --- PASS: TestChunkedReader/SeekModeNone/Chunksize_-1_1024 (0.00s)
        --- PASS: TestChunkedReader/SeekModeNone/Chunksize_-1_1025 (0.00s)
        --- PASS: TestChunkedReader/SeekModeNone/Chunksize_-1_2000 (0.00s)
        --- PASS: TestChunkedReader/SeekModeNone/Chunksize_0_-1 (0.00s)
        --- PASS: TestChunkedReader/SeekModeNone/Chunksize_0_0 (0.00s)
        --- PASS: TestChunkedReader/SeekModeNone/Chunksize_0_1 (0.00s)
        --- PASS: TestChunkedReader/SeekModeNone/Chunksize_0_15 (0.00s)
        --- PASS: TestChunkedReader/SeekModeNone/Chunksize_0_16 (0.00s)
        --- PASS: TestChunkedReader/SeekModeNone/Chunksize_0_17 (0.00s)
        --- PASS: TestChunkedReader/SeekModeNone/Chunksize_0_1023 (0.00s)
        --- PASS: TestChunkedReader/SeekModeNone/Chunksize_0_1024 (0.00s)
        --- PASS: TestChunkedReader/SeekModeNone/Chunksize_0_1025 (0.00s)
        --- PASS: TestChunkedReader/SeekModeNone/Chunksize_0_2000 (0.00s)
        --- PASS: TestChunkedReader/SeekModeNone/Chunksize_1_0 (0.00s)
        --- PASS: TestChunkedReader/SeekModeNone/Chunksize_1_1 (0.00s)
        --- PASS: TestChunkedReader/SeekModeNone/Chunksize_1_15 (0.00s)
        --- PASS: TestChunkedReader/SeekModeNone/Chunksize_1_16 (0.00s)
        --- PASS: TestChunkedReader/SeekModeNone/Chunksize_1_17 (0.00s)
        --- PASS: TestChunkedReader/SeekModeNone/Chunksize_1_1023 (0.00s)
        --- PASS: TestChunkedReader/SeekModeNone/Chunksize_1_1024 (0.00s)
        --- PASS: TestChunkedReader/SeekModeNone/Chunksize_1_1025 (0.00s)
        --- PASS: TestChunkedReader/SeekModeNone/Chunksize_1_2000 (0.00s)
        --- PASS: TestChunkedReader/SeekModeNone/Chunksize_15_1 (0.00s)
        --- PASS: TestChunkedReader/SeekModeNone/Chunksize_15_15 (0.00s)
        --- PASS: TestChunkedReader/SeekModeNone/Chunksize_15_16 (0.00s)
        --- PASS: TestChunkedReader/SeekModeNone/Chunksize_15_17 (0.00s)
        --- PASS: TestChunkedReader/SeekModeNone/Chunksize_15_1023 (0.00s)
        --- PASS: TestChunkedReader/SeekModeNone/Chunksize_15_1024 (0.00s)
        --- PASS: TestChunkedReader/SeekModeNone/Chunksize_15_1025 (0.00s)
        --- PASS: TestChunkedReader/SeekModeNone/Chunksize_15_2000 (0.00s)
        --- PASS: TestChunkedReader/SeekModeNone/Chunksize_16_15 (0.00s)
        --- PASS: TestChunkedReader/SeekModeNone/Chunksize_16_16 (0.00s)
        --- PASS: TestChunkedReader/SeekModeNone/Chunksize_16_17 (0.00s)
        --- PASS: TestChunkedReader/SeekModeNone/Chunksize_16_1023 (0.00s)
        --- PASS: TestChunkedReader/SeekModeNone/Chunksize_16_1024 (0.00s)
        --- PASS: TestChunkedReader/SeekModeNone/Chunksize_16_1025 (0.00s)
        --- PASS: TestChunkedReader/SeekModeNone/Chunksize_16_2000 (0.00s)
        --- PASS: TestChunkedReader/SeekModeNone/Chunksize_17_16 (0.00s)
        --- PASS: TestChunkedReader/SeekModeNone/Chunksize_17_17 (0.00s)
        --- PASS: TestChunkedReader/SeekModeNone/Chunksize_17_1023 (0.00s)
        --- PASS: TestChunkedReader/SeekModeNone/Chunksize_17_1024 (0.00s)
        --- PASS: TestChunkedReader/SeekModeNone/Chunksize_17_1025 (0.00s)
        --- PASS: TestChunkedReader/SeekModeNone/Chunksize_17_2000 (0.00s)
        --- PASS: TestChunkedReader/SeekModeNone/Chunksize_1023_17 (0.00s)
        --- PASS: TestChunkedReader/SeekModeNone/Chunksize_1023_1023 (0.00s)
        --- PASS: TestChunkedReader/SeekModeNone/Chunksize_1023_1024 (0.00s)
        --- PASS: TestChunkedReader/SeekModeNone/Chunksize_1023_1025 (0.00s)
        --- PASS: TestChunkedReader/SeekModeNone/Chunksize_1023_2000 (0.00s)
        --- PASS: TestChunkedReader/SeekModeNone/Chunksize_1024_1023 (0.00s)
        --- PASS: TestChunkedReader/SeekModeNone/Chunksize_1024_1024 (0.00s)
        --- PASS: TestChunkedReader/SeekModeNone/Chunksize_1024_1025 (0.00s)
        --- PASS: TestChunkedReader/SeekModeNone/Chunksize_1024_2000 (0.00s)
        --- PASS: TestChunkedReader/SeekModeNone/Chunksize_1025_1024 (0.00s)
        --- PASS: TestChunkedReader/SeekModeNone/Chunksize_1025_1025 (0.00s)
        --- PASS: TestChunkedReader/SeekModeNone/Chunksize_1025_2000 (0.00s)
        --- PASS: TestChunkedReader/SeekModeNone/Chunksize_2000_1025 (0.00s)
        --- PASS: TestChunkedReader/SeekModeNone/Chunksize_2000_2000 (0.00s)
    --- PASS: TestChunkedReader/SeekModeRegular (0.06s)
        --- PASS: TestChunkedReader/SeekModeRegular/Chunksize_-1_-1 (0.00s)
        --- PASS: TestChunkedReader/SeekModeRegular/Chunksize_-1_0 (0.00s)
        --- PASS: TestChunkedReader/SeekModeRegular/Chunksize_-1_1 (0.00s)
        --- PASS: TestChunkedReader/SeekModeRegular/Chunksize_-1_15 (0.00s)
        --- PASS: TestChunkedReader/SeekModeRegular/Chunksize_-1_16 (0.00s)
        --- PASS: TestChunkedReader/SeekModeRegular/Chunksize_-1_17 (0.00s)
        --- PASS: TestChunkedReader/SeekModeRegular/Chunksize_-1_1023 (0.00s)
        --- PASS: TestChunkedReader/SeekModeRegular/Chunksize_-1_1024 (0.00s)
        --- PASS: TestChunkedReader/SeekModeRegular/Chunksize_-1_1025 (0.00s)
        --- PASS: TestChunkedReader/SeekModeRegular/Chunksize_-1_2000 (0.00s)
        --- PASS: TestChunkedReader/SeekModeRegular/Chunksize_0_-1 (0.00s)
        --- PASS: TestChunkedReader/SeekModeRegular/Chunksize_0_0 (0.00s)
        --- PASS: TestChunkedReader/SeekModeRegular/Chunksize_0_1 (0.00s)
        --- PASS: TestChunkedReader/SeekModeRegular/Chunksize_0_15 (0.00s)
        --- PASS: TestChunkedReader/SeekModeRegular/Chunksize_0_16 (0.00s)
        --- PASS: TestChunkedReader/SeekModeRegular/Chunksize_0_17 (0.00s)
        --- PASS: TestChunkedReader/SeekModeRegular/Chunksize_0_1023 (0.00s)
        --- PASS: TestChunkedReader/SeekModeRegular/Chunksize_0_1024 (0.00s)
        --- PASS: TestChunkedReader/SeekModeRegular/Chunksize_0_1025 (0.00s)
        --- PASS: TestChunkedReader/SeekModeRegular/Chunksize_0_2000 (0.00s)
        --- PASS: TestChunkedReader/SeekModeRegular/Chunksize_1_0 (0.00s)
        --- PASS: TestChunkedReader/SeekModeRegular/Chunksize_1_1 (0.00s)
        --- PASS: TestChunkedReader/SeekModeRegular/Chunksize_1_15 (0.00s)
        --- PASS: TestChunkedReader/SeekModeRegular/Chunksize_1_16 (0.00s)
        --- PASS: TestChunkedReader/SeekModeRegular/Chunksize_1_17 (0.00s)
        --- PASS: TestChunkedReader/SeekModeRegular/Chunksize_1_1023 (0.00s)
        --- PASS: TestChunkedReader/SeekModeRegular/Chunksize_1_1024 (0.00s)
        --- PASS: TestChunkedReader/SeekModeRegular/Chunksize_1_1025 (0.00s)
        --- PASS: TestChunkedReader/SeekModeRegular/Chunksize_1_2000 (0.00s)
        --- PASS: TestChunkedReader/SeekModeRegular/Chunksize_15_1 (0.00s)
        --- PASS: TestChunkedReader/SeekModeRegular/Chunksize_15_15 (0.00s)
        --- PASS: TestChunkedReader/SeekModeRegular/Chunksize_15_16 (0.00s)
        --- PASS: TestChunkedReader/SeekModeRegular/Chunksize_15_17 (0.00s)
        --- PASS: TestChunkedReader/SeekModeRegular/Chunksize_15_1023 (0.00s)
        --- PASS: TestChunkedReader/SeekModeRegular/Chunksize_15_1024 (0.00s)
        --- PASS: TestChunkedReader/SeekModeRegular/Chunksize_15_1025 (0.00s)
        --- PASS: TestChunkedReader/SeekModeRegular/Chunksize_15_2000 (0.00s)
        --- PASS: TestChunkedReader/SeekModeRegular/Chunksize_16_15 (0.00s)
        --- PASS: TestChunkedReader/SeekModeRegular/Chunksize_16_16 (0.00s)
        --- PASS: TestChunkedReader/SeekModeRegular/Chunksize_16_17 (0.00s)
        --- PASS: TestChunkedReader/SeekModeRegular/Chunksize_16_1023 (0.00s)
        --- PASS: TestChunkedReader/SeekModeRegular/Chunksize_16_1024 (0.00s)
        --- PASS: TestChunkedReader/SeekModeRegular/Chunksize_16_1025 (0.00s)
        --- PASS: TestChunkedReader/SeekModeRegular/Chunksize_16_2000 (0.00s)
        --- PASS: TestChunkedReader/SeekModeRegular/Chunksize_17_16 (0.00s)
        --- PASS: TestChunkedReader/SeekModeRegular/Chunksize_17_17 (0.00s)
        --- PASS: TestChunkedReader/SeekModeRegular/Chunksize_17_1023 (0.00s)
        --- PASS: TestChunkedReader/SeekModeRegular/Chunksize_17_1024 (0.00s)
        --- PASS: TestChunkedReader/SeekModeRegular/Chunksize_17_1025 (0.00s)
        --- PASS: TestChunkedReader/SeekModeRegular/Chunksize_17_2000 (0.00s)
        --- PASS: TestChunkedReader/SeekModeRegular/Chunksize_1023_17 (0.00s)
        --- PASS: TestChunkedReader/SeekModeRegular/Chunksize_1023_1023 (0.00s)
        --- PASS: TestChunkedReader/SeekModeRegular/Chunksize_1023_1024 (0.00s)
        --- PASS: TestChunkedReader/SeekModeRegular/Chunksize_1023_1025 (0.00s)
        --- PASS: TestChunkedReader/SeekModeRegular/Chunksize_1023_2000 (0.00s)
        --- PASS: TestChunkedReader/SeekModeRegular/Chunksize_1024_1023 (0.00s)
        --- PASS: TestChunkedReader/SeekModeRegular/Chunksize_1024_1024 (0.00s)
        --- PASS: TestChunkedReader/SeekModeRegular/Chunksize_1024_1025 (0.00s)
        --- PASS: TestChunkedReader/SeekModeRegular/Chunksize_1024_2000 (0.00s)
        --- PASS: TestChunkedReader/SeekModeRegular/Chunksize_1025_1024 (0.00s)
        --- PASS: TestChunkedReader/SeekModeRegular/Chunksize_1025_1025 (0.00s)
        --- PASS: TestChunkedReader/SeekModeRegular/Chunksize_1025_2000 (0.00s)
        --- PASS: TestChunkedReader/SeekModeRegular/Chunksize_2000_1025 (0.00s)
        --- PASS: TestChunkedReader/SeekModeRegular/Chunksize_2000_2000 (0.00s)
    --- PASS: TestChunkedReader/SeekModeRange (0.05s)
        --- PASS: TestChunkedReader/SeekModeRange/Chunksize_-1_-1 (0.00s)
        --- PASS: TestChunkedReader/SeekModeRange/Chunksize_-1_0 (0.00s)
        --- PASS: TestChunkedReader/SeekModeRange/Chunksize_-1_1 (0.00s)
        --- PASS: TestChunkedReader/SeekModeRange/Chunksize_-1_15 (0.00s)
        --- PASS: TestChunkedReader/SeekModeRange/Chunksize_-1_16 (0.00s)
        --- PASS: TestChunkedReader/SeekModeRange/Chunksize_-1_17 (0.00s)
        --- PASS: TestChunkedReader/SeekModeRange/Chunksize_-1_1023 (0.00s)
        --- PASS: TestChunkedReader/SeekModeRange/Chunksize_-1_1024 (0.00s)
        --- PASS: TestChunkedReader/SeekModeRange/Chunksize_-1_1025 (0.00s)
        --- PASS: TestChunkedReader/SeekModeRange/Chunksize_-1_2000 (0.00s)
        --- PASS: TestChunkedReader/SeekModeRange/Chunksize_0_-1 (0.00s)
        --- PASS: TestChunkedReader/SeekModeRange/Chunksize_0_0 (0.00s)
        --- PASS: TestChunkedReader/SeekModeRange/Chunksize_0_1 (0.00s)
        --- PASS: TestChunkedReader/SeekModeRange/Chunksize_0_15 (0.00s)
        --- PASS: TestChunkedReader/SeekModeRange/Chunksize_0_16 (0.00s)
        --- PASS: TestChunkedReader/SeekModeRange/Chunksize_0_17 (0.00s)
        --- PASS: TestChunkedReader/SeekModeRange/Chunksize_0_1023 (0.00s)
        --- PASS: TestChunkedReader/SeekModeRange/Chunksize_0_1024 (0.00s)
        --- PASS: TestChunkedReader/SeekModeRange/Chunksize_0_1025 (0.00s)
        --- PASS: TestChunkedReader/SeekModeRange/Chunksize_0_2000 (0.00s)
        --- PASS: TestChunkedReader/SeekModeRange/Chunksize_1_0 (0.00s)
        --- PASS: TestChunkedReader/SeekModeRange/Chunksize_1_1 (0.00s)
        --- PASS: TestChunkedReader/SeekModeRange/Chunksize_1_15 (0.00s)
        --- PASS: TestChunkedReader/SeekModeRange/Chunksize_1_16 (0.00s)
        --- PASS: TestChunkedReader/SeekModeRange/Chunksize_1_17 (0.00s)
        --- PASS: TestChunkedReader/SeekModeRange/Chunksize_1_1023 (0.00s)
        --- PASS: TestChunkedReader/SeekModeRange/Chunksize_1_1024 (0.00s)
        --- PASS: TestChunkedReader/SeekModeRange/Chunksize_1_1025 (0.00s)
        --- PASS: TestChunkedReader/SeekModeRange/Chunksize_1_2000 (0.00s)
        --- PASS: TestChunkedReader/SeekModeRange/Chunksize_15_1 (0.00s)
        --- PASS: TestChunkedReader/SeekModeRange/Chunksize_15_15 (0.00s)
        --- PASS: TestChunkedReader/SeekModeRange/Chunksize_15_16 (0.00s)
        --- PASS: TestChunkedReader/SeekModeRange/Chunksize_15_17 (0.00s)
        --- PASS: TestChunkedReader/SeekModeRange/Chunksize_15_1023 (0.00s)
        --- PASS: TestChunkedReader/SeekModeRange/Chunksize_15_1024 (0.00s)
        --- PASS: TestChunkedReader/SeekModeRange/Chunksize_15_1025 (0.00s)
        --- PASS: TestChunkedReader/SeekModeRange/Chunksize_15_2000 (0.00s)
        --- PASS: TestChunkedReader/SeekModeRange/Chunksize_16_15 (0.00s)
        --- PASS: TestChunkedReader/SeekModeRange/Chunksize_16_16 (0.00s)
        --- PASS: TestChunkedReader/SeekModeRange/Chunksize_16_17 (0.00s)
        --- PASS: TestChunkedReader/SeekModeRange/Chunksize_16_1023 (0.00s)
        --- PASS: TestChunkedReader/SeekModeRange/Chunksize_16_1024 (0.00s)
        --- PASS: TestChunkedReader/SeekModeRange/Chunksize_16_1025 (0.00s)
        --- PASS: TestChunkedReader/SeekModeRange/Chunksize_16_2000 (0.00s)
        --- PASS: TestChunkedReader/SeekModeRange/Chunksize_17_16 (0.00s)
        --- PASS: TestChunkedReader/SeekModeRange/Chunksize_17_17 (0.00s)
        --- PASS: TestChunkedReader/SeekModeRange/Chunksize_17_1023 (0.00s)
        --- PASS: TestChunkedReader/SeekModeRange/Chunksize_17_1024 (0.00s)
        --- PASS: TestChunkedReader/SeekModeRange/Chunksize_17_1025 (0.00s)
        --- PASS: TestChunkedReader/SeekModeRange/Chunksize_17_2000 (0.00s)
        --- PASS: TestChunkedReader/SeekModeRange/Chunksize_1023_17 (0.00s)
        --- PASS: TestChunkedReader/SeekModeRange/Chunksize_1023_1023 (0.00s)
        --- PASS: TestChunkedReader/SeekModeRange/Chunksize_1023_1024 (0.00s)
        --- PASS: TestChunkedReader/SeekModeRange/Chunksize_1023_1025 (0.00s)
        --- PASS: TestChunkedReader/SeekModeRange/Chunksize_1023_2000 (0.00s)
        --- PASS: TestChunkedReader/SeekModeRange/Chunksize_1024_1023 (0.00s)
        --- PASS: TestChunkedReader/SeekModeRange/Chunksize_1024_1024 (0.00s)
        --- PASS: TestChunkedReader/SeekModeRange/Chunksize_1024_1025 (0.00s)
        --- PASS: TestChunkedReader/SeekModeRange/Chunksize_1024_2000 (0.00s)
        --- PASS: TestChunkedReader/SeekModeRange/Chunksize_1025_1024 (0.00s)
        --- PASS: TestChunkedReader/SeekModeRange/Chunksize_1025_1025 (0.00s)
        --- PASS: TestChunkedReader/SeekModeRange/Chunksize_1025_2000 (0.00s)
        --- PASS: TestChunkedReader/SeekModeRange/Chunksize_2000_1025 (0.00s)
        --- PASS: TestChunkedReader/SeekModeRange/Chunksize_2000_2000 (0.00s)
=== RUN   TestErrorAfterClose
--- PASS: TestErrorAfterClose (0.00s)
PASS
ok  	github.com/ncw/rclone/fs/chunkedreader	0.173s
=== RUN   TestCRUD
--- PASS: TestCRUD (0.00s)
=== RUN   TestReveal
--- PASS: TestReveal (0.00s)
=== RUN   TestConfigLoad
--- PASS: TestConfigLoad (0.00s)
=== RUN   TestConfigLoadEncrypted
--- PASS: TestConfigLoadEncrypted (0.00s)
=== RUN   TestConfigLoadEncryptedFailures
--- PASS: TestConfigLoadEncryptedFailures (0.00s)
=== RUN   TestPassword
Your password contains leading/trailing whitespace - in previous versions of rclone this was stripped
--- PASS: TestPassword (0.00s)
=== RUN   TestMatchProvider
--- PASS: TestMatchProvider (0.00s)
PASS
ok  	github.com/ncw/rclone/fs/config	0.007s
?   	github.com/ncw/rclone/fs/config/configflags	[no test files]
?   	github.com/ncw/rclone/fs/config/flags	[no test files]
=== RUN   TestObscure
--- PASS: TestObscure (0.00s)
PASS
ok  	github.com/ncw/rclone/fs/config/obscure	0.004s
?   	github.com/ncw/rclone/fs/driveletter	[no test files]
=== RUN   TestNewFilterDefault
--- PASS: TestNewFilterDefault (0.00s)
=== RUN   TestNewFilterFull
--- PASS: TestNewFilterFull (0.00s)
=== RUN   TestNewFilterIncludeFiles
--- PASS: TestNewFilterIncludeFiles (0.00s)
=== RUN   TestNewFilterIncludeFilesDirs
--- PASS: TestNewFilterIncludeFilesDirs (0.00s)
=== RUN   TestNewFilterMinSize
--- PASS: TestNewFilterMinSize (0.00s)
=== RUN   TestNewFilterMaxSize
--- PASS: TestNewFilterMaxSize (0.00s)
=== RUN   TestNewFilterMinAndMaxAge
--- PASS: TestNewFilterMinAndMaxAge (0.00s)
=== RUN   TestNewFilterMinAge
--- PASS: TestNewFilterMinAge (0.00s)
=== RUN   TestNewFilterMaxAge
--- PASS: TestNewFilterMaxAge (0.00s)
=== RUN   TestNewFilterMatches
--- PASS: TestNewFilterMatches (0.00s)
=== RUN   TestFilterAddDirRuleOrFileRule
--- PASS: TestFilterAddDirRuleOrFileRule (0.00s)
=== RUN   TestFilterForEachLine
--- PASS: TestFilterForEachLine (0.00s)
=== RUN   TestFilterMatchesFromDocs
--- PASS: TestFilterMatchesFromDocs (0.00s)
=== RUN   TestGlobToRegexp
--- PASS: TestGlobToRegexp (0.00s)
=== RUN   TestGlobToDirGlobs
--- PASS: TestGlobToDirGlobs (0.00s)
PASS
ok  	github.com/ncw/rclone/fs/filter	0.006s
?   	github.com/ncw/rclone/fs/filter/filterflags	[no test files]
=== RUN   TestCause
--- PASS: TestCause (0.00s)
=== RUN   TestShouldRetry
--- PASS: TestShouldRetry (0.00s)
PASS
ok  	github.com/ncw/rclone/fs/fserrors	0.003s
=== RUN   TestSetDefaults
--- PASS: TestSetDefaults (0.00s)
=== RUN   TestCleanAuth
--- PASS: TestCleanAuth (0.00s)
=== RUN   TestCleanAuths
--- PASS: TestCleanAuths (0.00s)
PASS
ok  	github.com/ncw/rclone/fs/fshttp	0.003s
=== RUN   TestRemoteSplit
--- PASS: TestRemoteSplit (0.00s)
PASS
ok  	github.com/ncw/rclone/fs/fspath	0.003s
=== RUN   TestHashSet
--- PASS: TestHashSet (0.00s)
=== RUN   TestMultiHasher
--- PASS: TestMultiHasher (0.00s)
=== RUN   TestMultiHasherTypes
--- PASS: TestMultiHasherTypes (0.00s)
=== RUN   TestHashStream
--- PASS: TestHashStream (0.00s)
=== RUN   TestHashStreamTypes
--- PASS: TestHashStreamTypes (0.00s)
=== RUN   TestHashSetStringer
--- PASS: TestHashSetStringer (0.00s)
=== RUN   TestHashStringer
--- PASS: TestHashStringer (0.00s)
PASS
ok  	github.com/ncw/rclone/fs/hash	0.004s
=== RUN   TestFilterAndSortIncludeAll
--- PASS: TestFilterAndSortIncludeAll (0.00s)
=== RUN   TestFilterAndSortCheckDir
2018/06/11 14:26:46 ERROR : dir/: Entry doesn't belong in directory "dir" (same as directory) - ignoring
2018/06/11 14:26:46 ERROR : diR/a: Entry doesn't belong in directory "dir" (too short) - ignoring
2018/06/11 14:26:46 ERROR : dir/B/sub: Entry doesn't belong in directory "dir" (contains subdir) - ignoring
--- PASS: TestFilterAndSortCheckDir (0.00s)
=== RUN   TestFilterAndSortCheckDirRoot
2018/06/11 14:26:46 ERROR : : Entry doesn't belong in directory "" (same as directory) - ignoring
2018/06/11 14:26:46 ERROR : B/sub: Entry doesn't belong in directory "" (contains subdir) - ignoring
--- PASS: TestFilterAndSortCheckDirRoot (0.00s)
=== RUN   TestFilterAndSortUnknown
2018/06/11 14:26:46 ERROR : : Entry doesn't belong in directory "" (same as directory) - ignoring
--- PASS: TestFilterAndSortUnknown (0.00s)
PASS
ok  	github.com/ncw/rclone/fs/list	0.003s
?   	github.com/ncw/rclone/fs/log	[no test files]
=== RUN   TestNewMatchEntries
--- PASS: TestNewMatchEntries (0.00s)
=== RUN   TestMatchListings
2018/06/11 14:26:47 NOTICE: a: Duplicate object found in source - ignoring
2018/06/11 14:26:47 NOTICE: a: Duplicate object found in destination - ignoring
2018/06/11 14:26:47 NOTICE: a: Duplicate object found in source - ignoring
2018/06/11 14:26:47 NOTICE: a: Duplicate object found in source - ignoring
2018/06/11 14:26:47 NOTICE: a: Duplicate object found in destination - ignoring
2018/06/11 14:26:47 NOTICE: a: Duplicate object found in source - ignoring
2018/06/11 14:26:47 NOTICE: a: Duplicate object found in destination - ignoring
2018/06/11 14:26:47 NOTICE: a: Duplicate object found in destination - ignoring
2018/06/11 14:26:47 NOTICE: a: Duplicate object found in source - ignoring
2018/06/11 14:26:47 NOTICE: a: Duplicate object found in destination - ignoring
2018/06/11 14:26:47 NOTICE: a: Duplicate object found in source - ignoring
2018/06/11 14:26:47 NOTICE: a: Duplicate object found in destination - ignoring
--- PASS: TestMatchListings (0.00s)
PASS
ok  	github.com/ncw/rclone/fs/march	0.010s
=== RUN   TestStaticObject
--- PASS: TestStaticObject (0.00s)
=== RUN   TestMemoryFs
--- PASS: TestMemoryFs (0.00s)
=== RUN   TestMemoryObject
--- PASS: TestMemoryObject (0.00s)
PASS
ok  	github.com/ncw/rclone/fs/object	0.003s
=== RUN   TestSizeDiffers
--- PASS: TestSizeDiffers (0.00s)
=== RUN   TestDeduplicateInteractive
2018/06/11 14:26:49 ERROR : : error listing: directory not found
--- SKIP: TestDeduplicateInteractive (0.00s)
	run.go:173: Remote "Local file system at /tmp/rclone788449904", Local "Local file system at /tmp/rclone282591503", Modify Window "1ns"
	dedupe_test.go:18: Can't test deduplicate - no duplicate files possible
=== RUN   TestDeduplicateSkip
2018/06/11 14:26:49 ERROR : : error listing: directory not found
--- SKIP: TestDeduplicateSkip (0.00s)
	run.go:173: Remote "Local file system at /tmp/rclone788449904", Local "Local file system at /tmp/rclone282591503", Modify Window "1ns"
	dedupe_test.go:18: Can't test deduplicate - no duplicate files possible
=== RUN   TestDeduplicateFirst
2018/06/11 14:26:49 ERROR : : error listing: directory not found
--- SKIP: TestDeduplicateFirst (0.00s)
	run.go:173: Remote "Local file system at /tmp/rclone788449904", Local "Local file system at /tmp/rclone282591503", Modify Window "1ns"
	dedupe_test.go:18: Can't test deduplicate - no duplicate files possible
=== RUN   TestDeduplicateNewest
2018/06/11 14:26:49 ERROR : : error listing: directory not found
--- SKIP: TestDeduplicateNewest (0.00s)
	run.go:173: Remote "Local file system at /tmp/rclone788449904", Local "Local file system at /tmp/rclone282591503", Modify Window "1ns"
	dedupe_test.go:18: Can't test deduplicate - no duplicate files possible
=== RUN   TestDeduplicateOldest
2018/06/11 14:26:49 ERROR : : error listing: directory not found
--- SKIP: TestDeduplicateOldest (0.00s)
	run.go:173: Remote "Local file system at /tmp/rclone788449904", Local "Local file system at /tmp/rclone282591503", Modify Window "1ns"
	dedupe_test.go:18: Can't test deduplicate - no duplicate files possible
=== RUN   TestDeduplicateLargest
2018/06/11 14:26:49 ERROR : : error listing: directory not found
--- SKIP: TestDeduplicateLargest (0.00s)
	run.go:173: Remote "Local file system at /tmp/rclone788449904", Local "Local file system at /tmp/rclone282591503", Modify Window "1ns"
	dedupe_test.go:18: Can't test deduplicate - no duplicate files possible
=== RUN   TestDeduplicateRename
2018/06/11 14:26:49 ERROR : : error listing: directory not found
--- SKIP: TestDeduplicateRename (0.00s)
	run.go:173: Remote "Local file system at /tmp/rclone788449904", Local "Local file system at /tmp/rclone282591503", Modify Window "1ns"
	dedupe_test.go:18: Can't test deduplicate - no duplicate files possible
=== RUN   TestMergeDirs
2018/06/11 14:26:49 ERROR : : error listing: directory not found
--- SKIP: TestMergeDirs (0.00s)
	run.go:173: Remote "Local file system at /tmp/rclone788449904", Local "Local file system at /tmp/rclone282591503", Modify Window "1ns"
	dedupe_test.go:191: Can't merge directories
=== RUN   TestListDirSorted
--- PASS: TestListDirSorted (0.00s)
	run.go:173: Remote "Local file system at /tmp/rclone788449904", Local "Local file system at /tmp/rclone282591503", Modify Window "1ns"
=== RUN   TestMkdir
--- PASS: TestMkdir (0.00s)
	run.go:173: Remote "Local file system at /tmp/rclone788449904", Local "Local file system at /tmp/rclone282591503", Modify Window "1ns"
=== RUN   TestLsd
--- PASS: TestLsd (0.00s)
	run.go:173: Remote "Local file system at /tmp/rclone788449904", Local "Local file system at /tmp/rclone282591503", Modify Window "1ns"
=== RUN   TestLs
--- PASS: TestLs (0.00s)
	run.go:173: Remote "Local file system at /tmp/rclone788449904", Local "Local file system at /tmp/rclone282591503", Modify Window "1ns"
=== RUN   TestLsLong
--- PASS: TestLsLong (0.00s)
	run.go:173: Remote "Local file system at /tmp/rclone788449904", Local "Local file system at /tmp/rclone282591503", Modify Window "1ns"
=== RUN   TestHashSums
--- PASS: TestHashSums (0.00s)
	run.go:173: Remote "Local file system at /tmp/rclone788449904", Local "Local file system at /tmp/rclone282591503", Modify Window "1ns"
=== RUN   TestCount
--- PASS: TestCount (0.00s)
	run.go:173: Remote "Local file system at /tmp/rclone788449904", Local "Local file system at /tmp/rclone282591503", Modify Window "1ns"
=== RUN   TestDelete
--- PASS: TestDelete (0.00s)
	run.go:173: Remote "Local file system at /tmp/rclone788449904", Local "Local file system at /tmp/rclone282591503", Modify Window "1ns"
=== RUN   TestCheck
2018/06/11 14:26:49 NOTICE: Local file system at /tmp/rclone788449904: 0 differences found
2018/06/11 14:26:49 ERROR : potato2: File not in Local file system at /tmp/rclone788449904
2018/06/11 14:26:49 NOTICE: Local file system at /tmp/rclone788449904: 1 files missing
2018/06/11 14:26:49 NOTICE: Local file system at /tmp/rclone788449904: 1 differences found
2018/06/11 14:26:49 ERROR : potato2: File not in Local file system at /tmp/rclone788449904
2018/06/11 14:26:49 ERROR : empty space: File not in Local file system at /tmp/rclone282591503
2018/06/11 14:26:49 NOTICE: Local file system at /tmp/rclone788449904: 1 files missing
2018/06/11 14:26:49 NOTICE: Local file system at /tmp/rclone282591503: 1 files missing
2018/06/11 14:26:49 NOTICE: Local file system at /tmp/rclone788449904: 3 differences found
2018/06/11 14:26:49 ERROR : empty space: File not in Local file system at /tmp/rclone282591503
2018/06/11 14:26:49 NOTICE: Local file system at /tmp/rclone282591503: 1 files missing
2018/06/11 14:26:49 NOTICE: Local file system at /tmp/rclone788449904: 4 differences found
2018/06/11 14:26:49 NOTICE: Local file system at /tmp/rclone788449904: 4 differences found
2018/06/11 14:26:49 ERROR : remotepotato: File not in Local file system at /tmp/rclone282591503
2018/06/11 14:26:49 NOTICE: Local file system at /tmp/rclone282591503: 1 files missing
2018/06/11 14:26:49 NOTICE: Local file system at /tmp/rclone788449904: 5 differences found
2018/06/11 14:26:49 NOTICE: Local file system at /tmp/rclone788449904: 5 differences found
--- PASS: TestCheck (0.02s)
	run.go:173: Remote "Local file system at /tmp/rclone788449904", Local "Local file system at /tmp/rclone282591503", Modify Window "1ns"
=== RUN   TestCheckDownload
2018/06/11 14:26:49 NOTICE: Local file system at /tmp/rclone788449904: 5 differences found
2018/06/11 14:26:49 ERROR : potato2: File not in Local file system at /tmp/rclone788449904
2018/06/11 14:26:49 NOTICE: Local file system at /tmp/rclone788449904: 1 files missing
2018/06/11 14:26:49 NOTICE: Local file system at /tmp/rclone788449904: 6 differences found
2018/06/11 14:26:49 ERROR : potato2: File not in Local file system at /tmp/rclone788449904
2018/06/11 14:26:49 ERROR : empty space: File not in Local file system at /tmp/rclone282591503
2018/06/11 14:26:49 NOTICE: Local file system at /tmp/rclone788449904: 1 files missing
2018/06/11 14:26:49 NOTICE: Local file system at /tmp/rclone282591503: 1 files missing
2018/06/11 14:26:49 NOTICE: Local file system at /tmp/rclone788449904: 8 differences found
2018/06/11 14:26:49 ERROR : empty space: File not in Local file system at /tmp/rclone282591503
2018/06/11 14:26:49 NOTICE: Local file system at /tmp/rclone282591503: 1 files missing
2018/06/11 14:26:49 NOTICE: Local file system at /tmp/rclone788449904: 9 differences found
2018/06/11 14:26:49 NOTICE: Local file system at /tmp/rclone788449904: 9 differences found
2018/06/11 14:26:49 ERROR : remotepotato: File not in Local file system at /tmp/rclone282591503
2018/06/11 14:26:49 NOTICE: Local file system at /tmp/rclone282591503: 1 files missing
2018/06/11 14:26:49 NOTICE: Local file system at /tmp/rclone788449904: 10 differences found
2018/06/11 14:26:49 NOTICE: Local file system at /tmp/rclone788449904: 10 differences found
--- PASS: TestCheckDownload (0.01s)
	run.go:173: Remote "Local file system at /tmp/rclone788449904", Local "Local file system at /tmp/rclone282591503", Modify Window "1ns"
=== RUN   TestCheckSizeOnly
2018/06/11 14:26:49 NOTICE: Local file system at /tmp/rclone788449904: 10 differences found
2018/06/11 14:26:49 ERROR : potato2: File not in Local file system at /tmp/rclone788449904
2018/06/11 14:26:49 NOTICE: Local file system at /tmp/rclone788449904: 1 files missing
2018/06/11 14:26:49 NOTICE: Local file system at /tmp/rclone788449904: 11 differences found
2018/06/11 14:26:49 ERROR : potato2: File not in Local file system at /tmp/rclone788449904
2018/06/11 14:26:49 ERROR : empty space: File not in Local file system at /tmp/rclone282591503
2018/06/11 14:26:49 NOTICE: Local file system at /tmp/rclone788449904: 1 files missing
2018/06/11 14:26:49 NOTICE: Local file system at /tmp/rclone282591503: 1 files missing
2018/06/11 14:26:49 NOTICE: Local file system at /tmp/rclone788449904: 13 differences found
2018/06/11 14:26:49 ERROR : empty space: File not in Local file system at /tmp/rclone282591503
2018/06/11 14:26:49 NOTICE: Local file system at /tmp/rclone282591503: 1 files missing
2018/06/11 14:26:49 NOTICE: Local file system at /tmp/rclone788449904: 14 differences found
2018/06/11 14:26:49 NOTICE: Local file system at /tmp/rclone788449904: 14 differences found
2018/06/11 14:26:49 ERROR : remotepotato: File not in Local file system at /tmp/rclone282591503
2018/06/11 14:26:49 NOTICE: Local file system at /tmp/rclone282591503: 1 files missing
2018/06/11 14:26:49 NOTICE: Local file system at /tmp/rclone788449904: 15 differences found
2018/06/11 14:26:49 NOTICE: Local file system at /tmp/rclone788449904: 15 differences found
--- PASS: TestCheckSizeOnly (0.00s)
	run.go:173: Remote "Local file system at /tmp/rclone788449904", Local "Local file system at /tmp/rclone282591503", Modify Window "1ns"
=== RUN   TestCat
--- PASS: TestCat (0.01s)
	run.go:173: Remote "Local file system at /tmp/rclone788449904", Local "Local file system at /tmp/rclone282591503", Modify Window "1ns"
=== RUN   TestRcat
--- PASS: TestRcat (0.03s)
	run.go:173: Remote "Local file system at /tmp/rclone788449904", Local "Local file system at /tmp/rclone282591503", Modify Window "1ns"
	run.go:173: Remote "Local file system at /tmp/rclone788449904", Local "Local file system at /tmp/rclone282591503", Modify Window "1ns"
=== RUN   TestRmdirsNoLeaveRoot
--- PASS: TestRmdirsNoLeaveRoot (0.00s)
	run.go:173: Remote "Local file system at /tmp/rclone788449904", Local "Local file system at /tmp/rclone282591503", Modify Window "1ns"
=== RUN   TestRmdirsLeaveRoot
--- PASS: TestRmdirsLeaveRoot (0.00s)
	run.go:173: Remote "Local file system at /tmp/rclone788449904", Local "Local file system at /tmp/rclone282591503", Modify Window "1ns"
=== RUN   TestMoveFile
--- PASS: TestMoveFile (0.00s)
	run.go:173: Remote "Local file system at /tmp/rclone788449904", Local "Local file system at /tmp/rclone282591503", Modify Window "1ns"
=== RUN   TestCopyFile
--- PASS: TestCopyFile (0.00s)
	run.go:173: Remote "Local file system at /tmp/rclone788449904", Local "Local file system at /tmp/rclone282591503", Modify Window "1ns"
=== RUN   TestSameConfig
--- PASS: TestSameConfig (0.00s)
=== RUN   TestSame
--- PASS: TestSame (0.00s)
=== RUN   TestOverlapping
--- PASS: TestOverlapping (0.00s)
=== RUN   TestCheckEqualReaders
--- PASS: TestCheckEqualReaders (0.00s)
=== RUN   TestListFormat
--- PASS: TestListFormat (0.01s)
	run.go:173: Remote "Local file system at /tmp/rclone788449904", Local "Local file system at /tmp/rclone282591503", Modify Window "1ns"
PASS
ok  	github.com/ncw/rclone/fs/operations	0.119s
?   	github.com/ncw/rclone/fs/rc	[no test files]
?   	github.com/ncw/rclone/fs/rc/rcflags	[no test files]
=== RUN   TestCopyWithDryRun
2018/06/11 14:26:49 NOTICE: sub dir/hello world: Not copying as --dry-run
--- PASS: TestCopyWithDryRun (0.00s)
	run.go:173: Remote "Local file system at /tmp/rclone394669648", Local "Local file system at /tmp/rclone995516271", Modify Window "1ns"
=== RUN   TestCopy
--- PASS: TestCopy (0.00s)
	run.go:173: Remote "Local file system at /tmp/rclone394669648", Local "Local file system at /tmp/rclone995516271", Modify Window "1ns"
=== RUN   TestCopyWithDepth
--- PASS: TestCopyWithDepth (0.00s)
	run.go:173: Remote "Local file system at /tmp/rclone394669648", Local "Local file system at /tmp/rclone995516271", Modify Window "1ns"
=== RUN   TestCopyEmptyDirectories
--- PASS: TestCopyEmptyDirectories (0.00s)
	run.go:173: Remote "Local file system at /tmp/rclone394669648", Local "Local file system at /tmp/rclone995516271", Modify Window "1ns"
=== RUN   TestServerSideCopy
--- PASS: TestServerSideCopy (0.00s)
	run.go:173: Remote "Local file system at /tmp/rclone394669648", Local "Local file system at /tmp/rclone995516271", Modify Window "1ns"
	sync_test.go:118: Server side copy (if possible) Local file system at /tmp/rclone394669648 -> Local file system at /tmp/rclone154495108
=== RUN   TestCopyAfterDelete
2018/06/11 14:26:49 ERROR : : error listing: directory not found
--- PASS: TestCopyAfterDelete (0.00s)
	run.go:173: Remote "Local file system at /tmp/rclone394669648", Local "Local file system at /tmp/rclone995516271", Modify Window "1ns"
=== RUN   TestCopyRedownload
--- PASS: TestCopyRedownload (0.00s)
	run.go:173: Remote "Local file system at /tmp/rclone394669648", Local "Local file system at /tmp/rclone995516271", Modify Window "1ns"
=== RUN   TestSyncBasedOnCheckSum
--- PASS: TestSyncBasedOnCheckSum (0.00s)
	run.go:173: Remote "Local file system at /tmp/rclone394669648", Local "Local file system at /tmp/rclone995516271", Modify Window "1ns"
=== RUN   TestSyncSizeOnly
--- PASS: TestSyncSizeOnly (0.01s)
	run.go:173: Remote "Local file system at /tmp/rclone394669648", Local "Local file system at /tmp/rclone995516271", Modify Window "1ns"
=== RUN   TestSyncIgnoreSize
--- PASS: TestSyncIgnoreSize (0.00s)
	run.go:173: Remote "Local file system at /tmp/rclone394669648", Local "Local file system at /tmp/rclone995516271", Modify Window "1ns"
=== RUN   TestSyncIgnoreTimes
--- PASS: TestSyncIgnoreTimes (0.00s)
	run.go:173: Remote "Local file system at /tmp/rclone394669648", Local "Local file system at /tmp/rclone995516271", Modify Window "1ns"
=== RUN   TestSyncIgnoreExisting
--- PASS: TestSyncIgnoreExisting (0.00s)
	run.go:173: Remote "Local file system at /tmp/rclone394669648", Local "Local file system at /tmp/rclone995516271", Modify Window "1ns"
=== RUN   TestSyncIgnoreErrors
--- PASS: TestSyncIgnoreErrors (0.00s)
	run.go:173: Remote "Local file system at /tmp/rclone394669648", Local "Local file system at /tmp/rclone995516271", Modify Window "1ns"
=== RUN   TestSyncAfterChangingModtimeOnly
2018/06/11 14:26:49 NOTICE: empty space: Not updating modification time as --dry-run
--- PASS: TestSyncAfterChangingModtimeOnly (0.00s)
	run.go:173: Remote "Local file system at /tmp/rclone394669648", Local "Local file system at /tmp/rclone995516271", Modify Window "1ns"
=== RUN   TestSyncAfterChangingModtimeOnlyWithNoUpdateModTime
--- PASS: TestSyncAfterChangingModtimeOnlyWithNoUpdateModTime (0.00s)
	run.go:173: Remote "Local file system at /tmp/rclone394669648", Local "Local file system at /tmp/rclone995516271", Modify Window "1ns"
=== RUN   TestSyncDoesntUpdateModtime
--- PASS: TestSyncDoesntUpdateModtime (0.02s)
	run.go:173: Remote "Local file system at /tmp/rclone394669648", Local "Local file system at /tmp/rclone995516271", Modify Window "1ns"
=== RUN   TestSyncAfterAddingAFile
--- PASS: TestSyncAfterAddingAFile (0.00s)
	run.go:173: Remote "Local file system at /tmp/rclone394669648", Local "Local file system at /tmp/rclone995516271", Modify Window "1ns"
=== RUN   TestSyncAfterChangingFilesSizeOnly
--- PASS: TestSyncAfterChangingFilesSizeOnly (0.00s)
	run.go:173: Remote "Local file system at /tmp/rclone394669648", Local "Local file system at /tmp/rclone995516271", Modify Window "1ns"
=== RUN   TestSyncAfterChangingContentsOnly
--- PASS: TestSyncAfterChangingContentsOnly (0.00s)
	run.go:173: Remote "Local file system at /tmp/rclone394669648", Local "Local file system at /tmp/rclone995516271", Modify Window "1ns"
=== RUN   TestSyncAfterRemovingAFileAndAddingAFileDryRun
2018/06/11 14:26:49 NOTICE: potato2: Not copying as --dry-run
2018/06/11 14:26:49 NOTICE: potato: Not deleting as --dry-run
--- PASS: TestSyncAfterRemovingAFileAndAddingAFileDryRun (0.00s)
	run.go:173: Remote "Local file system at /tmp/rclone394669648", Local "Local file system at /tmp/rclone995516271", Modify Window "1ns"
=== RUN   TestSyncAfterRemovingAFileAndAddingAFile
--- PASS: TestSyncAfterRemovingAFileAndAddingAFile (0.00s)
	run.go:173: Remote "Local file system at /tmp/rclone394669648", Local "Local file system at /tmp/rclone995516271", Modify Window "1ns"
=== RUN   TestSyncAfterRemovingAFileAndAddingAFileSubDir
--- PASS: TestSyncAfterRemovingAFileAndAddingAFileSubDir (0.00s)
	run.go:173: Remote "Local file system at /tmp/rclone394669648", Local "Local file system at /tmp/rclone995516271", Modify Window "1ns"
=== RUN   TestSyncAfterRemovingAFileAndAddingAFileSubDirWithErrors
2018/06/11 14:26:49 ERROR : Local file system at /tmp/rclone394669648: not deleting files as there were IO errors
2018/06/11 14:26:49 ERROR : Local file system at /tmp/rclone394669648: not deleting directories as there were IO errors
--- PASS: TestSyncAfterRemovingAFileAndAddingAFileSubDirWithErrors (0.01s)
	run.go:173: Remote "Local file system at /tmp/rclone394669648", Local "Local file system at /tmp/rclone995516271", Modify Window "1ns"
=== RUN   TestSyncDeleteAfter
--- PASS: TestSyncDeleteAfter (0.00s)
=== RUN   TestSyncDeleteDuring
--- PASS: TestSyncDeleteDuring (0.00s)
	run.go:173: Remote "Local file system at /tmp/rclone394669648", Local "Local file system at /tmp/rclone995516271", Modify Window "1ns"
=== RUN   TestSyncDeleteBefore
--- PASS: TestSyncDeleteBefore (0.01s)
	run.go:173: Remote "Local file system at /tmp/rclone394669648", Local "Local file system at /tmp/rclone995516271", Modify Window "1ns"
=== RUN   TestCopyDeleteBefore
--- PASS: TestCopyDeleteBefore (0.00s)
	run.go:173: Remote "Local file system at /tmp/rclone394669648", Local "Local file system at /tmp/rclone995516271", Modify Window "1ns"
=== RUN   TestSyncWithExclude
--- PASS: TestSyncWithExclude (0.00s)
	run.go:173: Remote "Local file system at /tmp/rclone394669648", Local "Local file system at /tmp/rclone995516271", Modify Window "1ns"
=== RUN   TestSyncWithExcludeAndDeleteExcluded
--- PASS: TestSyncWithExcludeAndDeleteExcluded (0.01s)
	run.go:173: Remote "Local file system at /tmp/rclone394669648", Local "Local file system at /tmp/rclone995516271", Modify Window "1ns"
=== RUN   TestSyncWithUpdateOlder
--- PASS: TestSyncWithUpdateOlder (0.00s)
	run.go:173: Remote "Local file system at /tmp/rclone394669648", Local "Local file system at /tmp/rclone995516271", Modify Window "1ns"
=== RUN   TestSyncWithTrackRenames
--- PASS: TestSyncWithTrackRenames (0.00s)
	run.go:173: Remote "Local file system at /tmp/rclone394669648", Local "Local file system at /tmp/rclone995516271", Modify Window "1ns"
	sync_test.go:855: Can track renames: true
=== RUN   TestServerSideMove
2018/06/11 14:26:49 ERROR : : error listing: directory not found
2018/06/11 14:26:49 purge failed: lstat /tmp/rclone576370774: no such file or directory
--- PASS: TestServerSideMove (0.01s)
	run.go:173: Remote "Local file system at /tmp/rclone394669648", Local "Local file system at /tmp/rclone995516271", Modify Window "1ns"
	sync_test.go:898: Server side move (if possible) Local file system at /tmp/rclone394669648 -> Local file system at /tmp/rclone576370774
=== RUN   TestServerSideMoveWithFilter
--- PASS: TestServerSideMoveWithFilter (0.00s)
	run.go:173: Remote "Local file system at /tmp/rclone394669648", Local "Local file system at /tmp/rclone995516271", Modify Window "1ns"
	sync_test.go:898: Server side move (if possible) Local file system at /tmp/rclone394669648 -> Local file system at /tmp/rclone114360810
=== RUN   TestServerSideMoveDeleteEmptySourceDirs
2018/06/11 14:26:49 ERROR : : error listing: directory not found
2018/06/11 14:26:49 ERROR : : error listing: directory not found
2018/06/11 14:26:49 purge failed: lstat /tmp/rclone849926334: no such file or directory
--- PASS: TestServerSideMoveDeleteEmptySourceDirs (0.00s)
	run.go:173: Remote "Local file system at /tmp/rclone394669648", Local "Local file system at /tmp/rclone995516271", Modify Window "1ns"
	sync_test.go:898: Server side move (if possible) Local file system at /tmp/rclone394669648 -> Local file system at /tmp/rclone849926334
=== RUN   TestServerSideMoveOverlap
--- SKIP: TestServerSideMoveOverlap (0.00s)
	run.go:173: Remote "Local file system at /tmp/rclone394669648", Local "Local file system at /tmp/rclone995516271", Modify Window "1ns"
	sync_test.go:983: Skipping test as remote supports DirMove
=== RUN   TestSyncBackupDir
--- PASS: TestSyncBackupDir (0.01s)
	run.go:173: Remote "Local file system at /tmp/rclone394669648", Local "Local file system at /tmp/rclone995516271", Modify Window "1ns"
=== RUN   TestSyncBackupDirWithSuffix
--- PASS: TestSyncBackupDirWithSuffix (0.01s)
	run.go:173: Remote "Local file system at /tmp/rclone394669648", Local "Local file system at /tmp/rclone995516271", Modify Window "1ns"
=== RUN   TestSyncUTFNorm
--- PASS: TestSyncUTFNorm (0.00s)
	run.go:173: Remote "Local file system at /tmp/rclone394669648", Local "Local file system at /tmp/rclone995516271", Modify Window "1ns"
=== RUN   TestSyncImmutable
2018/06/11 14:26:49 ERROR : existing: Source and destination exist but do not match: immutable file modified
2018/06/11 14:26:49 ERROR : Local file system at /tmp/rclone394669648: not deleting files as there were IO errors
2018/06/11 14:26:49 ERROR : Local file system at /tmp/rclone394669648: not deleting directories as there were IO errors
--- PASS: TestSyncImmutable (0.01s)
	run.go:173: Remote "Local file system at /tmp/rclone394669648", Local "Local file system at /tmp/rclone995516271", Modify Window "1ns"
=== RUN   TestAbort
2018/06/11 14:26:49 NOTICE: file1: Removing partially written file on error: Max transfer limit reached as set by --max-transfer
2018/06/11 14:26:49 ERROR : file1: Failed to copy: Max transfer limit reached as set by --max-transfer
2018/06/11 14:26:49 ERROR : Cancelling sync due to fatal error: Max transfer limit reached as set by --max-transfer
2018/06/11 14:26:49 ERROR : Local file system at /tmp/rclone394669648: not deleting files as there were IO errors
2018/06/11 14:26:49 ERROR : Local file system at /tmp/rclone394669648: not deleting directories as there were IO errors
--- PASS: TestAbort (0.00s)
	run.go:173: Remote "Local file system at /tmp/rclone394669648", Local "Local file system at /tmp/rclone995516271", Modify Window "1ns"
PASS
ok  	github.com/ncw/rclone/fs/sync	0.171s
=== RUN   TestWalkEmpty
--- PASS: TestWalkEmpty (0.00s)
=== RUN   TestWalkREmpty
--- PASS: TestWalkREmpty (0.00s)
=== RUN   TestWalkEmptySkip
--- PASS: TestWalkEmptySkip (0.00s)
=== RUN   TestWalkREmptySkip
--- PASS: TestWalkREmptySkip (0.00s)
=== RUN   TestWalkNotFound
2018/06/11 14:26:50 ERROR : : error listing: directory not found
--- PASS: TestWalkNotFound (0.00s)
=== RUN   TestWalkRNotFound
--- PASS: TestWalkRNotFound (0.00s)
=== RUN   TestWalkNotFoundMaskError
--- PASS: TestWalkNotFoundMaskError (0.00s)
=== RUN   TestWalkNotFoundSkipkError
--- PASS: TestWalkNotFoundSkipkError (0.00s)
=== RUN   TestWalkLevels
--- PASS: TestWalkLevels (0.00s)
=== RUN   TestWalkRLevels
--- PASS: TestWalkRLevels (0.00s)
=== RUN   TestWalkLevelsNoRecursive10
--- PASS: TestWalkLevelsNoRecursive10 (0.00s)
=== RUN   TestWalkRLevelsNoRecursive10
--- PASS: TestWalkRLevelsNoRecursive10 (0.00s)
=== RUN   TestWalkNDirTree
--- PASS: TestWalkNDirTree (0.00s)
=== RUN   TestWalkLevelsNoRecursive
--- PASS: TestWalkLevelsNoRecursive (0.00s)
=== RUN   TestWalkRLevelsNoRecursive
--- PASS: TestWalkRLevelsNoRecursive (0.00s)
=== RUN   TestWalkLevels2
--- PASS: TestWalkLevels2 (0.00s)
=== RUN   TestWalkRLevels2
--- PASS: TestWalkRLevels2 (0.00s)
=== RUN   TestWalkSkip
--- PASS: TestWalkSkip (0.00s)
=== RUN   TestWalkRSkip
--- PASS: TestWalkRSkip (0.00s)
=== RUN   TestWalkErrors
2018/06/11 14:26:50 ERROR : 0: error listing: directory not found
2018/06/11 14:26:50 ERROR : 1: error listing: directory not found
2018/06/11 14:26:50 ERROR : 2: error listing: directory not found
2018/06/11 14:26:50 ERROR : 3: error listing: directory not found
2018/06/11 14:26:50 ERROR : 4: error listing: directory not found
2018/06/11 14:26:50 ERROR : 5: error listing: directory not found
2018/06/11 14:26:50 ERROR : 6: error listing: directory not found
2018/06/11 14:26:50 ERROR : 7: error listing: directory not found
2018/06/11 14:26:50 ERROR : 8: error listing: directory not found
2018/06/11 14:26:50 ERROR : 9: error listing: directory not found
--- PASS: TestWalkErrors (0.00s)
=== RUN   TestWalkRErrors
--- PASS: TestWalkRErrors (0.00s)
=== RUN   TestWalkMulti
--- PASS: TestWalkMulti (0.01s)
=== RUN   TestWalkRMulti
--- PASS: TestWalkRMulti (0.01s)
=== RUN   TestWalkMultiErrors
2018/06/11 14:26:50 ERROR : 9/4/3: error listing: boom
2018/06/11 14:26:50 ERROR : 9/4/4: error listing: boom
2018/06/11 14:26:50 ERROR : 9/4/1: error listing: boom
2018/06/11 14:26:50 ERROR : 9/4/0: error listing: boom
2018/06/11 14:26:50 ERROR : 9/4/2: error listing: boom
2018/06/11 14:26:50 ERROR : 9/3/1: error listing: boom
--- PASS: TestWalkMultiErrors (0.00s)
=== RUN   TestWalkRMultiErrors
2018/06/11 14:26:50 ERROR : 2/0/0: error listing: boom
2018/06/11 14:26:50 ERROR : 2/1/0: error listing: boom
2018/06/11 14:26:50 ERROR : 7/0/0: error listing: boom
2018/06/11 14:26:50 ERROR : 2/3/0: error listing: boom
2018/06/11 14:26:50 ERROR : 8/0/0: error listing: boom
2018/06/11 14:26:50 ERROR : 2/2/0: error listing: boom
2018/06/11 14:26:50 ERROR : 7/2/0: error listing: boom
2018/06/11 14:26:50 ERROR : 2/1/2: error listing: boom
2018/06/11 14:26:50 ERROR : 5/1/1: error listing: boom
2018/06/11 14:26:50 ERROR : 2/1/3: error listing: boom
2018/06/11 14:26:50 ERROR : 7/4/1: error listing: boom
--- PASS: TestWalkRMultiErrors (0.00s)
=== RUN   TestWalkRDirTree
--- PASS: TestWalkRDirTree (0.00s)
=== RUN   TestWalkRDirTreeExclude
--- PASS: TestWalkRDirTreeExclude (0.00s)
PASS
ok  	github.com/ncw/rclone/fs/walk	0.024s
?   	github.com/ncw/rclone/fstest	[no test files]
?   	github.com/ncw/rclone/fstest/fstests	[no test files]
?   	github.com/ncw/rclone/fstest/mockdir	[no test files]
?   	github.com/ncw/rclone/fstest/mockobject	[no test files]
?   	github.com/ncw/rclone/fstest/test_all	[no test files]
?   	github.com/ncw/rclone/lib/atexit	[no test files]
?   	github.com/ncw/rclone/lib/dircache	[no test files]
?   	github.com/ncw/rclone/lib/oauthutil	[no test files]
=== RUN   TestNew
--- PASS: TestNew (0.00s)
=== RUN   TestSetSleep
--- PASS: TestSetSleep (0.00s)
=== RUN   TestGetSleep
--- PASS: TestGetSleep (0.00s)
=== RUN   TestSetMinSleep
--- PASS: TestSetMinSleep (0.00s)
=== RUN   TestSetMaxSleep
--- PASS: TestSetMaxSleep (0.00s)
=== RUN   TestMaxConnections
--- PASS: TestMaxConnections (0.00s)
=== RUN   TestSetDecayConstant
--- PASS: TestSetDecayConstant (0.00s)
=== RUN   TestDecay
--- PASS: TestDecay (0.00s)
=== RUN   TestSetAttackConstant
--- PASS: TestSetAttackConstant (0.00s)
=== RUN   TestAttack
--- PASS: TestAttack (0.00s)
=== RUN   TestSetRetries
--- PASS: TestSetRetries (0.00s)
=== RUN   TestSetPacer
--- PASS: TestSetPacer (0.00s)
=== RUN   TestBeginCall
--- PASS: TestBeginCall (0.01s)
=== RUN   TestBeginCallZeroConnections
--- PASS: TestBeginCallZeroConnections (0.01s)
=== RUN   TestDefaultPacer
--- PASS: TestDefaultPacer (0.00s)
=== RUN   TestAmazonCloudDrivePacer
--- PASS: TestAmazonCloudDrivePacer (0.00s)
=== RUN   TestGoogleDrivePacer
--- PASS: TestGoogleDrivePacer (0.00s)
=== RUN   TestEndCall
--- PASS: TestEndCall (0.00s)
=== RUN   TestEndCallZeroConnections
--- PASS: TestEndCallZeroConnections (0.00s)
=== RUN   Test_callNoRetry
--- PASS: Test_callNoRetry (0.00s)
=== RUN   Test_callRetry
--- PASS: Test_callRetry (0.02s)
=== RUN   TestCall
--- PASS: TestCall (0.04s)
=== RUN   TestCallNoRetry
--- PASS: TestCallNoRetry (0.00s)
=== RUN   TestTokenDispenser
--- PASS: TestTokenDispenser (0.00s)
PASS
ok  	github.com/ncw/rclone/lib/pacer	0.091s
=== RUN   TestReadFill
--- PASS: TestReadFill (0.00s)
=== RUN   TestRepeatableReader
--- PASS: TestRepeatableReader (0.00s)
PASS
ok  	github.com/ncw/rclone/lib/readers	0.003s
=== RUN   TestURLJoin
--- PASS: TestURLJoin (0.00s)
=== RUN   TestURLPathEscape
--- PASS: TestURLPathEscape (0.00s)
PASS
ok  	github.com/ncw/rclone/lib/rest	0.003s
=== RUN   TestCacheModeString
--- PASS: TestCacheModeString (0.00s)
=== RUN   TestCacheModeSet
--- PASS: TestCacheModeSet (0.00s)
=== RUN   TestCacheModeType
--- PASS: TestCacheModeType (0.00s)
=== RUN   TestCacheNew
2018/06/11 14:26:52 ERROR : : error listing: directory not found
--- PASS: TestCacheNew (0.00s)
	run.go:173: Remote "Local file system at /tmp/rclone894602152", Local "Local file system at /tmp/rclone024602343", Modify Window "1ns"
=== RUN   TestCacheOpens
2018/06/11 14:26:52 ERROR : : error listing: directory not found
--- PASS: TestCacheOpens (0.00s)
	run.go:173: Remote "Local file system at /tmp/rclone894602152", Local "Local file system at /tmp/rclone024602343", Modify Window "1ns"
=== RUN   TestCacheOpenMkdir
2018/06/11 14:26:52 ERROR : : error listing: directory not found
--- PASS: TestCacheOpenMkdir (0.00s)
	run.go:173: Remote "Local file system at /tmp/rclone894602152", Local "Local file system at /tmp/rclone024602343", Modify Window "1ns"
=== RUN   TestCacheCacheDir
2018/06/11 14:26:52 ERROR : : error listing: directory not found
--- PASS: TestCacheCacheDir (0.00s)
	run.go:173: Remote "Local file system at /tmp/rclone894602152", Local "Local file system at /tmp/rclone024602343", Modify Window "1ns"
=== RUN   TestCachePurgeOld
2018/06/11 14:26:52 ERROR : : error listing: directory not found
--- PASS: TestCachePurgeOld (0.00s)
	run.go:173: Remote "Local file system at /tmp/rclone894602152", Local "Local file system at /tmp/rclone024602343", Modify Window "1ns"
=== RUN   TestDirHandleMethods
--- PASS: TestDirHandleMethods (0.00s)
	run.go:173: Remote "Local file system at /tmp/rclone894602152", Local "Local file system at /tmp/rclone024602343", Modify Window "1ns"
=== RUN   TestDirHandleReaddir
--- PASS: TestDirHandleReaddir (0.00s)
	run.go:173: Remote "Local file system at /tmp/rclone894602152", Local "Local file system at /tmp/rclone024602343", Modify Window "1ns"
=== RUN   TestDirHandleReaddirnames
--- PASS: TestDirHandleReaddirnames (0.00s)
	run.go:173: Remote "Local file system at /tmp/rclone894602152", Local "Local file system at /tmp/rclone024602343", Modify Window "1ns"
=== RUN   TestDirMethods
--- PASS: TestDirMethods (0.00s)
	run.go:173: Remote "Local file system at /tmp/rclone894602152", Local "Local file system at /tmp/rclone024602343", Modify Window "1ns"
=== RUN   TestDirForgetAll
--- PASS: TestDirForgetAll (0.00s)
	run.go:173: Remote "Local file system at /tmp/rclone894602152", Local "Local file system at /tmp/rclone024602343", Modify Window "1ns"
=== RUN   TestDirForgetPath
--- PASS: TestDirForgetPath (0.00s)
	run.go:173: Remote "Local file system at /tmp/rclone894602152", Local "Local file system at /tmp/rclone024602343", Modify Window "1ns"
=== RUN   TestDirWalk
--- PASS: TestDirWalk (0.00s)
	run.go:173: Remote "Local file system at /tmp/rclone894602152", Local "Local file system at /tmp/rclone024602343", Modify Window "1ns"
=== RUN   TestDirSetModTime
--- PASS: TestDirSetModTime (0.00s)
	run.go:173: Remote "Local file system at /tmp/rclone894602152", Local "Local file system at /tmp/rclone024602343", Modify Window "1ns"
=== RUN   TestDirStat
--- PASS: TestDirStat (0.00s)
	run.go:173: Remote "Local file system at /tmp/rclone894602152", Local "Local file system at /tmp/rclone024602343", Modify Window "1ns"
=== RUN   TestDirReadDirAll
--- PASS: TestDirReadDirAll (0.00s)
	run.go:173: Remote "Local file system at /tmp/rclone894602152", Local "Local file system at /tmp/rclone024602343", Modify Window "1ns"
=== RUN   TestDirOpen
2018/06/11 14:26:52 ERROR : dir/: Can only open directories read only
--- PASS: TestDirOpen (0.00s)
	run.go:173: Remote "Local file system at /tmp/rclone894602152", Local "Local file system at /tmp/rclone024602343", Modify Window "1ns"
=== RUN   TestDirCreate
--- PASS: TestDirCreate (0.00s)
	run.go:173: Remote "Local file system at /tmp/rclone894602152", Local "Local file system at /tmp/rclone024602343", Modify Window "1ns"
=== RUN   TestDirMkdir
2018/06/11 14:26:52 ERROR : dir/: Dir.Mkdir failed to create directory: mkdir /tmp/rclone894602152/dir/file1: not a directory
--- PASS: TestDirMkdir (0.00s)
	run.go:173: Remote "Local file system at /tmp/rclone894602152", Local "Local file system at /tmp/rclone024602343", Modify Window "1ns"
=== RUN   TestDirRemove
2018/06/11 14:26:52 ERROR : dir/: Dir.Remove not empty
--- PASS: TestDirRemove (0.00s)
	run.go:173: Remote "Local file system at /tmp/rclone894602152", Local "Local file system at /tmp/rclone024602343", Modify Window "1ns"
=== RUN   TestDirRemoveAll
--- PASS: TestDirRemoveAll (0.00s)
	run.go:173: Remote "Local file system at /tmp/rclone894602152", Local "Local file system at /tmp/rclone024602343", Modify Window "1ns"
=== RUN   TestDirRemoveName
--- PASS: TestDirRemoveName (0.00s)
	run.go:173: Remote "Local file system at /tmp/rclone894602152", Local "Local file system at /tmp/rclone024602343", Modify Window "1ns"
=== RUN   TestDirRename
2018/06/11 14:26:52 ERROR : dir/not found: Dir.Rename error: file does not exist
--- PASS: TestDirRename (0.00s)
	run.go:173: Remote "Local file system at /tmp/rclone894602152", Local "Local file system at /tmp/rclone024602343", Modify Window "1ns"
=== RUN   TestErrorError
--- PASS: TestErrorError (0.00s)
=== RUN   TestFileMethods
--- PASS: TestFileMethods (0.00s)
	run.go:173: Remote "Local file system at /tmp/rclone894602152", Local "Local file system at /tmp/rclone024602343", Modify Window "1ns"
=== RUN   TestFileSetModTime
--- PASS: TestFileSetModTime (0.00s)
	run.go:173: Remote "Local file system at /tmp/rclone894602152", Local "Local file system at /tmp/rclone024602343", Modify Window "1ns"
=== RUN   TestFileOpenRead
--- PASS: TestFileOpenRead (0.00s)
	run.go:173: Remote "Local file system at /tmp/rclone894602152", Local "Local file system at /tmp/rclone024602343", Modify Window "1ns"
=== RUN   TestFileOpenWrite
--- PASS: TestFileOpenWrite (0.01s)
	run.go:173: Remote "Local file system at /tmp/rclone894602152", Local "Local file system at /tmp/rclone024602343", Modify Window "1ns"
=== RUN   TestFileRemove
--- PASS: TestFileRemove (0.00s)
	run.go:173: Remote "Local file system at /tmp/rclone894602152", Local "Local file system at /tmp/rclone024602343", Modify Window "1ns"
=== RUN   TestFileRemoveAll
--- PASS: TestFileRemoveAll (0.00s)
	run.go:173: Remote "Local file system at /tmp/rclone894602152", Local "Local file system at /tmp/rclone024602343", Modify Window "1ns"
=== RUN   TestFileOpen
2018/06/11 14:26:52 ERROR : dir/file1: Can't figure out how to open with flags: 0x3
--- PASS: TestFileOpen (0.00s)
	run.go:173: Remote "Local file system at /tmp/rclone894602152", Local "Local file system at /tmp/rclone024602343", Modify Window "1ns"
=== RUN   TestReadFileHandleMethods
--- PASS: TestReadFileHandleMethods (0.00s)
	run.go:173: Remote "Local file system at /tmp/rclone894602152", Local "Local file system at /tmp/rclone024602343", Modify Window "1ns"
=== RUN   TestReadFileHandleSeek
--- PASS: TestReadFileHandleSeek (0.00s)
	run.go:173: Remote "Local file system at /tmp/rclone894602152", Local "Local file system at /tmp/rclone024602343", Modify Window "1ns"
=== RUN   TestReadFileHandleReadAt
2018/06/11 14:26:52 ERROR : dir/file1: ReadFileHandle.Read error: Bad file descriptor
--- PASS: TestReadFileHandleReadAt (0.00s)
	run.go:173: Remote "Local file system at /tmp/rclone894602152", Local "Local file system at /tmp/rclone024602343", Modify Window "1ns"
=== RUN   TestReadFileHandleFlush
--- PASS: TestReadFileHandleFlush (0.00s)
	run.go:173: Remote "Local file system at /tmp/rclone894602152", Local "Local file system at /tmp/rclone024602343", Modify Window "1ns"
=== RUN   TestReadFileHandleRelease
--- PASS: TestReadFileHandleRelease (0.00s)
	run.go:173: Remote "Local file system at /tmp/rclone894602152", Local "Local file system at /tmp/rclone024602343", Modify Window "1ns"
=== RUN   TestRWFileHandleMethodsRead
--- PASS: TestRWFileHandleMethodsRead (0.00s)
	run.go:173: Remote "Local file system at /tmp/rclone894602152", Local "Local file system at /tmp/rclone024602343", Modify Window "1ns"
=== RUN   TestRWFileHandleSeek
--- PASS: TestRWFileHandleSeek (0.00s)
	run.go:173: Remote "Local file system at /tmp/rclone894602152", Local "Local file system at /tmp/rclone024602343", Modify Window "1ns"
=== RUN   TestRWFileHandleReadAt
--- PASS: TestRWFileHandleReadAt (0.00s)
	run.go:173: Remote "Local file system at /tmp/rclone894602152", Local "Local file system at /tmp/rclone024602343", Modify Window "1ns"
=== RUN   TestRWFileHandleFlushRead
--- PASS: TestRWFileHandleFlushRead (0.00s)
	run.go:173: Remote "Local file system at /tmp/rclone894602152", Local "Local file system at /tmp/rclone024602343", Modify Window "1ns"
=== RUN   TestRWFileHandleReleaseRead
--- PASS: TestRWFileHandleReleaseRead (0.00s)
	run.go:173: Remote "Local file system at /tmp/rclone894602152", Local "Local file system at /tmp/rclone024602343", Modify Window "1ns"
=== RUN   TestRWFileHandleMethodsWrite
--- PASS: TestRWFileHandleMethodsWrite (0.00s)
	run.go:173: Remote "Local file system at /tmp/rclone894602152", Local "Local file system at /tmp/rclone024602343", Modify Window "1ns"
=== RUN   TestRWFileHandleWriteAt
--- PASS: TestRWFileHandleWriteAt (0.00s)
	run.go:173: Remote "Local file system at /tmp/rclone894602152", Local "Local file system at /tmp/rclone024602343", Modify Window "1ns"
=== RUN   TestRWFileHandleWriteNoWrite
--- PASS: TestRWFileHandleWriteNoWrite (0.00s)
	run.go:173: Remote "Local file system at /tmp/rclone894602152", Local "Local file system at /tmp/rclone024602343", Modify Window "1ns"
=== RUN   TestRWFileHandleFlushWrite
--- PASS: TestRWFileHandleFlushWrite (0.00s)
	run.go:173: Remote "Local file system at /tmp/rclone894602152", Local "Local file system at /tmp/rclone024602343", Modify Window "1ns"
=== RUN   TestRWFileHandleReleaseWrite
--- PASS: TestRWFileHandleReleaseWrite (0.00s)
	run.go:173: Remote "Local file system at /tmp/rclone894602152", Local "Local file system at /tmp/rclone024602343", Modify Window "1ns"
=== RUN   TestRWFileHandleOpenTests
2018/06/11 14:26:52 ERROR : open-test-file: File.openRW failed: file already exists
2018/06/11 14:26:52 ERROR : open-test-file: File.openRW failed: file already exists
2018/06/11 14:26:52 ERROR : open-test-file: File.openRW failed: file already exists
2018/06/11 14:26:52 ERROR : open-test-file: File.openRW failed: file already exists
2018/06/11 14:26:52 ERROR : open-test-file: File.openRW failed: file already exists
2018/06/11 14:26:52 ERROR : open-test-file: File.openRW failed: file already exists
2018/06/11 14:26:52 ERROR : open-test-file: File.openRW failed: file already exists
2018/06/11 14:26:52 ERROR : open-test-file: File.openRW failed: file already exists
2018/06/11 14:26:52 ERROR : open-test-file: File.openRW failed: file already exists
2018/06/11 14:26:52 ERROR : open-test-file: File.openRW failed: file already exists
2018/06/11 14:26:52 ERROR : open-test-file: File.openRW failed: file already exists
2018/06/11 14:26:52 ERROR : open-test-file: File.openRW failed: file already exists
2018/06/11 14:26:52 ERROR : open-test-file: File.openRW failed: file already exists
2018/06/11 14:26:52 ERROR : open-test-file: File.openRW failed: file already exists
2018/06/11 14:26:52 ERROR : open-test-file: File.openRW failed: file already exists
2018/06/11 14:26:52 ERROR : open-test-file: File.openRW failed: file already exists
2018/06/11 14:26:52 ERROR : open-test-file: File.openRW failed: file already exists
2018/06/11 14:26:52 ERROR : open-test-file: File.openRW failed: file already exists
2018/06/11 14:26:52 ERROR : open-test-file: File.openRW failed: file already exists
2018/06/11 14:26:52 ERROR : open-test-file: File.openRW failed: file already exists
--- PASS: TestRWFileHandleOpenTests (0.10s)
	run.go:173: Remote "Local file system at /tmp/rclone894602152", Local "Local file system at /tmp/rclone024602343", Modify Window "1ns"
=== RUN   TestRWFileModTimeWithOpenWriters
--- PASS: TestRWFileModTimeWithOpenWriters (0.00s)
	run.go:173: Remote "Local file system at /tmp/rclone894602152", Local "Local file system at /tmp/rclone024602343", Modify Window "1ns"
=== RUN   TestVFSbaseHandle
--- PASS: TestVFSbaseHandle (0.00s)
=== RUN   TestVFSNew
--- PASS: TestVFSNew (0.00s)
	run.go:173: Remote "Local file system at /tmp/rclone894602152", Local "Local file system at /tmp/rclone024602343", Modify Window "1ns"
=== RUN   TestVFSRoot
--- PASS: TestVFSRoot (0.00s)
	run.go:173: Remote "Local file system at /tmp/rclone894602152", Local "Local file system at /tmp/rclone024602343", Modify Window "1ns"
=== RUN   TestVFSStat
--- PASS: TestVFSStat (0.00s)
	run.go:173: Remote "Local file system at /tmp/rclone894602152", Local "Local file system at /tmp/rclone024602343", Modify Window "1ns"
=== RUN   TestVFSStatParent
--- PASS: TestVFSStatParent (0.00s)
	run.go:173: Remote "Local file system at /tmp/rclone894602152", Local "Local file system at /tmp/rclone024602343", Modify Window "1ns"
=== RUN   TestVFSOpenFile
--- PASS: TestVFSOpenFile (0.00s)
	run.go:173: Remote "Local file system at /tmp/rclone894602152", Local "Local file system at /tmp/rclone024602343", Modify Window "1ns"
=== RUN   TestVFSRename
--- PASS: TestVFSRename (0.00s)
	run.go:173: Remote "Local file system at /tmp/rclone894602152", Local "Local file system at /tmp/rclone024602343", Modify Window "1ns"
=== RUN   TestVFSStatfs
--- PASS: TestVFSStatfs (0.00s)
	run.go:173: Remote "Local file system at /tmp/rclone894602152", Local "Local file system at /tmp/rclone024602343", Modify Window "1ns"
=== RUN   TestWriteFileHandleMethods
2018/06/11 14:26:52 ERROR : file1: WriteFileHandle: Read: Can't read and write to file without --vfs-cache-mode >= minimal
2018/06/11 14:26:52 ERROR : file1: WriteFileHandle: ReadAt: Can't read and write to file without --vfs-cache-mode >= minimal
2018/06/11 14:26:52 ERROR : file1: WriteFileHandle: Truncate: Can't change size without --vfs-cache-mode >= writes
2018/06/11 14:26:52 ERROR : file1: WriteFileHandle: Can't open for write without O_TRUNC on existing file without --vfs-cache-mode >= writes
--- PASS: TestWriteFileHandleMethods (0.00s)
	run.go:173: Remote "Local file system at /tmp/rclone894602152", Local "Local file system at /tmp/rclone024602343", Modify Window "1ns"
=== RUN   TestWriteFileHandleWriteAt
2018/06/11 14:26:52 ERROR : file1: WriteFileHandle.Write: can't seek in file without --vfs-cache-mode >= writes
2018/06/11 14:26:52 ERROR : file1: WriteFileHandle.Write: error: Bad file descriptor
--- PASS: TestWriteFileHandleWriteAt (0.00s)
	run.go:173: Remote "Local file system at /tmp/rclone894602152", Local "Local file system at /tmp/rclone024602343", Modify Window "1ns"
=== RUN   TestWriteFileHandleFlush
--- PASS: TestWriteFileHandleFlush (0.00s)
	run.go:173: Remote "Local file system at /tmp/rclone894602152", Local "Local file system at /tmp/rclone024602343", Modify Window "1ns"
=== RUN   TestWriteFileHandleRelease
--- PASS: TestWriteFileHandleRelease (0.00s)
	run.go:173: Remote "Local file system at /tmp/rclone894602152", Local "Local file system at /tmp/rclone024602343", Modify Window "1ns"
=== RUN   TestWriteFileModTimeWithOpenWriters
--- PASS: TestWriteFileModTimeWithOpenWriters (0.00s)
	run.go:173: Remote "Local file system at /tmp/rclone894602152", Local "Local file system at /tmp/rclone024602343", Modify Window "1ns"
PASS
ok  	github.com/ncw/rclone/vfs	0.160s
?   	github.com/ncw/rclone/vfs/vfsflags	[no test files]
